12-09 09:52:33.728 D/DaemonRequest( 2649):  DaemonRequest obtain request 3  rr.mSerial = 77938
12-09 09:52:33.728 D/DaemonClientThread( 2649): send  1
12-09 09:52:33.728 D/ParaManager( 2649): onScreenStatusChanged, status:7
12-09 09:52:33.728 I/ArHal   (  632): (ar_enable_activity_event:1313):activity[4] event[2] latency[200000000000 ns]
12-09 09:52:33.728 D/ParaManager( 2649): updateScreenStatus  screenStatus = 2
12-09 09:52:33.728 D/Hicom_SysEnvMonitor( 2649): onScreenStatusChanged, status: 7
12-09 09:52:33.728 D/DaemonClientSender( 2649): receive 1
12-09 09:52:33.728 D/MobileDataControl( 2649): onScreenStatusChanged status=7 isScreenOn=false
12-09 09:52:33.728 D/SmartMpControl( 2649): onScreenStatusChanged, status:7
12-09 09:52:33.728 D/FIControl( 2649): onScreenStatusChanged, status = 7
12-09 09:52:33.728 D/HicomMonitor( 2649): onScreenStatusChanged is called
12-09 09:52:33.728 I/ArHal   (  632): (ar_data_enable_activity_event:619):successfully
12-09 09:52:33.728 D/Hicom_PolicyCenterService( 2649): disableAllUidUseMobile() called
12-09 09:52:33.728 D/DaemonClientSender( 2649): writing packet 16 bytes
12-09 09:52:33.729 D/ARMoudle.ARService( 2649): com.huawei.msdp.devicestatus.a.a 2:200000000000
12-09 09:52:33.729 D/emcomd  (  783): [EMCOMD_Socket] processCommandBuffer# processCommandBuffer request 3 token 77938 
12-09 09:52:33.729 I/ArHal   (  632): (ar_data_get_state:1235):id[2]
12-09 09:52:33.729 D/emcomd  (  783): [EMCOMD] emcom_set_screen_state# emcom_set_screen_state set screen state from 6 to 7
12-09 09:52:33.729 D/emcomd  (  783): [EMCOMD] emcomd_xengine_convertInnerMsg# emcomd_xengine_convertInnerMsg, the request is 2. 
12-09 09:52:33.729 D/emcomd  (  783): [EMCOMD] Xengine_PutMsg# Xengine_PutMsg current lMsgId is 2. 
12-09 09:52:33.729 D/DaemonClientReceiver( 2649): read packet 20 bytes
12-09 09:52:33.729 D/DaemonClientThread( 2649): read processResponse  type = 0
12-09 09:52:33.729 D/DaemonClientThread( 2649):   Serial   = 77938   errorNo  = 0
12-09 09:52:33.729 D/DaemonClientThread( 2649):   processReply request is 3
12-09 09:52:33.729 D/DaemonClientThread( 2649):   processReply result is 1
12-09 09:52:33.729 D/emcomd  (  783): [EMCOMD] xengine_msg_handler# xengine_msg_handler,msgid:2
12-09 09:52:33.729 D/emcomd  (  783): [HicomdPolicyManager     ] EventCallback# AsEventCallback enEvent:2
12-09 09:52:33.729 D/emcomd  (  783): [HicomdPolicyManager     ] handleScreenStatusChange# handlerScreenStatus  type = 7
12-09 09:52:33.729 D/emcomd  (  783): [HicomdPolicyManager     ] stopEvaluateNetwork# Network Evaluation hasn't been started yet. 
12-09 09:52:33.729 D/emcomd  (  783): [HicomdPolicyManager     ] stopSpeedControl# speed control hasn't been started yet. 
12-09 09:52:33.729 D/emcomd  (  783): [HicomdPolicyManager     ] stopFastSync# fastsync hasn't been started yet. 
12-09 09:52:33.729 D/emcomd  (  783): [HicomdPolicyManager     ] stopUdpAcc# udp acc hasn't been started yet. 
12-09 09:52:33.731 I/ArHal   (  632): (ar_data_netlink_cb:821):cmd[2].length[240]
12-09 09:52:33.731 W/ArHal   (  632): (ar_data_get_activity_index:199):invalid activity[31]
12-09 09:52:33.731 W/ArHal   (  632): (ar_data_get_state:1266):unknown activity[31], discard
12-09 09:52:33.731 D/ARMoudle.ARService( 2649): onActivityChanged...
12-09 09:52:33.733 I/iMonitor( 2685): create: 942022000
12-09 09:52:33.733 I/iMonitor( 2685): send: 942022000
12-09 09:52:33.733 D/ARMoudle.HwActivityRecognition( 2685): enableActivityEvent
12-09 09:52:33.733 D/ARMoudle.HwActivityRecognition( 2685): android.activity_recognition.walking,1,200000000000
12-09 09:52:33.733 D/KeyguardViewMediator(15860): send keyguard locked intent
12-09 09:52:33.734 I/ArHal   (  632): (ar_enable_activity_event:1313):activity[2] event[1] latency[200000000000 ns]
12-09 09:52:33.734 I/ArHal   (  632): (ar_data_enable_activity_event:619):successfully
12-09 09:52:33.734 D/ARMoudle.ARService( 2649): com.huawei.msdp.movement.f 2:200000000000
12-09 09:52:33.734 I/ArHal   (  632): (ar_data_get_state:1235):id[2]
12-09 09:52:33.735 W/ArHal   (  632): (ar_data_get_activity_index:199):invalid activity[31]
12-09 09:52:33.735 W/ArHal   (  632): (ar_data_get_state:1266):unknown activity[31], discard
12-09 09:52:33.735 I/ArHal   (  632): (ar_data_netlink_cb:821):cmd[2].length[240]
12-09 09:52:33.736 D/ARMoudle.ARService( 2649): onActivityChanged...
12-09 09:52:33.736 V/KG_FP.KUM(15860): FingerStat showing: true; Interactive: false; Switching: false; Bouncer:false; GoingToSleep: false Occluded: false; dreaming: false; Authenticated: false
12-09 09:52:33.736 I/iMonitor( 2685): create: 942022000
12-09 09:52:33.736 W/DisabledFeatureUtils(15860): Dis-Feature : 0
12-09 09:52:33.736 I/iMonitor( 2685): send: 942022000
12-09 09:52:33.736 D/ARMoudle.HwActivityRecognition( 2685): enableActivityEvent
12-09 09:52:33.736 D/ARMoudle.HwActivityRecognition( 2685): android.activity_recognition.walking,2,200000000000
12-09 09:52:33.737 I/KG_FP.KUM(15860): Ignore update FP: 1 true
12-09 09:52:33.737 I/ArHal   (  632): (ar_enable_activity_event:1313):activity[2] event[2] latency[200000000000 ns]
12-09 09:52:33.737 I/ArHal   (  632): (ar_data_enable_activity_event:619):successfully
12-09 09:52:33.737 I/HwKeyguardBottomArea(15860): checkBottomVisibility bouncer: false; show:true
12-09 09:52:33.737 D/MagazineDetailView(15860): resetToTimeView 
12-09 09:52:33.737 D/ARMoudle.ARService( 2649): com.huawei.msdp.movement.f 2:200000000000
12-09 09:52:33.737 D/MagazineDetailView(15860): resetPagerState
12-09 09:52:33.737 W/KgDragState(15860): setState = 0
12-09 09:52:33.737 W/KgDragState(15860): setState = 0
12-09 09:52:33.737 I/ArHal   (  632): (ar_data_get_state:1235):id[2]
12-09 09:52:33.737 D/MagazineDetailView(15860): setTranslationY = 0.0 @ 470.0
12-09 09:52:33.737 D/HwKeyguardBottomArea(15860): progress = 0.0, threadname = main
12-09 09:52:33.738 D/HwKeyguardBottomArea(15860): addLiftSensorView, threadname = main
12-09 09:52:33.738 W/ArHal   (  632): (ar_data_get_activity_index:199):invalid activity[31]
12-09 09:52:33.738 W/ArHal   (  632): (ar_data_get_state:1266):unknown activity[31], discard
12-09 09:52:33.738 W/HwKgdBArea_BTY(15860): updateBatteryInfo : false showBatteryInfo:  true isShowChargingFpDisplay:  false
12-09 09:52:33.738 W/HwKgdBArea_BTY(15860): updateBatteryInfo : false showBatteryInfo:  true isShowChargingFpDisplay:  false
12-09 09:52:33.739 W/HwLockScreenPanel(15860): Handle message: 15
12-09 09:52:33.739 I/DateLunarView(15860): MSG_KEYGUARD_SHOWING  updateLocalCalender
12-09 09:52:33.739 I/LocalCalendar(15860): CalendarId: 0001LocalCalender On
12-09 09:52:33.739 I/DateLunarView(15860): MSG_KEYGUARD_SHOWING  updateLocalCalender
12-09 09:52:33.739 I/ArHal   (  632): (ar_data_netlink_cb:821):cmd[2].length[240]
12-09 09:52:33.739 I/LocalCalendar(15860): CalendarId: 0001LocalCalender On
12-09 09:52:33.739 W/MagazineProvider(15860): check invalid caller: 10026
12-09 09:52:33.739 W/HwBackDropView(15860): MSG_FINISHED_GOING_SLEEP isQsExpanded false
12-09 09:52:33.739 I/HwBackDropView(15860): restore param to 0
12-09 09:52:33.739 W/HwBackDropView(15860): setAnimationParamInner 0.0   0
12-09 09:52:33.739 I/HwBackDropView(15860): checkVisibility : true; true
12-09 09:52:33.739 I/DateLunarView(15860): MSG_KEYGUARD_SHOWING  updateLocalCalender
12-09 09:52:33.739 I/LocalCalendar(15860): CalendarId: 0001LocalCalender On
12-09 09:52:33.739 D/ARMoudle.ARService( 2649): onActivityChanged...
12-09 09:52:33.740 I/EmergencyButton(15860): updateEmergencyCallButtonView true false, text 
12-09 09:52:33.740 I/EmergencyButton(15860): updateEmergencyCallButtonView true false, text 
12-09 09:52:33.740 W/HwLockScreenPanel(15860): Handle message: 7
12-09 09:52:33.740 V/KG_FP.KUM(15860): FingerStat showing: true; Interactive: false; Switching: false; Bouncer:false; GoingToSleep: false Occluded: false; dreaming: false; Authenticated: false
12-09 09:52:33.741 W/DisabledFeatureUtils(15860): Dis-Feature : 0
12-09 09:52:33.741 I/KG_FP.KUM(15860): Ignore update FP: 1 true
12-09 09:52:33.742 D/StatusBar(15860): disable<e I a S b H!R!c na S!> disable2<Q i n >
12-09 09:52:33.742 I/HiBoard_10.0.8.310_HiBoardProvider(18136): call method: getUserProtocolState
12-09 09:52:33.742 I/HwNavigationBarFragment(15860): disable: < back HOME RECENT SEARCH >
12-09 09:52:33.742 W/HwKeyguardBottomArea(15860): refresh Charge status layout when dp changed
12-09 09:52:33.742 W/HwKeyguardBottomArea(15860): refresh Charge status layout when dp changed
12-09 09:52:33.742 D/ToolBoxView(15860): mOrderShortCutLayout
12-09 09:52:33.742 V/ToolBoxView(15860): icon 4 is visible: true
12-09 09:52:33.742 D/ToolBoxView(15860): mOrderShortCutLayout
12-09 09:52:33.742 V/ToolBoxView(15860): icon 3 is visible: true
12-09 09:52:33.742 D/ToolBoxView(15860): mOrderShortCutLayout
12-09 09:52:33.742 V/ToolBoxView(15860): icon 2 is visible: true
12-09 09:52:33.742 D/ToolBoxView(15860): mOrderShortCutLayout
12-09 09:52:33.742 V/ToolBoxView(15860): icon 1 is visible: true
12-09 09:52:33.742 D/ToolBoxView(15860): mOrderShortCutLayout
12-09 09:52:33.742 V/ToolBoxView(15860): icon 0 is visible: true
12-09 09:52:33.742 D/ToolBoxView(15860): mOrderIconExpandViews
12-09 09:52:33.742 D/ToolBoxView(15860): mOrderIconExpandViews
12-09 09:52:33.743 I/HiBoard_10.0.8.310_IntelligentProvider( 3656): query data
12-09 09:52:33.744 I/chatty  ( 2665): uid=1000(system) OdmfRecvThread expire 1 line
12-09 09:52:33.744 I/chatty  ( 2665): uid=1000(system) OdmfCtrlThread expire 2 lines
12-09 09:52:33.744 I/chatty  ( 2665): uid=1000(system) OdmfDataThread expire 2 lines
12-09 09:52:33.745 D/CameraLayout(15860): onWindowFocusChanged hasWindowFocus = true
12-09 09:52:33.745 I/ToolBoxView(15860): updateFlashlightViewInner:isAvailabletrue;isEnabledfalse;lightControllercom.android.systemui.statusbar.policy.FlashlightController@3483963
12-09 09:52:33.745 I/HwKeyguardBottomArea(15860): checkBottomVisibility bouncer: false; show:true
12-09 09:52:33.745 D/MagazineDetailView(15860): resetToTimeView 
12-09 09:52:33.745 D/MagazineDetailView(15860): resetPagerState
12-09 09:52:33.745 W/KgDragState(15860): setState = 0
12-09 09:52:33.745 W/KgDragState(15860): setState = 0
12-09 09:52:33.745 D/MagazineDetailView(15860): setTranslationY = 0.0 @ 470.0
12-09 09:52:33.745 D/HwKeyguardBottomArea(15860): progress = 0.0, threadname = main
12-09 09:52:33.745 D/HwKeyguardBottomArea(15860): addLiftSensorView, threadname = main
12-09 09:52:33.746 W/HwKgdBArea_BTY(15860): updateBatteryInfo : false showBatteryInfo:  true isShowChargingFpDisplay:  false
12-09 09:52:33.746 W/HwKgdBArea_BTY(15860): updateBatteryInfo : false showBatteryInfo:  true isShowChargingFpDisplay:  false
12-09 09:52:33.747 W/HwLockScreenPanel(15860): Handle message: 10
12-09 09:52:33.747 I/HwBackDropView(15860): restore param to 0
12-09 09:52:33.747 W/HwBackDropView(15860): setAnimationParamInner 0.0   0
12-09 09:52:33.747 I/HwBackDropView(15860): checkVisibility : true; true
12-09 09:52:33.747 I/MagazineView(15860): forceToUpdate imageView
12-09 09:52:33.747 I/HwBackDropView(15860): when SIM state changed, check to update fyuse pic
12-09 09:52:33.747 W/MagazineProvider(15860): check invalid caller: 10026
12-09 09:52:33.748 I/KeyguardUtils(15860): fpPath=sys/class/hw_power/charger/charge_data/chargerType, value=0
12-09 09:52:33.748 I/MsgReceiver( 2713): intent action: android.intent.action.SCREEN_OFF
12-09 09:52:33.748 I/KeyguardUtils(15860): fpPath=sys/class/hw_power/charger/charge_data/chargerType, value=0
12-09 09:52:33.749 I/KeyguardUtils(15860): fpPath=sys/class/hw_power/charger/charge_data/chargerType, value=0
12-09 09:52:33.749 D/KgBattery(15860): BatteryInfo2: false; true; true; false; false; true
12-09 09:52:33.750 I/HiBoard_10.0.8.310_IntelligentIntentService( 3656): eventAction :class com.huawei.intelligent.main.receiver.action.a
12-09 09:52:33.750 I/HiBoard_10.0.8.310_IntelligentProvider( 3656): Provider.call: getPrefBoolean
12-09 09:52:33.750 I/chatty  ( 3656): uid=10028 com.huawei.intelligent:intelligentService identical 1 line
12-09 09:52:33.750 I/HiBoard_10.0.8.310_IntelligentProvider( 3656): Provider.call: getPrefBoolean
12-09 09:52:33.751 I/HiBoard_10.0.8.310_a( 3656): doAction COMMUTE_SHOULD_UPDATE_NOTI_FLAG is false
12-09 09:52:33.751 I/PGServer( 2713): getTopFrontApp. calling pkg: com.huawei.iaware
12-09 09:52:33.759 D/SensorHub(  821): batch called handle:17 sample_ns:1000000 latency_ns:0
12-09 09:52:33.759 D/SensorHub(  821): in batch, handle = 17, flags = 0, period_ns = 1000000, timeout = 0
12-09 09:52:33.760 W/PanelView(15860): set notification panel padding = 2238
12-09 09:52:33.760 W/HwBackDropView(15860): setAnimationParamInner 0.0   0
12-09 09:52:33.760 W/View    (15860): requestLayout() improperly called by com.android.systemui.statusbar.phone.NotificationsQuickSettingsContainer{8e674d6 V.E...... ......ID 0,0-1080,2244 #7f0a0381 app:id/notification_container_parent} during layout: running second layout pass
12-09 09:52:33.761 W/View    (15860): requestLayout() improperly called by com.android.systemui.statusbar.stack.NotificationStackScrollLayout{c3265fa V.ED..... ......ID 12,0-1068,2034 #7f0a0394 app:id/notification_stack_scroller} during layout: running second layout pass
12-09 09:52:33.761 W/PanelView(15860): set notification panel padding = 2238
12-09 09:52:33.761 W/HwBackDropView(15860): setAnimationParamInner 0.0   0
12-09 09:52:33.763 W/BokehDrawable(15860): drawScrim colorB: 0  0
12-09 09:52:33.763 W/BokehDrawable(15860): drawScrim colorB: 0  0
12-09 09:52:33.764 I/        (  476): CheckPropValue: ro.hardware : kirin980
12-09 09:52:33.764 I/        (  476): CheckPropValue: ro.runmode : normal
12-09 09:52:33.768 I/GRALLOC (  645): getCallingPid=682, shrFd=32,fmt=0x1,intFmt=0x200000001,btStrd=4352,size=9973760,pid=645 
12-09 09:52:33.768 I/GRALLOC (  645): 	 yuv=2,w=1080,h=2244,Stride u=0 v=0,offset u=0 v=0 
12-09 09:52:33.768 I/GRALLOC (  645): 	 iova_size=9973760,conUsg=0xb00,proUsg=0xb00,	 strd=1088,[afbc]HdrStrd=1088 PyldStrd=69632 Scrmbl=2,ionhnd = 1 
12-09 09:52:33.774 D/HwLBSService DeviceStatusMonitor( 2633): DEVICE_SCREEN_STATE_OFF
12-09 09:52:33.774 D/HwLBSService HigeoLocationManager( 2633): receive message: 8
12-09 09:52:33.774 D/HwLBSService FusionDaemonManager( 2633): sendScreenState state : 0
12-09 09:52:33.774 D/HwLBSService FusionDaemonManager( 2633): Get getIFusdLbsService service not null.
12-09 09:52:33.774 W/FusionD (  840): (fd_on_lbs_msg:690):Maybe gnss has not start.
12-09 09:52:33.774 I/FusionD (  840): (sendScreenState:148):FusdLbs: sendScreenState.
12-09 09:52:33.782 W/HwKeyguardBottomArea(15860): refresh Charge status layout when dp changed
12-09 09:52:33.782 E/BrcmNfcJni(12523): nfcManager_doSetScreenOrPowerState: Enter with state: 2
12-09 09:52:33.782 D/BrcmNfcJni(12523): nfcManager_doSetScreenState: Enter state = 2
12-09 09:52:33.782 W/HwKeyguardBottomArea(15860): refresh Charge status layout when dp changed
12-09 09:52:33.782 D/BrcmNfcJni(12523): SetScreenState start.
12-09 09:52:33.782 D/BrcmNfcJni(12523): startRfDiscovery: start, is start=0
12-09 09:52:33.782 W/HwKeyguardBottomArea(15860): refresh Charge status layout when dp changed
12-09 09:52:33.782 I/BrcmNfcNfa(12523): nfa_dm_rf_deactivate () deactivate_type:0x0 nfa_dm_cb.disc_cb.disc_state=0x1,nfa_dm_cb.disc_cb.activated_protocol=0xff, nfa_dm_cb.disc_cb.kovio_tle.in_use=0x0
12-09 09:52:33.782 I/BrcmNfcNfa(12523): nfa_dm_disc_sm_execute (): state: DISCOVERY (1), event: DEACTIVATE_CMD(6) disc_flags: 0x2
12-09 09:52:33.782 D/NxpExtns(  674): find found MIFARE_READER_ENABLE=(0x1)
12-09 09:52:33.783 I/ColorPickUitls(15860): type = 2
12-09 09:52:33.783 W/HwKeyguardBottomArea(15860): refresh Charge status layout when dp changed
12-09 09:52:33.783 W/HwKeyguardBottomArea(15860): refresh Charge status layout when dp changed
12-09 09:52:33.784 W/PanelView(15860): set notification panel padding = 2238
12-09 09:52:33.784 W/HwBackDropView(15860): setAnimationParamInner 0.0   0
12-09 09:52:33.785 D/NetworkController.MobileSignalController(1)(15860): mSimSubId:1 onDataActivity: direction=0
12-09 09:52:33.787 I/[HwRecSys]EnrollController(13570): onScreenChange:false
12-09 09:52:33.787 I/[HwRecSys]EnrollController(13570): direct service is close no need enroll!
12-09 09:52:33.787 I/        (13484):  CAWARENESS: onSystemSingleEventChanged() type : 10 status : 4 action : 2
12-09 09:52:33.788 D/NxpHal  (  674): write successful status = 0x0
12-09 09:52:33.789 D/NxpHal  (  674): read successful status = 0x0
12-09 09:52:33.789 I/BrcmNfcNfa(12523): nfa_dm_disc_sm_execute (): state: DISCOVERY (1), event: DEACTIVATE_RSP(7) disc_flags: 0x22
12-09 09:52:33.789 I/BrcmNfcJni(12523): nfaConnectionCallback: Connection Event = 31
12-09 09:52:33.789 I/BrcmNfcJni(12523): nfaConnectionCallback: NFA_RF_DISCOVERY_STOPPED_EVT: status = 0x0
12-09 09:52:33.789 D/BrcmNfcJni(12523): notifyPollingEventwhileNfcOff: sDiscCmdwhleNfcOff=0
12-09 09:52:33.789 D/BrcmNfcJni(12523): startRfDiscovery: is exit=0
12-09 09:52:33.790 I/BrcmNfcJni(12523): nfaConnectionCallback: Connection Event = 1
12-09 09:52:33.790 D/BrcmNfcJni(12523): nfaConnectionCallback: NFA_POLL_DISABLED_EVT: status = 0x0
12-09 09:52:33.790 D/NxpExtns(  674): find found MIFARE_READER_ENABLE=(0x1)
12-09 09:52:33.791 I/HiDecision(13570): SystemStateReceiver: Training interval less than one day
12-09 09:52:33.791 D/NxpHal  (  674): write successful status = 0x0
12-09 09:52:33.792 D/NxpHal  (  674): read successful status = 0x0
12-09 09:52:33.793 D/BrcmNfcJni(12523): startRfDiscovery: start, is start=1
12-09 09:52:33.793 D/NxpExtns(  674): find found MIFARE_READER_ENABLE=(0x1)
12-09 09:52:33.794 D/NxpHal  (  674): > Polling Loop Started
12-09 09:52:33.794 D/NxpHal  (  674): write successful status = 0x0
12-09 09:52:33.796 D/NxpHal  (  674): read successful status = 0x0
12-09 09:52:33.797 I/BrcmNfcNfa(12523): nfa_dm_disc_sm_execute (): state: IDLE (0), event: DISCOVER_RSP(1) disc_flags: 0x31
12-09 09:52:33.797 I/BrcmNfcJni(12523): nfaConnectionCallback: Connection Event = 30
12-09 09:52:33.797 D/BrcmNfcJni(12523): nfaConnectionCallback: NFA_RF_DISCOVERY_STARTED_EVT: status = 0x0
12-09 09:52:33.797 D/BrcmNfcJni(12523): startRfDiscovery: is exit=1
12-09 09:52:33.797 D/BrcmNfcJni(12523): StoreScreenState: enter
12-09 09:52:33.797 D/BrcmNfcJni(12523): StoreScreenState: exit
12-09 09:52:33.797 D/BrcmNfcJni(12523): nfcManager_doSetScreenState: auto_num : 0  sAutonomousSet : 0  sRfFieldOff : 1
12-09 09:52:33.797 D/BrcmNfcJni(12523): nfcManager_doSetScreenState: Exit
12-09 09:52:33.799 D/BrcmNfcJni(12523): nfcManager_disableDiscovery: enter;
12-09 09:52:33.799 D/BrcmNfcJni(12523): startRfDiscovery: start, is start=0
12-09 09:52:33.799 I/BrcmNfcNfa(12523): nfa_dm_rf_deactivate () deactivate_type:0x0 nfa_dm_cb.disc_cb.disc_state=0x1,nfa_dm_cb.disc_cb.activated_protocol=0xff, nfa_dm_cb.disc_cb.kovio_tle.in_use=0x0
12-09 09:52:33.799 I/BrcmNfcNfa(12523): nfa_dm_disc_sm_execute (): state: DISCOVERY (1), event: DEACTIVATE_CMD(6) disc_flags: 0x2
12-09 09:52:33.799 D/NxpExtns(  674): find found MIFARE_READER_ENABLE=(0x1)
12-09 09:52:33.800 D/NxpHal  (  674): write successful status = 0x0
12-09 09:52:33.801 D/NxpHal  (  674): read successful status = 0x0
12-09 09:52:33.801 I/BrcmNfcNfa(12523): nfa_dm_disc_sm_execute (): state: DISCOVERY (1), event: DEACTIVATE_RSP(7) disc_flags: 0x22
12-09 09:52:33.801 I/BrcmNfcJni(12523): nfaConnectionCallback: Connection Event = 31
12-09 09:52:33.801 I/BrcmNfcJni(12523): nfaConnectionCallback: NFA_RF_DISCOVERY_STOPPED_EVT: status = 0x0
12-09 09:52:33.801 D/BrcmNfcJni(12523): notifyPollingEventwhileNfcOff: sDiscCmdwhleNfcOff=0
12-09 09:52:33.801 D/BrcmNfcJni(12523): startRfDiscovery: is exit=0
12-09 09:52:33.801 D/BrcmNfcJni(12523): stopPolling_rfDiscoveryDisabled: disable polling
12-09 09:52:33.801 I/BrcmNfcJni(12523): nfaConnectionCallback: Connection Event = 1
12-09 09:52:33.801 D/BrcmNfcJni(12523): nfaConnectionCallback: NFA_POLL_DISABLED_EVT: status = 0x3
12-09 09:52:33.802 D/BrcmNfcJni(12523): stopPolling_rfDiscoveryDisabled: exit
12-09 09:52:33.802 I/BrcmNfcJni(12523): nfaConnectionCallback: Connection Event = 33
12-09 09:52:33.802 D/BrcmNfcJni(12523): nfaConnectionCallback: NFA_SET_P2P_LISTEN_TECH_EVT
12-09 09:52:33.802 I/BrcmNfcJni(12523): nfaConnectionCallback: Connection Event = 38
12-09 09:52:33.802 D/BrcmNfcJni(12523): nfcManager_disableDiscovery,ret = 5,screenoff = false, gSEScreenoffState = 1
12-09 09:52:33.802 E/BrcmNfcJni(12523): nfaConnectionCallback: unknown event ????
12-09 09:52:33.802 D/BrcmNfcJni(12523): SecureElement::getEseHandleFromGenericId: enter; ESE-ID = 0x02
12-09 09:52:33.802 D/BrcmNfcJni(12523): SecureElement::getEseHandleFromGenericId: enter; ESE-Handle = 0x402
12-09 09:52:33.802 I/BrcmNfcJni(12523): nfaConnectionCallback: Connection Event = 29
12-09 09:52:33.802 D/BrcmNfcJni(12523): nfaConnectionCallback: NFA_CE_UICC_LISTEN_CONFIGURED_EVT : status = 0x0
12-09 09:52:33.802 D/BrcmNfcJni(12523): connectionEventHandler: enter
12-09 09:52:33.803 D/BrcmNfcJni(12523): connectionEventHandler: exit
12-09 09:52:33.803 E/BrcmNfcNfa(12523): UICC/ESE[0x402] is not activated
12-09 09:52:33.803 I/BrcmNfcJni(12523): nfaConnectionCallback: Connection Event = 29
12-09 09:52:33.803 D/BrcmNfcJni(12523): nfaConnectionCallback: NFA_CE_UICC_LISTEN_CONFIGURED_EVT : status = 0x0
12-09 09:52:33.803 D/BrcmNfcJni(12523): connectionEventHandler: enter
12-09 09:52:33.803 D/BrcmNfcJni(12523): connectionEventHandler: exit
12-09 09:52:33.803 D/BrcmNfcJni(12523): startRfDiscovery: start, is start=1
12-09 09:52:33.804 D/NxpExtns(  674): find found MIFARE_READER_ENABLE=(0x1)
12-09 09:52:33.804 D/NxpHal  (  674): write successful status = 0x0
12-09 09:52:33.810 D/NxpHal  (  674): read successful status = 0x0
12-09 09:52:33.810 D/NxpHal  (  674): phNxpNciHal_print_res_status: response status =STATUS_OK
12-09 09:52:33.810 D/NxpExtns(  674): find found MIFARE_READER_ENABLE=(0x1)
12-09 09:52:33.810 D/NxpHal  (  674): > Polling Loop Started
12-09 09:52:33.810 I/chatty  ( 1275): uid=1000(system) Binder:1275_20 expire 6 lines
12-09 09:52:33.811 D/NxpHal  (  674): write successful status = 0x0
12-09 09:52:33.812 D/NxpHal  (  674): read successful status = 0x0
12-09 09:52:33.812 I/BrcmNfcNfa(12523): nfa_dm_disc_sm_execute (): state: IDLE (0), event: DISCOVER_RSP(1) disc_flags: 0x31
12-09 09:52:33.812 I/BrcmNfcJni(12523): nfaConnectionCallback: Connection Event = 30
12-09 09:52:33.812 D/BrcmNfcJni(12523): nfaConnectionCallback: NFA_RF_DISCOVERY_STARTED_EVT: status = 0x0
12-09 09:52:33.812 D/BrcmNfcJni(12523): startRfDiscovery: is exit=1
12-09 09:52:33.813 D/BrcmNfcJni(12523): SecureElement::resetRfFieldStatus`: enter;
12-09 09:52:33.813 D/BrcmNfcJni(12523): SecureElement::resetRfFieldStatus`: exit
12-09 09:52:33.813 D/BrcmNfcJni(12523): nfcManager_disableDiscovery: exit
12-09 09:52:33.829 D/StandbyModeManager( 2235): onReceive action: android.intent.action.SCREEN_OFF
12-09 09:52:33.836 W/PanelView(15860): set notification panel padding = 2238
12-09 09:52:33.836 W/HwBackDropView(15860): setAnimationParamInner 0.0   0
12-09 09:52:33.846 D/StandbyModeManager( 2235): stop try start standby by lockScreenMsg ON when screenoff
12-09 09:52:33.856 D/MSF.C.LogManager( 2235): onReceive broadcastreceiver.action = android.intent.action.SCREEN_OFF
12-09 09:52:33.861 D/SensorHub(  821): huawei Hal get step event
12-09 09:52:33.861 D/motion@1.0-service(  846): motion-hal Motion::readEvents nread: 49 
12-09 09:52:33.861 D/motion@1.0-service(  846): motion-hal Motion::readEvents motion_type: 11 
12-09 09:52:33.861 D/motion@1.0-service(  846): motion-hal Motion::readHwStepCounter motion_type == MOTIONHUB_TYPE_HW_STEP_COUNTER
12-09 09:52:33.861 D/motion@1.0-service(  846): motion-hal Motiontest::get stepcount!
12-09 09:52:33.861 D/UserStateManager( 2713): TYPE_STEP_COUNTER not changes steps:33410.0
12-09 09:52:33.862 D/motion@1.0-service(  846): pollMotionResult poll_result_return = 19
12-09 09:52:33.862 I/chatty  ( 1275): uid=1000(system) HWExtMotionServ expire 4 lines
12-09 09:52:33.862 D/        ( 2649): ALOGD: HWExtDeviceManager::notifyDeviceData  type: 1100 
12-09 09:52:33.862 D/        ( 2649): HWExtDeviceManager::notifyDeviceData handleEvent uniqueId : 110001
12-09 09:52:33.863 I/HWExtDeviceManager( 2649): trigger onDeviceDataChanged : mListener : com.huawei.systemserver.ihealth.manager.HwStepCounter$1@c641b30,type : 1100
12-09 09:52:33.863 D/HwStepCounter( 2649): onDeviceDataChanged
12-09 09:52:33.863 W/HwStepCounter( 2649): version : 1
12-09 09:52:33.863 D/motion@1.0-service(  846): motion_pollresult_ready::unlock out
12-09 09:52:33.863 D/motion@1.0-service(  846):  actMotionCb mMotionClientVector.size = 0
12-09 09:52:33.863 D/motion@1.0-service(  846): actMotionCb out
12-09 09:52:33.863 I/HwStepCounter( 2649): dealReportData tm: 2019-12-09 09:42:42 steps_value[0] : 0 state_value[0]:5 level_value[0]:0
12-09 09:52:33.863 I/HwStepCounter( 2649): isBeginOfToday: 9 -> 9
12-09 09:52:33.863 I/HwStepCounter( 2649): isBeginOfToday: false
12-09 09:52:33.863 I/HwStepCounter( 2649): dealReportData: diff = 0
12-09 09:52:33.864 D/HwStepCounter( 2649): ReportProxy client : 1
12-09 09:52:33.864 I/StepCounterRemoteStub( 2649): Report client count 1
12-09 09:52:33.899 W/migration/7(   53): type=1400 audit(0.0:789868): avc: granted { setsched } for scontext=u:r:kernel:s0 tcontext=u:r:kernel:s0 tclass=process
12-09 09:52:33.899 W/migration/6(   47): type=1400 audit(0.0:789869): avc: granted { setsched } for scontext=u:r:kernel:s0 tcontext=u:r:kernel:s0 tclass=process
12-09 09:52:33.926 D/DateTimeView(15860): Change to single clock mode!
12-09 09:52:33.927 I/ColorPickUitls(15860): type = 2
12-09 09:52:33.927 D/HwKeyguardBottomArea(15860): RemoveDateTimeTopArea type:2
12-09 09:52:33.927 D/HwKeyguardBottomArea(15860): loadDateTimeArea type
12-09 09:52:33.927 D/HwKeyguardBottomArea(15860): removeLiftSensorView, threadname = main
12-09 09:52:33.927 D/DateTimeView(15860): Change to single clock mode!
12-09 09:52:33.928 I/ColorPickUitls(15860): type = 2
12-09 09:52:33.928 D/HwKeyguardBottomArea(15860): RemoveDateTimeTopArea type:2
12-09 09:52:33.928 D/HwKeyguardBottomArea(15860): loadDateTimeArea type
12-09 09:52:33.928 D/HwKeyguardBottomArea(15860): removeLiftSensorView, threadname = main
12-09 09:52:33.928 D/DateTimeView(15860): Change to single clock mode!
12-09 09:52:33.928 I/ColorPickUitls(15860): type = 2
12-09 09:52:33.928 D/HwKeyguardBottomArea(15860): RemoveDateTimeTopArea type:2
12-09 09:52:33.928 D/HwKeyguardBottomArea(15860): loadDateTimeArea type
12-09 09:52:33.928 D/HwKeyguardBottomArea(15860): removeLiftSensorView, threadname = main
12-09 09:52:33.931 W/migration/6(   47): type=1400 audit(0.0:789870): avc: granted { setsched } for scontext=u:r:kernel:s0 tcontext=u:r:kernel:s0 tclass=process
12-09 09:52:33.931 W/migration/7(   53): type=1400 audit(0.0:789871): avc: granted { setsched } for scontext=u:r:kernel:s0 tcontext=u:r:kernel:s0 tclass=process
12-09 09:52:33.937 W/PanelView(15860): set notification panel padding = 2238
12-09 09:52:33.937 W/HwBackDropView(15860): setAnimationParamInner 0.0   0
12-09 09:52:34.014 D/NcDft_ServiceImpl( 2665): notifyNcDftEvent domain is : 0 ;eventID is: 31 ;List is [APKSTOPPROVIDER, b77a4aa, , apkstop, 1575856354014]
12-09 09:52:34.016 D/DeviceMonitor( 2713): GPS request stop:com.eg.android.AlipayGphone pid:31212 interval(s): -1 reqId:b77a4aa
12-09 09:52:34.060 I/HiAdSDK.ViewMonitor(18136):  receive screen state: android.intent.action.SCREEN_OFF
12-09 09:52:34.072 I/HiBoard_10.0.8.310_MainView(18136): onReceive action android.intent.action.SCREEN_OFF
12-09 09:52:34.133 I/WeatherUtils(15860): getCurrentWeatherInfo currentTemperature is :2.0 mWeatherIcon Id is: 8
12-09 09:52:34.166 I/WeatherUtils(15860): getCurrentWeatherInfo currentTemperature is :-20000.0 mWeatherIcon Id is: 0
12-09 09:52:34.169 D/DateTimeView(15860): Change to single clock mode!
12-09 09:52:34.170 I/ColorPickUitls(15860): type = 2
12-09 09:52:34.170 D/HwKeyguardBottomArea(15860): RemoveDateTimeTopArea type:2
12-09 09:52:34.170 D/HwKeyguardBottomArea(15860): loadDateTimeArea type
12-09 09:52:34.170 D/HwKeyguardBottomArea(15860): removeLiftSensorView, threadname = main
12-09 09:52:34.188 W/PanelView(15860): set notification panel padding = 2238
12-09 09:52:34.189 W/HwBackDropView(15860): setAnimationParamInner 0.0   0
12-09 09:52:34.210 D/ZrHung.AppEyeUiProbe( 2743): Current Activity:false
12-09 09:52:34.210 D/ZrHung.AppEyeUiProbe( 2743): not watching, wait.
12-09 09:52:34.229 D/vol.VolumeDialogImpl(15860): dismissH mIsViewAnimating : false, false
12-09 09:52:34.229 D/vol.VolumeDialogImpl(15860): dismiss dialog
12-09 09:52:34.229 I/vol.Events(15860): writeEvent dismiss_dialog screen_off
12-09 09:52:34.318 D/NcDft_ServiceImpl( 2665): notifyNcDftEvent domain is : 0 ;eventID is: 31 ;List is [APKSTOPPROVIDER, 70dc21c, , apkstop, 1575856354317]
12-09 09:52:34.320 D/DeviceMonitor( 2713): GPS request stop:com.ss.android.article.news pid:5820 interval(s): -1 reqId:70dc21c
12-09 09:52:34.322 W/manager:servic( 2565): resources.arsc in APK '/data/app/com.ss.android.article.news-tyo-XQNPM55nKr0BexyOww==/base.apk' is compressed.
12-09 09:52:34.335 W/HwKeyguardBottomArea(15860): KG_FDT mShowIndicationRunner
12-09 09:52:34.335 D/HwKeyguardBottomArea(15860): addLiftSensorView, threadname = main
12-09 09:52:34.336 W/LockIcon(15860): hideView: false
12-09 09:52:34.336 D/TimeKeeper(15860): getTimeTickInfo:[mMillisUntilFinished:0, mHour:0, mMinute:0, mSecond:0]
12-09 09:52:34.336 V/HwKgdUM_FP(15860): FingerPrint:: isUnlockingWithFingerprintAllowed getRemainingTime=0
12-09 09:52:34.336 D/TimeKeeper(15860): getTimeTickInfo:[mMillisUntilFinished:0, mHour:0, mMinute:0, mSecond:0]
12-09 09:52:34.337 W/DisabledFeatureUtils(15860): Dis-Feature : 0
12-09 09:52:34.337 W/KG_FDT  (15860): isFaceUnlockEnabled 0
12-09 09:52:34.338 D/KG_Policy(15860): getRemainingChance 5
12-09 09:52:34.338 I/HwKeyguardUpdateMonitor(15860): isFinger:true
12-09 09:52:34.338 W/LockIcon(15860): getState 3 <-> 0; fp running true
12-09 09:52:34.344 W/HwKgdBArea_BTY(15860): updateBatteryInfo : false showBatteryInfo:  true isShowChargingFpDisplay:  false
12-09 09:52:34.345 W/HwKeyguardBottomArea(15860): KG_FDT ShowIndicationRunner finish
12-09 09:52:34.354 W/PanelView(15860): set notification panel padding = 2238
12-09 09:52:34.354 W/HwBackDropView(15860): setAnimationParamInner 0.0   0
12-09 09:52:34.357 W/HwKeyguardBottomArea(15860): refresh Charge status layout when dp changed
12-09 09:52:34.372 W/PanelView(15860): set notification panel padding = 2238
12-09 09:52:34.372 W/HwBackDropView(15860): setAnimationParamInner 0.0   0
12-09 09:52:34.396 I/HISEC   (  668): [SOCKETC     ] client << len 6/6
12-09 09:52:34.412 D/AutoCache(23137): screen off
12-09 09:52:34.414 D/AutoCache(23137): [ScreenStateReceiver], charge in, battery ok, screen off
12-09 09:52:34.420 D/Mms_TX_NOTIFY(18279): Get no-perm notification callback android.intent.action.SCREEN_OFF
12-09 09:52:34.495 W/migration/7(   53): type=1400 audit(0.0:789872): avc: granted { setsched } for scontext=u:r:kernel:s0 tcontext=u:r:kernel:s0 tclass=process
12-09 09:52:34.495 W/migration/6(   47): type=1400 audit(0.0:789873): avc: granted { setsched } for scontext=u:r:kernel:s0 tcontext=u:r:kernel:s0 tclass=process
12-09 09:52:34.599 E/NfcNci  (12523): NfcService error: Enter HIDL_NFC_GetHistoricalNCI start
12-09 09:52:34.599 D/NxpHal  (  674): phNxpNciHal_ioctl : enter - arg = 105
12-09 09:52:34.600 D/NxpHal  (  674): phNxpNciHal_ioctl : exit - ret = 0
12-09 09:52:34.600 E/BrcmNfcJni(12523): nfcManager_doSaveDMChr status end
12-09 09:52:34.601 I/KeyguardPINView(15860): Runnable for mSetBackButtonState
12-09 09:52:34.626 I/PhoneStatusBarView(15860): mDelayedGetViewPositionOnScreen getLocationInWindow 0 0
12-09 09:52:34.626 I/PhoneStatusBarView(15860): mDelayedGetViewPositionOnScreen getLocationOnScreen 0 0
12-09 09:52:34.656 W/HwKeyguardBottomArea(15860): ShowIndicationRunner End
12-09 09:52:34.700 E/BrcmNfcJni(12523): read chr NCI start
12-09 09:52:34.701 D/NxpHal  (  674): phNxpNciHal_ioctl : enter - arg = 112
12-09 09:52:34.701 D/NxpHal  (  674): phNxpNciHal_ioctl :  seek_len = 1000
12-09 09:52:34.701 D/NxpHal  (  674): phNxpNciHal_ioctl : exit - ret = 0
12-09 09:52:34.701 D/NxpHal  (  674): phNxpNciHal_ioctl : enter - arg = 112
12-09 09:52:34.701 D/NxpHal  (  674): phNxpNciHal_ioctl :  seek_len = 750
12-09 09:52:34.701 D/NxpHal  (  674): phNxpNciHal_ioctl : exit - ret = 0
12-09 09:52:34.701 D/NxpHal  (  674): phNxpNciHal_ioctl : enter - arg = 112
12-09 09:52:34.701 D/NxpHal  (  674): phNxpNciHal_ioctl :  seek_len = 500
12-09 09:52:34.701 D/NxpHal  (  674): phNxpNciHal_ioctl : exit - ret = 0
12-09 09:52:34.701 D/NxpHal  (  674): phNxpNciHal_ioctl : enter - arg = 112
12-09 09:52:34.701 D/NxpHal  (  674): phNxpNciHal_ioctl :  seek_len = 250
12-09 09:52:34.701 D/NxpHal  (  674): phNxpNciHal_ioctl : exit - ret = 0
12-09 09:52:34.702 E/BrcmNfcJni(12523): read chr NCI end
12-09 09:52:34.702 D/Nc_NfcDftManager( 2665): reportNfcException80
12-09 09:52:34.702 I/iMonitor( 2665): create: 915000001
12-09 09:52:34.702 I/iMonitor( 2665): create: 915100001
12-09 09:52:34.704 D/TelephonyManager( 2665): getCellLocation calling app is com.huawei.hiview
12-09 09:52:34.707 W/PhoneInterfaceManager( 2733): shouldBlockLocation running ...
12-09 09:52:34.707 I/PhoneInterfaceManager( 2733): shouldBlockLocation  ret:false
12-09 09:52:34.710 D/TelephonyManager( 2665): getCellLocation calling app is com.huawei.hiview
12-09 09:52:34.713 W/PhoneInterfaceManager( 2733): shouldBlockLocation running ...
12-09 09:52:34.713 I/PhoneInterfaceManager( 2733): shouldBlockLocation  ret:false
12-09 09:52:34.715 I/iMonitor( 2665): create: 915100002
12-09 09:52:34.715 I/iMonitor( 2665): create: 915100003
12-09 09:52:34.715 I/iMonitor( 2665): send: 915000001
12-09 09:52:34.775 E/memtrack(31212): Couldn't load memtrack module
12-09 09:52:34.775 W/android.os.Debug(31212): failed to get memory consumption info: -1
12-09 09:52:35.414 I/AutoCache(23137): DailyDecodeCount has been reset.
12-09 09:52:35.457 I/AutoCache(23137): thumbnail cache has been set up successfully.
12-09 09:52:35.804 I/chatty  ( 1275): uid=1000(system) Binder:1275_A expire 1 line
12-09 09:52:35.873 E/Thermal-daemon(  811): [ap] temp_new :27  temp_old :26
12-09 09:52:35.874 E/Thermal-daemon(  811): Report temperature: [ap] temp :27  report_threshold:1
12-09 09:52:36.591 I/InactiveClean( 2713): no inactive apps
12-09 09:52:36.593 I/AlarmProxy( 2713): [pending] net alarms
12-09 09:52:36.783 I/chatty  ( 1275): uid=1000(system) MobileQosDetect expire 1 line
12-09 09:52:36.785 I/chatty  ( 1275): uid=1000(system) WifiService expire 2 lines
12-09 09:52:36.788 I/chatty  ( 1275): uid=1000(system) MobileQosDetect expire 2 lines
12-09 09:52:38.000 I/chatty  ( 1275): uid=1000(system) Binder:1275_20 expire 2 lines
12-09 09:52:38.011 W/[HwRecSys]HwRecSysAidlInterfaceStub(13570): doNotificationCollect -> the same notification return!
12-09 09:52:38.011 I/[HwRecSys]HwRecSysAidlInterfaceStub(13570): doNotificationCollect ->  finally remote Num - 1 !
12-09 09:52:38.040 I/chatty  ( 1275): uid=1000 system_server expire 1 line
12-09 09:52:38.052 I/AppManager( 2713): app:com.tencent.android.qqdownloader Notification update time:543986478
12-09 09:52:38.052 I/AppManager( 2713): app : com.tencent.android.qqdownloader add Notification persist:true now Ids:[127]
12-09 09:52:38.074 D/NotificationEntryMgr(15860): updateNotification(StatusBarNotification(pkg=com.tencent.android.qqdownloader user=UserHandle{0} id=127 tag=null key=0|com.tencent.android.qqdownloader|127|null|10161: Notification(channel=channel_id_default_silent pri=2 contentView=com.tencent.android.qqdownloader/0x7f040196 vibrate=null sound=null defaults=0x0 flags=0xa2 color=0x00000000 vis=PRIVATE)))
12-09 09:52:38.081 I/NotificationInflation2(15860): start: entry=229177019
12-09 09:52:38.082 D/NotificationEntryMgr(15860): No peeking: not in use: 0|com.tencent.android.qqdownloader|127|null|10161
12-09 09:52:38.083 I/GlobalContext(15860): Runnable for SerialExecutor
12-09 09:52:38.083 I/NotificationInflation4(15860): doInBackground is begin
12-09 09:52:38.083 W/NotificationViewHierarchyManager(15860): updateNotificationShade activeNotificationSize=15;hasFaceDT: false; Detected:false
12-09 09:52:38.085 I/HwNotificationEx(15860): new HwNotificationEx
12-09 09:52:38.085 I/HwNotificationEx(15860): isPureColorIcon
12-09 09:52:38.085 I/HwNotificationEx(15860): mHWColorUtil is null get it agin
12-09 09:52:38.085 I/HwNotificationEx(15860): isPureColorIcon
12-09 09:52:38.086 I/NotificationInflation5(15860): doInBackground is end
12-09 09:52:38.092 E/BDLog   ( 2665): BD.FilterImpl:com.android.systemui 344 times= 200 over threshold
12-09 09:52:38.092 E/BDLog   ( 2665): BD.FilterImpl:com.android.systemui, 344 is illLegal
12-09 09:52:38.099 W/PanelView(15860): set notification panel padding = 2238
12-09 09:52:38.099 W/HwBackDropView(15860): setAnimationParamInner 0.0   0
12-09 09:52:38.102 I/NotificationInflation2(15860): finish: entry=229177019
12-09 09:52:38.102 I/NotificationInflation3(15860): start: entry=229177019
12-09 09:52:38.125 W/PanelView(15860): set notification panel padding = 2238
12-09 09:52:38.126 W/HwBackDropView(15860): setAnimationParamInner 0.0   0
12-09 09:52:38.159 I/NotificationInflation3(15860): finish: entry=229177019
12-09 09:52:38.177 W/PanelView(15860): set notification panel padding = 2238
12-09 09:52:38.178 W/HwBackDropView(15860): setAnimationParamInner 0.0   0
12-09 09:52:38.291 V/HwFyuseView(15860): destroySurface : 
12-09 09:52:38.291 D/Fyulytics(15860): Unable to track View End Event. FyuseData is null
12-09 09:52:38.291 V/HwFyuseView(15860): destroySurface : 
12-09 09:52:38.291 D/Fyulytics(15860): Unable to track View End Event. FyuseData is null
12-09 09:52:38.291 V/HwFyuseView(15860): destroySurface : 
12-09 09:52:38.291 D/Fyulytics(15860): Unable to track View End Event. FyuseData is null
12-09 09:52:38.292 I/WallpaperPagerAdapter(15860): clearViewData
12-09 09:52:38.369 I/HwNaturalBase( 2685): [Timer-0]: MultiUserManagerService:  getNotActiveUser start
12-09 09:52:38.562 I/chatty  ( 1275): uid=1000(system) sManagerService expire 4 lines
12-09 09:52:38.563 W/migration/6(   47): type=1400 audit(0.0:789874): avc: granted { setsched } for scontext=u:r:kernel:s0 tcontext=u:r:kernel:s0 tclass=process
12-09 09:52:38.563 I/chatty  ( 1275): uid=1000(system) BackupTracing expire 11 lines
12-09 09:52:38.635 W/migration/7(   53): type=1400 audit(0.0:789875): avc: granted { setsched } for scontext=u:r:kernel:s0 tcontext=u:r:kernel:s0 tclass=process
12-09 09:52:38.643 D/TmoMonitor(18279): Cache monitor msg as screen_off
12-09 09:52:38.645 I/chatty  (18279): uid=10047(com.android.mms) Monitor Hanlder identical 7 lines
12-09 09:52:38.645 D/TmoMonitor(18279): Cache monitor msg as screen_off
12-09 09:52:38.699 I/chatty  ( 1275): uid=1000(system) android.bg expire 1 line
12-09 09:52:38.744 E/system_server( 1275): [Backup Tracing] Acquiring thread_list_lock_...
12-09 09:52:38.744 E/system_server( 1275): [Backup Tracing] Acquired thread_list_lock_.
12-09 09:52:38.744 E/system_server( 1275): [Backup Tracing] Acquiring mutator_list_lock_...
12-09 09:52:38.744 E/system_server( 1275): [Backup Tracing] Acquired MutatorList_lock.
12-09 09:52:38.744 E/system_server( 1275): [Backup Tracing] Concurrent marking done.
12-09 09:52:38.746 E/system_server( 1275): [Backup Tracing] Resurrection phase.
12-09 09:52:38.747 W/migration/7(   53): type=1400 audit(0.0:789876): avc: granted { setsched } for scontext=u:r:kernel:s0 tcontext=u:r:kernel:s0 tclass=process
12-09 09:52:38.749 E/system_server( 1275): [Backup Tracing] Transitive closure round 2.
12-09 09:52:38.753 E/system_server( 1275): [Backup Tracing] Prepare Concurrent Sweeping...
12-09 09:52:38.794 E/system_server( 1275): [Backup Tracing] world started.
12-09 09:52:38.795 E/system_server( 1275): [Backup Tracing] Concurrent sweep...
12-09 09:52:38.807 W/migration/7(   53): type=1400 audit(0.0:789877): avc: granted { setsched } for scontext=u:r:kernel:s0 tcontext=u:r:kernel:s0 tclass=process
12-09 09:52:38.817 I/system_server( 1275): [Backup Tracing] Finished 71,832,080 To 71,801,448
12-09 09:52:38.817 I/system_server( 1275): Backup Tracing for user_ni: collected objects: 254(29KiB), 40.8407% utilization (68MiB/167MiB), max pause: 49ms, total pause: 52ms, total GC time: 254ms
12-09 09:52:38.817 I/system_server( 1275): [Backup Tracing] finished user_ni Heap Bytes 71832080 to 71801448
12-09 09:52:38.818 E/system_server( 1275): [Backup Tracing] GC finished
12-09 09:52:38.818 W/AwareLog( 1275): SchedLevelBoost: onScreenStateChanged config not set!
12-09 09:52:38.828 I/PF_MT   (  675): [recordCmd:60] Pid:670 Qos:9 mode:0 suspend_mask:0x0 val=90
12-09 09:52:38.939 W/migration/7(   53): type=1400 audit(0.0:789878): avc: granted { setsched } for scontext=u:r:kernel:s0 tcontext=u:r:kernel:s0 tclass=process
12-09 09:52:38.939 W/migration/6(   47): type=1400 audit(0.0:789879): avc: granted { setsched } for scontext=u:r:kernel:s0 tcontext=u:r:kernel:s0 tclass=process
12-09 09:52:39.098 W/System.err(32091): android.content.pm.PackageManager$NameNotFoundException: /data/app/com.tencent.android.qqdownloader-jjegCbdhgogBd4J0fNOMRw==/lib/arm/libwatch.so
12-09 09:52:39.098 W/System.err(32091): 	at android.app.ApplicationPackageManager.getApplicationInfoAsUser(ApplicationPackageManager.java:429)
12-09 09:52:39.098 W/System.err(32091): 	at android.app.ApplicationPackageManager.getApplicationInfo(ApplicationPackageManager.java:409)
12-09 09:52:39.098 W/System.err(32091): 	at com.tencent.nucleus.manager.usagestats.UsagestatsSTManager.a(ProGuard:787)
12-09 09:52:39.098 W/System.err(32091): 	at com.tencent.nucleus.manager.floatingwindow.manager.h.d(ProGuard:225)
12-09 09:52:39.098 W/System.err(32091): 	at com.tencent.nucleus.manager.floatingwindow.manager.i.run(ProGuard:117)
12-09 09:52:39.098 W/System.err(32091): 	at java.util.concurrent.Executors$RunnableAdapter.call(Executors.java:458)
12-09 09:52:39.098 W/System.err(32091): 	at java.util.concurrent.FutureTask.run(FutureTask.java:266)
12-09 09:52:39.099 W/System.err(32091): 	at java.util.concurrent.ScheduledThreadPoolExecutor$ScheduledFutureTask.run(ScheduledThreadPoolExecutor.java:301)
12-09 09:52:39.099 W/System.err(32091): 	at java.util.concurrent.ThreadPoolExecutor.processTask(ThreadPoolExecutor.java:1187)
12-09 09:52:39.099 W/System.err(32091): 	at java.util.concurrent.ThreadPoolExecutor.runWorker(ThreadPoolExecutor.java:1152)
12-09 09:52:39.099 W/System.err(32091): 	at java.util.concurrent.ThreadPoolExecutor$Worker.run(ThreadPoolExecutor.java:641)
12-09 09:52:39.099 W/System.err(32091): 	at java.lang.Thread.run(Thread.java:784)
12-09 09:52:39.704 I/LocationManagerService( 1275): getLastLocation: Request[POWER_NONE passive fastest=0 num=1 lowPowerMode=false]
12-09 09:52:39.719 I/SmartThreadExecutor(13993): handleMessage: start check 0
12-09 09:52:39.719 I/SmartThreadExecutor(13993): handleMessage: check end 0 -395 false
12-09 09:52:39.719 I/SmartThreadExecutor(13993): handleMessage: start check 1
12-09 09:52:39.719 I/SmartThreadExecutor(13993): handleMessage: check end 1 -395 false
12-09 09:52:39.852 I/ImsResolver( 2733): getMmTelFeatureAndListen - slot: 2 callback: com.android.ims.MmTelFeatureConnection$1@6a2c01
12-09 09:52:40.050 D/MSF.C.NetConnTag( 2235): netRecv ssoSeq:-41992575 uin:*8200 cmd:BS08PTQ9FS85K34EOAgwKSIEIjsvKAgpLQ -41991207 cross:0
12-09 09:52:40.053 I/MSF.S.AppProcessManager( 2235): SendToApp PUSH process:com.tencent.mobileqq fromServiceMsg: FromServiceMsg msName:onRecvPushMsg ssoSeq:-41992575 serviceCmd:OnlinePush.PbPushGroupMsg appSeq:-41992575 failCode:1000 cost=2 needBoot=true
12-09 09:52:40.054 I/troop_ext(13993): onTroopReceiveOrSendMsg troopInfo is null or not eliminated. troopUin: 823752467
12-09 09:52:40.077 D/Q.msg.TroopMsgProxy(13993): insertToList MessageRecord=friendUin:2467senderuin:4938,istroop:1,msgType:-2011,time:1575856359,shmsgseq:859424
12-09 09:52:40.077 D/Q.unread.Proxy_UnreadMonitor(13993): insertOrUpdateUnread update=--ConversationInfo--,shortUin:*2467,type:1,lastread:859134,unreadCount:286,unreadGiftCount:0,unreadRedPacketCount:0,unreadMark:0
12-09 09:52:40.878 E/Thermal-daemon(  811): [ap] temp_new :26  temp_old :27
12-09 09:52:40.879 E/Thermal-daemon(  811): Report temperature: [ap] temp :26  report_threshold:1
12-09 09:52:41.648 I/DownloadState( 2713): 10151 speed: 16 bytes/s, realSpeed: 15 scroff: true
12-09 09:52:41.648 I/DownloadState( 2713): 10157 speed: 289 bytes/s, realSpeed: 289 scroff: true
12-09 09:52:46.569 D/SensorHub(  821): Get acc data 0.449612, -0.207165, 9.724319
12-09 09:52:46.657 I/DownloadState( 2713): 10161 speed: 24 bytes/s, realSpeed: 23 scroff: true
12-09 09:52:46.657 I/DownloadState( 2713): 1000 speed: 32 bytes/s, realSpeed: 31 scroff: true
12-09 09:52:46.793 I/MQoS    ( 1275): MSG_QUERY_TCP_INFO called,count:1647
12-09 09:52:46.795 I/QosMonitor( 1275): postEventFromNative: msg=100,arg1=0,arg2=10
12-09 09:52:46.795 I/MQoS    ( 1275): rtt=57380,tcp_tx_pkts=1838237,tcp_rx_pkts=3077102
12-09 09:52:46.798 I/TrafficMonitor( 1275): getStatic,count:0,work status:false
12-09 09:52:46.798 I/MQoS    ( 1275): QOS_level:5(5),use RAT:4G;signalLvl:5
12-09 09:52:48.252 E/JankService(20254): child Thread receive to stop
12-09 09:52:48.374 E/JankService(  829): all data read ok
12-09 09:52:48.689 I/HwNaturalBase( 2685): [CommonHandler]: 40407Kb ram is used.
12-09 09:52:49.183 W/IptablesRestoreController(  623): iptables-restore process 20206 terminated status=15
12-09 09:52:49.184 W/IptablesRestoreController(  623): iptables-restore process 20207 terminated status=15
12-09 09:52:51.666 I/DownloadState( 2713): 1000 speed: 16 bytes/s, realSpeed: 15 scroff: true
12-09 09:52:53.746 D/Hicom_MobileDataControl( 2649): setMobileData Mobile switch closing,mEnableSourceMask:0
12-09 09:52:53.746 D/Hicom_MobileDataControl( 2649): stopMobileDataNetwork
12-09 09:52:53.746 D/Hicom_MobileDataControl( 2649): has already stopMobileDataNetwork
12-09 09:52:56.675 I/DownloadState( 2713): 10132 speed: 37 bytes/s, realSpeed: 37 scroff: true
12-09 09:52:56.675 I/DownloadState( 2713): 10151 speed: 40 bytes/s, realSpeed: 39 scroff: true
12-09 09:52:56.675 I/DownloadState( 2713): 1000 speed: 8 bytes/s, realSpeed: 7 scroff: true
12-09 09:52:56.803 I/MQoS    ( 1275): MSG_QUERY_TCP_INFO called,count:1648
12-09 09:52:56.804 I/QosMonitor( 1275): postEventFromNative: msg=100,arg1=0,arg2=10
12-09 09:52:56.805 I/MQoS    ( 1275): rtt=57380,tcp_tx_pkts=1838237,tcp_rx_pkts=3077102
12-09 09:52:56.807 I/TrafficMonitor( 1275): getStatic,count:0,work status:false
12-09 09:52:56.807 I/MQoS    ( 1275): QOS_level:5(5),use RAT:4G;signalLvl:5
12-09 09:52:59.512 I/EventHub( 1275): EventHub monitor: no key events in the past 640s, no motion events in the past 626s
12-09 09:53:00.896 E/Thermal-daemon(  811): [pa_0] temp_new :25  temp_old :26
12-09 09:53:00.897 E/Thermal-daemon(  811): Report temperature: [pa_0] temp :25  report_threshold:1
12-09 09:53:01.685 I/DownloadState( 2713): 10151 speed: 8 bytes/s, realSpeed: 7 scroff: true
12-09 09:53:01.686 I/DownloadState( 2713): 10157 speed: 8 bytes/s, realSpeed: 7 scroff: true
12-09 09:53:02.296 D/WorkerThreadMonitor( 2235): Kill MSF check result[ senderSize:0,sendInterval:162036,receiveInterval=22246,addCmdCount=2472
12-09 09:53:03.817 D/DecisionHelper(12509): service connected.
12-09 09:53:03.822 I/HiDecision(13570): ModelTrainingTask: model training task start...
12-09 09:53:03.822 I/HiDecision(13570): ModelTrainingTask: isAllowTrain algorithm 0 isAllowTrain true
12-09 09:53:03.823 I/HiDecision(13570): Scene: com.huawei.intelligent_directservice start model training:..
12-09 09:53:03.823 I/HiDecision(13570): Scene: startModelTraining algorithm 0
12-09 09:53:03.823 I/HiDecision(13570): GPSClusterTask: gps cluster task start...
12-09 09:53:03.824 I/HiDecision(13570): Scene: com.huawei.intelligent_directservice start gps training:..
12-09 09:53:03.825 I/HiDecision(13570): Scene: com.huawei.intelligent_directservice training data size:0 from 1575852400631
12-09 09:53:03.825 I/HiDecision(13570): Scene: com.huawei.intelligent_directservice model training finished, cost:2ms
12-09 09:53:03.825 I/HiDecision(13570): ModelTrainingTask: isAllowTrain algorithm -1 isAllowTrain false
12-09 09:53:03.825 I/HiDecision(13570): ModelTrainingTask: model training task end...
12-09 09:53:03.825 I/HiDecision(13570): Scene: com.huawei.intelligent_directservice gps training finished:..
12-09 09:53:03.825 I/HiDecision(13570): Scene: algorithm switched off, no need to do GPSCluster...
12-09 09:53:03.826 I/HiDecision(13570): GPSClusterTask: gps cluster task end...
12-09 09:53:06.695 I/DownloadState( 2713): 10151 speed: 8 bytes/s, realSpeed: 7 scroff: true
12-09 09:53:06.695 I/DownloadState( 2713): 1000 speed: 8 bytes/s, realSpeed: 7 scroff: true
12-09 09:53:06.814 I/MQoS    ( 1275): MSG_QUERY_TCP_INFO called,count:1649
12-09 09:53:06.815 I/QosMonitor( 1275): postEventFromNative: msg=100,arg1=0,arg2=10
12-09 09:53:06.815 I/MQoS    ( 1275): rtt=57380,tcp_tx_pkts=1838237,tcp_rx_pkts=3077102
12-09 09:53:06.818 I/TrafficMonitor( 1275): getStatic,count:0,work status:false
12-09 09:53:06.818 I/MQoS    ( 1275): QOS_level:5(5),use RAT:4G;signalLvl:5
12-09 09:53:06.827 E/Thermal-daemon(  811): device current too high (0), during charging or current std is invalid. 
12-09 09:53:06.827 E/Thermal-daemon(  811): latest temp 19528 at 2019/12/9, 1h:53m:6s.
12-09 09:53:09.714 I/LocationManagerService( 1275): getLastLocation: Request[POWER_NONE passive fastest=0 num=1 lowPowerMode=false]
12-09 09:53:09.819 I/SmartThreadExecutor(13993): handleMessage: start check 0
12-09 09:53:09.819 I/SmartThreadExecutor(13993): handleMessage: check end 0 -396 false
12-09 09:53:09.819 I/SmartThreadExecutor(13993): handleMessage: start check 1
12-09 09:53:09.819 I/SmartThreadExecutor(13993): handleMessage: check end 1 -396 false
