12-09 09:47:19.942 E/MemoryLeakMonitorManager(19868): MemoryLeakMonitor.jar is not exist!
12-09 09:47:19.968 E/JankService(19896): child Thread receive to stop
12-09 09:47:20.043 W/pool-7-thread-1(19868): type=1400 audit(0.0:789646): avc: denied { read } for name="u:object_r:vendor_default_prop:s0" dev="tmpfs" ino=16580 scontext=u:r:untrusted_app:s0:c228,c256,c512,c768 tcontext=u:object_r:vendor_default_prop:s0 tclass=file permissive=0
12-09 09:47:20.048 E/libc    (19868): Access denied finding property "vendor.cellular.ril.imsi"
12-09 09:47:20.088 I/Zygote  (  625): say something before unblock SIGCHLD, uid: 10161 pid: 19919, do not delete this log!
12-09 09:47:20.095 I/downloader:liv(19919): Reinit property: dalvik.vm.checkjni= false
12-09 09:47:20.097 E/downloader:liv(19919): Not starting debugger since process cannot load the jdwp agent.
12-09 09:47:20.108 E/JankService(  829): all data read ok
12-09 09:47:20.115 D/ZrHung.AppEyeUiProbe(19919): AppEyeUIP created.
12-09 09:47:20.156 I/HwApiCacheMangerEx(19919): apicache path=/storage/emulated/0 state=mounted key=com.tencent.android.qqdownloader#10161#256
12-09 09:47:20.157 I/downloader:liv(19919): The ClassLoaderContext is a special shared library.
12-09 09:47:20.165 I/HwApiCacheMangerEx(19919): apicache path=/storage/emulated/0 state=mounted key=com.tencent.android.qqdownloader#10161#0
12-09 09:47:20.179 W/downloader:liv(19919): resources.arsc in APK '/data/app/com.tencent.android.qqdownloader-jjegCbdhgogBd4J0fNOMRw==/base.apk' is compressed.
12-09 09:47:20.189 I/MultiDex(19919): VM with version 2.1.0 has multidex support
12-09 09:47:20.189 I/MultiDex(19919): install
12-09 09:47:20.189 I/MultiDex(19919): VM has multidex support, MultiDex support library is disabled.
12-09 09:47:20.191 W/migration/6(   47): type=1400 audit(0.0:789647): avc: granted { setsched } for scontext=u:r:kernel:s0 tcontext=u:r:kernel:s0 tclass=process
12-09 09:47:20.191 W/migration/7(   53): type=1400 audit(0.0:789648): avc: granted { setsched } for scontext=u:r:kernel:s0 tcontext=u:r:kernel:s0 tclass=process
12-09 09:47:20.191 D/Tinker.DefaultAppLike(19919): onBaseContextAttached:
12-09 09:47:20.195 W/Tinker.Tinker(19919): tinker patch directory: /data/user/0/com.tencent.android.qqdownloader/tinker
12-09 09:47:20.195 I/Tinker.Tinker(19919): try to install tinker, isEnable: true, version: 1.9.9
12-09 09:47:20.196 I/Tinker.TinkerLoadResult(19919): parseTinkerResult loadCode:-1, process name:com.tencent.android.qqdownloader:live, main process:true, systemOTA:false, fingerPrint:HUAWEI/HMA-AL00/HWHMA:9/HUAWEIHMA-AL00/9.1.0.139C00:user/release-keys, oatDir:null, useInterpretMode:false
12-09 09:47:20.196 W/Tinker.TinkerLoadResult(19919): tinker is disable, just return
12-09 09:47:20.196 I/Tinker.DefaultLoadReporter(19919): patch loadReporter onLoadResult: patch load result, path:/data/user/0/com.tencent.android.qqdownloader/tinker, code: -1, cost: 0ms
12-09 09:47:20.196 W/Tinker.Tinker(19919): tinker load fail!
12-09 09:47:20.197 I/AwareBitmapCacher(19919): init processName:com.tencent.android.qqdownloader:live pid=19919 uid=10161
12-09 09:47:20.198 I/Tinker.ComponentHotplug(19919): method install() is not invoked, ignore ensuring operations.
12-09 09:47:20.198 D/Tinker.DefaultAppLike(19919): onCreate
12-09 09:47:20.202 E/MemoryLeakMonitorManager(19919): MemoryLeakMonitor.jar is not exist!
12-09 09:47:20.230 I/MMKV    (19919): page size:4096
12-09 09:47:20.230 I/MMKV    (19919): root dir: /data/user/0/com.tencent.android.qqdownloader/files/mmkv
12-09 09:47:20.230 I/MMKV    (19919): loading [InterProcessKV] with 312352 size in total, file size is 524288
12-09 09:47:20.231 I/MMKV    (19919): loading [InterProcessKV] with crc 3501526942 sequence 43
12-09 09:47:20.233 I/MMKV    (19919): loaded [InterProcessKV] with 860 values
12-09 09:47:20.351 W/migration/7(   53): type=1400 audit(0.0:789649): avc: granted { setsched } for scontext=u:r:kernel:s0 tcontext=u:r:kernel:s0 tclass=process
12-09 09:47:20.351 W/migration/6(   47): type=1400 audit(0.0:789650): avc: granted { setsched } for scontext=u:r:kernel:s0 tcontext=u:r:kernel:s0 tclass=process
12-09 09:47:20.378 D/MSF.C.NetConnTag( 2235): netRecv ssoSeq:-42887124 uin:*8200 cmd:BS08PTQ9FS85K34EOAgwKSIEIjsvKAgpLQ -42886308 cross:0
12-09 09:47:20.380 W/com.news_pro(19868): Accessing hidden method Landroid/location/CountryDetector;->detectCountry()Landroid/location/Country; (light greylist, reflection)
12-09 09:47:20.381 I/troop_ext(13993): onTroopReceiveOrSendMsg troopInfo is null or not eliminated. troopUin: 823752467
12-09 09:47:20.383 I/MSF.S.AppProcessManager( 2235): SendToApp PUSH process:com.tencent.mobileqq fromServiceMsg: FromServiceMsg msName:onRecvPushMsg ssoSeq:-42887124 serviceCmd:OnlinePush.PbPushGroupMsg appSeq:-42887124 failCode:1000 cost=4 needBoot=true
12-09 09:47:20.385 W/com.news_pro(19868): Accessing hidden method Landroid/location/Country;->getCountryIso()Ljava/lang/String; (light greylist, reflection)
12-09 09:47:20.385 W/com.news_pro(19868): Accessing hidden method Landroid/location/Country;->getSource()I (light greylist, reflection)
12-09 09:47:20.387 D/Q.msg.TroopMsgProxy(13993): insertToList MessageRecord=friendUin:2467senderuin:1166,istroop:1,msgType:-2011,time:1575856039,shmsgseq:859420
12-09 09:47:20.388 D/Q.unread.Proxy_UnreadMonitor(13993): insertOrUpdateUnread update=--ConversationInfo--,shortUin:*2467,type:1,lastread:859134,unreadCount:282,unreadGiftCount:0,unreadRedPacketCount:0,unreadMark:0
12-09 09:47:20.514 E/JIGUANG-JPush(19868): [JMessageReceiverHelper] callCmdMessage failed:dlopen failed: "/data/data/com.news_pro/lib-main/libgnustl_shared.so" is 32-bit instead of 64-bit
12-09 09:47:20.587 I/DataSrv-10.3.0.301-O-1115-17:51-BackgroundServiceSwitch( 9305): isAllowBackgroundService(), allow-background-service: true
12-09 09:47:20.589 I/DataSrv-10.3.0.301-O-1115-17:51-NetworkUtils( 9305): air plane: false
12-09 09:47:20.593 I/DataSrv-10.3.0.301-O-1115-17:51-NetworkUtils( 9305): air plane: false
12-09 09:47:20.595 I/DataSrv-10.3.0.301-O-1115-17:51-OOBEUtil( 9305): agreeOOBEPolicy agree:true ,oobeStatus:1
12-09 09:47:20.600 I/DataSrv-10.3.0.301-O-1115-17:51-GeoLocator( 9305): Get hard cell info from slotId: 0
12-09 09:47:20.600 I/DataSrv-10.3.0.301-O-1115-17:51-KitKatInterface( 9305): lower than Q, slotId equals subId
12-09 09:47:20.601 I/chatty  ( 9305): uid=1001(radio) com.huawei.skytone identical 6 lines
12-09 09:47:20.601 I/DataSrv-10.3.0.301-O-1115-17:51-KitKatInterface( 9305): lower than Q, slotId equals subId
12-09 09:47:20.601 I/DataSrv-10.3.0.301-O-1115-17:51-OOBEUtil( 9305): agreeOOBEPolicy agree:true ,oobeStatus:1
12-09 09:47:20.602 I/DataSrv-10.3.0.301-O-1115-17:51-GeoLocator( 9305): Get hard cdma cell info from slotId: 0
12-09 09:47:20.602 I/DataSrv-10.3.0.301-O-1115-17:51-KitKatInterface( 9305): lower than Q, slotId equals subId
12-09 09:47:20.602 I/DataSrv-10.3.0.301-O-1115-17:51-KitKatInterface( 9305): lower than Q, slotId equals subId
12-09 09:47:20.602 I/DataSrv-10.3.0.301-O-1115-17:51-OOBEUtil( 9305): agreeOOBEPolicy agree:true ,oobeStatus:1
12-09 09:47:20.604 I/DataSrv-10.3.0.301-O-1115-17:51-OOBEUtil( 9305): agreeOOBEPolicy agree:true ,oobeStatus:1
12-09 09:47:20.610 D/WorkSource( 2733): i1=0 i2=0 N1=1: insert 1001 android.uid.phone:1001
12-09 09:47:20.610 D/WorkSource( 2733): Insert in WorkSource{10073 com.tencent.tmgp.pubgmhd} @ 0 uid 1001 name android.uid.phone:1001
12-09 09:47:20.619 W/DataSrv-10.3.0.301-O-1115-17:51-PlmnUtils( 9305): plmn is null.
12-09 09:47:20.619 W/DataSrv-10.3.0.301-O-1115-17:51-PlmnUtils( 9305): plmn is null.
12-09 09:47:20.619 I/DataSrv-10.3.0.301-O-1115-17:51-GeoLocator( 9305): Get hard cell info from slotId: 1
12-09 09:47:20.619 I/DataSrv-10.3.0.301-O-1115-17:51-KitKatInterface( 9305): lower than Q, slotId equals subId
12-09 09:47:20.619 I/DataSrv-10.3.0.301-O-1115-17:51-KitKatInterface( 9305): lower than Q, slotId equals subId
12-09 09:47:20.619 I/DataSrv-10.3.0.301-O-1115-17:51-OOBEUtil( 9305): agreeOOBEPolicy agree:true ,oobeStatus:1
12-09 09:47:20.621 I/DataSrv-10.3.0.301-O-1115-17:51-GeoLocator( 9305): Get cell info size: 3
12-09 09:47:20.621 I/DataSrv-10.3.0.301-O-1115-17:51-FenceCache( 9305): Begin query fenceType from wifi and cell.
12-09 09:47:20.669 W/com.news_pro(19868): resources.arsc in APK '/data/app/com.tencent.news.lite-tqv4wKn35tMCmYGbmXjB1Q==/base.apk' is compressed.
12-09 09:47:20.685 W/System  (19868): A resource failed to call close. 
12-09 09:47:20.839 W/com.news_pro(19868): resources.arsc in APK '/data/app/cn.com.dlong.tjapp-kKspzN569H8Pk8m6P1sxag==/base.apk' is compressed.
12-09 09:47:20.862 W/com.news_pro(19868): resources.arsc in APK '/data/app/com.sankuai.meituan-OfNPww1ft7e_KsvGvouHlA==/base.apk' is compressed.
12-09 09:47:20.988 W/com.news_pro(19868): resources.arsc in APK '/data/app/com.dianping.v1--MPxgtom7WkOhS6QCkFOQQ==/base.apk' is compressed.
12-09 09:47:21.177 W/com.news_pro(19868): resources.arsc in APK '/data/app/com.tencent.android.qqdownloader-jjegCbdhgogBd4J0fNOMRw==/base.apk' is compressed.
12-09 09:47:21.311 E/DataSrv-10.3.0.301-O-1115-17:51-FenceCache( 9305): IllegalArgumentException occurred while querying fencedata! Details: the bind value at index 4 is null
12-09 09:47:21.312 E/DataSrv-10.3.0.301-O-1115-17:51-FenceCache( 9305): fenceData is null !
12-09 09:47:21.312 I/DataSrv-10.3.0.301-O-1115-17:51-FenceCache( 9305): Query failed!
12-09 09:47:21.312 I/DataSrv-10.3.0.301-O-1115-17:51-NetworkUtils( 9305): air plane: false
12-09 09:47:21.312 I/DataSrv-10.3.0.301-O-1115-17:51-NetworkUtils( 9305): air plane: false
12-09 09:47:21.313 I/DataSrv-10.3.0.301-O-1115-17:51-OOBEUtil( 9305): agreeOOBEPolicy agree:true ,oobeStatus:1
12-09 09:47:21.316 I/DataSrv-10.3.0.301-O-1115-17:51-GeoLocator( 9305): Get hard cell info from slotId: 0
12-09 09:47:21.316 I/DataSrv-10.3.0.301-O-1115-17:51-KitKatInterface( 9305): lower than Q, slotId equals subId
12-09 09:47:21.316 I/DataSrv-10.3.0.301-O-1115-17:51-KitKatInterface( 9305): lower than Q, slotId equals subId
12-09 09:47:21.316 I/DataSrv-10.3.0.301-O-1115-17:51-OOBEUtil( 9305): agreeOOBEPolicy agree:true ,oobeStatus:1
12-09 09:47:21.317 I/DataSrv-10.3.0.301-O-1115-17:51-GeoLocator( 9305): Get hard cdma cell info from slotId: 0
12-09 09:47:21.317 I/DataSrv-10.3.0.301-O-1115-17:51-KitKatInterface( 9305): lower than Q, slotId equals subId
12-09 09:47:21.318 I/DataSrv-10.3.0.301-O-1115-17:51-KitKatInterface( 9305): lower than Q, slotId equals subId
12-09 09:47:21.318 I/DataSrv-10.3.0.301-O-1115-17:51-OOBEUtil( 9305): agreeOOBEPolicy agree:true ,oobeStatus:1
12-09 09:47:21.319 I/DataSrv-10.3.0.301-O-1115-17:51-OOBEUtil( 9305): agreeOOBEPolicy agree:true ,oobeStatus:1
12-09 09:47:21.319 W/com.news_pro(19868): resources.arsc in APK '/data/app/com.tencent.qqlive-ac9EQxaZNoaplNZmgMK6ng==/base.apk' is compressed.
12-09 09:47:21.322 W/DataSrv-10.3.0.301-O-1115-17:51-PlmnUtils( 9305): plmn is null.
12-09 09:47:21.322 W/DataSrv-10.3.0.301-O-1115-17:51-PlmnUtils( 9305): plmn is null.
12-09 09:47:21.322 I/DataSrv-10.3.0.301-O-1115-17:51-GeoLocator( 9305): Get hard cell info from slotId: 1
12-09 09:47:21.322 I/DataSrv-10.3.0.301-O-1115-17:51-KitKatInterface( 9305): lower than Q, slotId equals subId
12-09 09:47:21.322 I/DataSrv-10.3.0.301-O-1115-17:51-KitKatInterface( 9305): lower than Q, slotId equals subId
12-09 09:47:21.322 I/DataSrv-10.3.0.301-O-1115-17:51-OOBEUtil( 9305): agreeOOBEPolicy agree:true ,oobeStatus:1
12-09 09:47:21.324 I/DataSrv-10.3.0.301-O-1115-17:51-GeoLocator( 9305): Get cell info size: 3
12-09 09:47:21.324 I/DataSrv-10.3.0.301-O-1115-17:51-GeoLocator( 9305): Get mcc shaking cell info size: 3
12-09 09:47:21.336 W/com.news_pro(19868): resources.arsc in APK '/data/app/com.tencent.mtt-GNME6BTq2y4cszVt9UXdmA==/base.apk' is compressed.
12-09 09:47:21.342 W/com.news_pro(19868): resources.arsc in APK '/data/app/com.xunmeng.pinduoduo-OCpra11-JfcV0kfDcbEIew==/base.apk' is compressed.
12-09 09:47:21.342 I/DataSrv-10.3.0.301-O-1115-17:51-GeoStateMachine-GeneratePolicyRunner( 9305): CurrentTime: 1575856041342 startTime: 1559475023282
12-09 09:47:21.342 I/DataSrv-10.3.0.301-O-1115-17:51-GeoStateMachine-GeoBaseState( 9305): process message: 1current state: GeneralState
12-09 09:47:21.342 I/DataSrv-10.3.0.301-O-1115-17:51-GeoStateMachine-GeneratePolicyRunner( 9305): Already later than startTime!
12-09 09:47:21.342 I/DataSrv-10.3.0.301-O-1115-17:51-GeoStateMachine-GeneratePolicyRunner( 9305): Predication size less than 2!
12-09 09:47:21.342 W/AlarmManager( 9305): Unrecognized alarm listener com.huawei.skytone.base.timer.VSimCommonTimer$VSimAlarmListener@81b2e14
12-09 09:47:21.344 I/DataSrv-10.3.0.301-O-1115-17:51-VSimCommonTimer( 9305): requestAlarmManagerTimer set Timer success :GeneratePolicyRunner_COLLECT_REPEAT_TAG to be triggerred after 900000 millis.
12-09 09:47:21.344 E/DataSrv-10.3.0.301-O-1115-17:51-VSimTripleCardInterface( 9305): subId is invalid, mode: 0
12-09 09:47:21.344 E/DataSrv-10.3.0.301-O-1115-17:51-VSimUtils( 9305): vsim subId is illegal:-1
12-09 09:47:21.344 W/DataSrv-10.3.0.301-O-1115-17:51-PlmnUtils( 9305): plmn is null.
12-09 09:47:21.344 E/DataSrv-10.3.0.301-O-1115-17:51-CoverageMgr( 9305): getMasterMcc, input mcc is empty.
12-09 09:47:21.346 W/DataSrv-10.3.0.301-O-1115-17:51-PlmnUtils( 9305): plmn is null.
12-09 09:47:21.346 E/DataSrv-10.3.0.301-O-1115-17:51-VSimUtils( 9305): sub1 plmn is illegal:
12-09 09:47:21.381 W/com.news_pro(19868): resources.arsc in APK '/data/app/com.ss.android.article.news-tyo-XQNPM55nKr0BexyOww==/base.apk' is compressed.
12-09 09:47:21.427 W/com.news_pro(19868): resources.arsc in APK '/data/app/com.ss.android.ugc.aweme-XIM5_XSDjvKdQUmE0S6LvA==/base.apk' is compressed.
12-09 09:47:21.473 W/com.news_pro(19868): resources.arsc in APK '/data/app/com.netease.newsreader.activity-LUw6vjC-qEw_ysc3awYVgw==/base.apk' is compressed.
12-09 09:47:21.505 I/DataSrv-10.3.0.301-O-1115-17:51-OutboundInfoCollector( 9305): LocationEvent received.
12-09 09:47:21.507 I/DataSrv-10.3.0.301-O-1115-17:51-ServicePersistRecorder( 9305): Record on location event.
12-09 09:47:21.507 I/DataSrv-10.3.0.301-O-1115-17:51-ServicePersistRecorder( 9305): Can record service persist state. Last record time: 2019-12-03 08:05:24
12-09 09:47:21.507 I/DataSrv-10.3.0.301-O-1115-17:51-TrainProcessor( 9305): locationInfo's fenceId is invalid, take last fenceId.
12-09 09:47:21.508 I/DataSrv-10.3.0.301-O-1115-17:51-ServicePersistRecorder( 9305): Start to record service persists state.
12-09 09:47:21.508 I/DataSrv-10.3.0.301-O-1115-17:51-NetworkUtils( 9305): check DataRoaming button state
12-09 09:47:21.508 I/DataSrv-10.3.0.301-O-1115-17:51-TrainProcessor( 9305): there is no valid fenceId, discard.
12-09 09:47:21.508 I/DataSrv-10.3.0.301-O-1115-17:51-ServicePersistRecorder( 9305): start to restore servicePersistStateData
12-09 09:47:21.508 I/DataSrv-10.3.0.301-O-1115-17:51-ServicePersistRecorder( 9305): storeServicePersistState: not store the servicePersistState
12-09 09:47:21.509 I/DataSrv-10.3.0.301-O-1115-17:51-ServicePersistRecorder( 9305): needUpload: servicePersistStateSet capacity is: 3
12-09 09:47:21.509 E/DataSrv-10.3.0.301-O-1115-17:51-ServicePersistRecorder( 9305): no need to upload log
12-09 09:47:21.509 I/DataSrv-10.3.0.301-O-1115-17:51-GeoStateMachine( 9305): To new Fence. Type: -1
12-09 09:47:21.509 I/DataSrv-10.3.0.301-O-1115-17:51-GeoLocationHistory( 9305): BayesianClassification not support for fenceType: -1
12-09 09:47:21.509 I/DataSrv-10.3.0.301-O-1115-17:51-GeoLocationHistory( 9305): currentStableType: -1
12-09 09:47:21.509 I/DataSrv-10.3.0.301-O-1115-17:51-GeoLocationHistory( 9305): isEnableBayesianClassification: false
12-09 09:47:21.509 I/DataSrv-10.3.0.301-O-1115-17:51-GeoStateMachine( 9305): Publish new fence event. Type: -1
12-09 09:47:21.509 I/DataSrv-10.3.0.301-O-1115-17:51-FenceEvent( 9305): Public new FenceEvent: FenceEvent{fenceType=-1, timestamp=1575856041509, expireTime=1575856941509, cityCode='null', mcc='null', toMcc='null', fenceId=-1, targetFenceId=[-1], isOutbound=false, strictMode=true}
12-09 09:47:21.509 I/DataSrv-10.3.0.301-O-1115-17:51-GeoStateMachine( 9305): set fenceEvent strict mode true
12-09 09:47:21.509 I/DataSrv-10.3.0.301-O-1115-17:51-FastSmartExecuteFlow( 9305): event: FenceEvent{fenceType=-1, timestamp=1575856041509, expireTime=1575856941509, cityCode='null', mcc='null', toMcc='null', fenceId=-1, targetFenceId=[-1], isOutbound=false, strictMode=true}
12-09 09:47:21.509 I/DataSrv-10.3.0.301-O-1115-17:51-FastSmartExecuteFlow( 9305): onFenceEvent, not port type.
12-09 09:47:21.509 I/DataSrv-10.3.0.301-O-1115-17:51-FeatureDataFlow( 9305): event: FenceEvent{fenceType=-1, timestamp=1575856041509, expireTime=1575856941509, cityCode='null', mcc='null', toMcc='null', fenceId=-1, targetFenceId=[-1], isOutbound=false, strictMode=true}
12-09 09:47:21.509 I/DataSrv-10.3.0.301-O-1115-17:51-FeatureDataFlow( 9305): onFenceEvent, not PORT_GUARDIAN or PORT type.
12-09 09:47:21.509 I/DataSrv-10.3.0.301-O-1115-17:51-FeatureDataFlow( 9305): onFenceEvent, fenceIds is invaild.
12-09 09:47:21.510 W/DataSrv-10.3.0.301-O-1115-17:51-GeoFenceProcessor( 9305): [LeaveFence] event was discarded for there is no matched [GeoFence] event.
12-09 09:47:21.510 I/DataSrv-10.3.0.301-O-1115-17:51-GeoStateMachine-GeoBaseState( 9305): process message: 7current state: GeneralState
12-09 09:47:21.510 I/DataSrv-10.3.0.301-O-1115-17:51-AirportProcessor( 9305): locationInfo's fenceId is invalid, take last fenceId.
12-09 09:47:21.510 I/DataSrv-10.3.0.301-O-1115-17:51-AirportProcessor( 9305): there is no valid fenceId, discard.
12-09 09:47:21.510 I/DataSrv-10.3.0.301-O-1115-17:51-PortProcessor( 9305): locationInfo's fenceId is invalid, take last fenceId.
12-09 09:47:21.510 I/DataSrv-10.3.0.301-O-1115-17:51-PortProcessor( 9305): there is no valid fenceId, discard.
12-09 09:47:21.611 W/com.news_pro(19868): resources.arsc in APK '/data/app/com.jingdong.app.mall-RIH-q4eaqIFwxMoGKnqBbw==/base.apk' is compressed.
12-09 09:47:21.654 W/com.news_pro(19868): resources.arsc in APK '/data/app/com.sina.weibo-JUbbJTCtTmZ3W1kZN8Kxjw==/base.apk' is compressed.
12-09 09:47:21.780 W/com.news_pro(19868): resources.arsc in APK '/data/app/com.eg.android.AlipayGphone-Ky2ZxNERW8Qsjkp_pZBlLg==/base.apk' is compressed.
12-09 09:47:21.786 W/com.news_pro(19868): resources.arsc in APK '/data/app/cn.wps.moffice_eng-Bp3Bfe5Wf5SbTRjENOof3w==/base.apk' is compressed.
12-09 09:47:21.840 I/chatty  ( 1275): uid=1000(system) Binder:1275_2 expire 10 lines
12-09 09:47:22.713 I/chatty  ( 2665): uid=1000(system) HwWifiStatStore expire 7 lines
12-09 09:47:22.718 I/chatty  ( 2665): uid=1000(system) NcWifiDFTManage expire 63 lines
12-09 09:47:22.759 E/        (19961): iptables cmd:iptables-restore
12-09 09:47:22.777 E/        (19962): iptables cmd:ip6tables-restore
12-09 09:47:22.875 W/migration/6(   47): type=1400 audit(0.0:789651): avc: granted { setsched } for scontext=u:r:kernel:s0 tcontext=u:r:kernel:s0 tclass=process
12-09 09:47:22.875 W/migration/7(   53): type=1400 audit(0.0:789652): avc: granted { setsched } for scontext=u:r:kernel:s0 tcontext=u:r:kernel:s0 tclass=process
12-09 09:47:22.878 I/aptouch_daemon(  759): check_afe_status, afe[106 120 X1] [ctrl:X40020 ftr:X100] dif[40 -28] raw[29330 22162] [exp:X0 aN:0 lo:0]
12-09 09:47:23.020 I/chatty  ( 1275): uid=1000(system) Binder:1275_E expire 11 lines
12-09 09:47:23.101 I/chatty  (15860): uid=10026(com.huawei.desktop.systemui) SystemUIThreadF expire 14 lines
12-09 09:47:23.103 I/chatty  (15860): uid=10026(com.huawei.desktop.systemui) com.android.systemui expire 76 lines
12-09 09:47:23.110 I/chatty  ( 2665): uid=1000(system) BD.BDRecorder expire 16 lines
12-09 09:47:23.255 W/migration/7(   53): type=1400 audit(0.0:789653): avc: granted { setsched } for scontext=u:r:kernel:s0 tcontext=u:r:kernel:s0 tclass=process
12-09 09:47:23.255 W/migration/6(   47): type=1400 audit(0.0:789654): avc: granted { setsched } for scontext=u:r:kernel:s0 tcontext=u:r:kernel:s0 tclass=process
12-09 09:47:24.488 W/System.err(32091): android.content.pm.PackageManager$NameNotFoundException: /data/app/com.tencent.android.qqdownloader-jjegCbdhgogBd4J0fNOMRw==/lib/arm/libwatch.so
12-09 09:47:24.489 W/System.err(32091): 	at android.app.ApplicationPackageManager.getApplicationInfoAsUser(ApplicationPackageManager.java:429)
12-09 09:47:24.489 W/System.err(32091): 	at android.app.ApplicationPackageManager.getApplicationInfo(ApplicationPackageManager.java:409)
12-09 09:47:24.489 W/System.err(32091): 	at com.tencent.nucleus.manager.usagestats.UsagestatsSTManager.a(ProGuard:787)
12-09 09:47:24.489 W/System.err(32091): 	at com.tencent.nucleus.manager.floatingwindow.manager.u.handleMessage(ProGuard:287)
12-09 09:47:24.489 W/System.err(32091): 	at android.os.Handler.dispatchMessage(Handler.java:112)
12-09 09:47:24.489 W/System.err(32091): 	at android.os.Looper.loop(Looper.java:216)
12-09 09:47:24.489 W/System.err(32091): 	at android.os.HandlerThread.run(HandlerThread.java:65)
12-09 09:47:24.944 I/AwareBitmapCacher(19868): init lrucache size: 2097152 pid=19868
12-09 09:47:25.179 I/downloader:liv(19919): Waiting for a blocking GC ProfileSaver
12-09 09:47:25.201 I/downloader:liv(19919): WaitForGcToComplete blocked ProfileSaver on AddRemoveAppImageSpace for 21.333ms
12-09 09:47:25.203 D/AwareBitmapCacher(19919): handleInit disable com.tencent.android.qqdownloader:live
12-09 09:47:25.534 I/chatty  ( 1275): uid=1000(system) AlarmManager expire 19 lines
12-09 09:47:26.473 I/chatty  (15860): uid=10026(com.huawei.desktop.systemui) SysUiBg expire 10 lines
12-09 09:47:26.531 I/chatty  ( 1275): uid=1000(system) WifiService expire 16 lines
12-09 09:47:28.991 W/PhoneInterfaceManager( 2733): shouldBlockLocation running ...
12-09 09:47:28.991 I/PhoneInterfaceManager( 2733): shouldBlockLocation  ret:false
12-09 09:47:28.999 W/PhoneInterfaceManager( 2733): shouldBlockLocation running ...
12-09 09:47:28.999 I/PhoneInterfaceManager( 2733): shouldBlockLocation  ret:false
12-09 09:47:29.002 I/chatty  (15860): uid=10026(com.huawei.desktop.systemui) SystemUI_subThr expire 10 lines
12-09 09:47:29.017 I/chatty  (  632): uid=1000(system) HwBinder:632_1 expire 10 lines
12-09 09:47:34.989 W/PhoneInterfaceManager( 2733): shouldBlockLocation running ...
12-09 09:47:34.989 I/PhoneInterfaceManager( 2733): shouldBlockLocation  ret:false
12-09 09:47:34.997 W/PhoneInterfaceManager( 2733): shouldBlockLocation running ...
12-09 09:47:34.997 I/PhoneInterfaceManager( 2733): shouldBlockLocation  ret:false
12-09 09:47:35.015 I/chatty  ( 2685): uid=1000(system) Binder:2685_D expire 10 lines
12-09 09:47:36.540 I/chatty  ( 1275): uid=1000(system) MobileQosDetect expire 21 lines
12-09 09:47:37.571 I/chatty  ( 1275): uid=1000(system) Binder:1275_14 expire 15 lines
12-09 09:47:37.602 D/WorkSource( 3059): Insert in WorkSource{} @ 0 uid 10030 name com.google.android.gms
12-09 09:47:37.603 D/WorkSource( 3059): Insert in WorkSource{} @ 0 uid 10030 name com.google.android.gms
12-09 09:47:37.620 D/WorkSource( 3059): Insert in WorkSource{} @ 0 uid 10030 name com.google.android.gms
12-09 09:47:37.696 I/NetRec  ( 3059): [4866] alfq.a: Refreshing scores for 150 networks.
12-09 09:47:37.727 I/PreDnsController(  623): canPreDnsQuery,persist.sys.predns is false!
12-09 09:47:38.764 I/SmartThreadExecutor(13993): handleMessage: start check 0
12-09 09:47:38.765 I/SmartThreadExecutor(13993): handleMessage: check end 0 -385 false
12-09 09:47:38.765 I/SmartThreadExecutor(13993): handleMessage: start check 1
12-09 09:47:38.765 I/SmartThreadExecutor(13993): handleMessage: check end 1 -385 false
12-09 09:47:39.755 I/NetRec  ( 3059): [4866] alfq.b: Will retry failed rapid_refresh_scores_task task as standard refresh.
12-09 09:47:39.758 W/NetRec  ( 3059): [4866] alfq.a: Unexpected exception com.android.volley.NoConnectionError: java.net.ConnectException: Failed to connect to mobilenetworkscoring-pa.googleapis.com/216.58.200.42:443 while waiting for score updates (com.android.volley.NoConnectionError: java.net.ConnectException: Failed to connect to mobilenetworkscoring-pa.googleapis.com/216.58.200.42:443). Returning 2.
12-09 09:47:39.764 I/NetRec  ( 3059): [4866] NetRecChimeraGcmTaskService.a: Still entries pending update, scheduling new rapid_refresh_scores_task refresh.
12-09 09:47:39.766 I/NetRec  ( 3059): [4866] NetRecChimeraGcmTaskService.a: Completed rapid_refresh_scores_task score refresh task in 2136 ms, returning 2
12-09 09:47:39.785 D/WorkSource( 3059): Insert in WorkSource{} @ 0 uid 10030 name com.google.android.gms
12-09 09:47:40.052 I/chatty  ( 2685): uid=1000(system) HwTrajectoryMan expire 10 lines
12-09 09:47:40.054 I/chatty  ( 2633): uid=1000(system) Binder:2633_B expire 6 lines
12-09 09:47:40.056 I/FusionD_CellBatching(  840): (cellBatchingNetlinkCb:112):cmd[17].length[20]
12-09 09:47:40.056 I/FusionD_CellBatching(  840): (onCellBatchingChanged:152):send num[1]
12-09 09:47:40.255 I/Process (19919): Sending signal. PID: 19919 SIG: 9
12-09 09:47:40.303 I/Zygote  (  625): Process 19919 exited due to signal (9)
12-09 09:47:40.306 I/chatty  ( 1275): uid=1000(system) sManagerService expire 1 line
12-09 09:47:40.805 I/audio_hw_primary(  655): usb_ext_get_parameters: check show hires (false)
12-09 09:47:40.805 I/hash_map_utils(  680): key: 'typec_need_show_hires' value: ''
12-09 09:47:40.805 I/bt_a2dp_hw(  680): adev_get_parameters: audio a2dp receive kvpairs typec_need_show_hires ,but need not handle
12-09 09:47:40.807 I/chatty  ( 1275): uid=1000(system) Thread-33 expire 2 lines
12-09 09:47:40.997 W/PhoneInterfaceManager( 2733): shouldBlockLocation running ...
12-09 09:47:40.998 I/PhoneInterfaceManager( 2733): shouldBlockLocation  ret:false
12-09 09:47:41.008 W/PhoneInterfaceManager( 2733): shouldBlockLocation running ...
12-09 09:47:41.008 I/PhoneInterfaceManager( 2733): shouldBlockLocation  ret:false
12-09 09:47:41.024 I/chatty  (  632): uid=1000(system) HwBinder:632_1 expire 10 lines
12-09 09:47:41.613 I/chatty  ( 1275): uid=1000 system_server expire 13 lines
12-09 09:47:41.616 I/AwareLog(  817): HibSTrategy::HibStrategySwapCandidateProcessAdd packagename com.news_pro
12-09 09:47:41.751 W/migration/6(   47): type=1400 audit(0.0:789655): avc: granted { setsched } for scontext=u:r:kernel:s0 tcontext=u:r:kernel:s0 tclass=process
12-09 09:47:41.751 W/migration/7(   53): type=1400 audit(0.0:789656): avc: granted { setsched } for scontext=u:r:kernel:s0 tcontext=u:r:kernel:s0 tclass=process
12-09 09:47:41.813 I/AwareLog(  817): HiberManagerService::do_reclaim ok, pid=19868, reclaim_mode = hiber_anon
12-09 09:47:41.813 I/AwareLog(  817): HiberManagerService::getReclaimResult:reclaim_kb=21104, swap_kb=21104, swap_us=131250
12-09 09:47:41.813 I/AwareLog(  817): HibStrategy::HibStrategySwapCandidateProcessRemove packagename is com.news_pro
12-09 09:47:41.813 I/AwareLog(  817): HiberManagerService::sendMessagetoHiberTask successful
12-09 09:47:41.951 W/migration/7(   53): type=1400 audit(0.0:789657): avc: granted { setsched } for scontext=u:r:kernel:s0 tcontext=u:r:kernel:s0 tclass=process
12-09 09:47:41.951 W/migration/6(   47): type=1400 audit(0.0:789658): avc: granted { setsched } for scontext=u:r:kernel:s0 tcontext=u:r:kernel:s0 tclass=process
12-09 09:47:44.019 I/chatty  (13570): uid=1000(system) Binder:13570_3 expire 10 lines
12-09 09:47:44.059 I/chatty  ( 2713): uid=1000(system) core expire 18 lines
12-09 09:47:44.093 I/chatty  (15860): uid=10026(com.huawei.desktop.systemui) com.android.systemui expire 147 lines
12-09 09:47:44.103 W/migration/6(   47): type=1400 audit(0.0:789659): avc: granted { setsched } for scontext=u:r:kernel:s0 tcontext=u:r:kernel:s0 tclass=process
12-09 09:47:44.203 W/migration/6(   47): type=1400 audit(0.0:789660): avc: granted { setsched } for scontext=u:r:kernel:s0 tcontext=u:r:kernel:s0 tclass=process
12-09 09:47:44.401 I/chatty  ( 2633): uid=1000(system) UploadControlle expire 11 lines
12-09 09:47:44.405 I/PreDnsController(  623): canPreDnsQuery,persist.sys.predns is false!
12-09 09:47:45.230 E/JankService(19974): child Thread receive to stop
12-09 09:47:45.370 E/JankService(  829): all data read ok
12-09 09:47:46.419 D/SensorHub(  821): Get acc data 0.414494, -0.216991, 9.748020
12-09 09:47:46.994 I/chatty  ( 2633): uid=1000(system) collection expire 18 lines
12-09 09:47:46.997 W/PhoneInterfaceManager( 2733): shouldBlockLocation running ...
12-09 09:47:46.997 I/PhoneInterfaceManager( 2733): shouldBlockLocation  ret:false
12-09 09:47:47.010 W/PhoneInterfaceManager( 2733): shouldBlockLocation running ...
12-09 09:47:47.010 I/PhoneInterfaceManager( 2733): shouldBlockLocation  ret:false
12-09 09:47:47.012 I/chatty  ( 1275): uid=1000(system) Binder:1275_3 expire 18 lines
12-09 09:47:50.401 I/HwLauncher( 2743): LauncherProvider launcher call - method:setAppBadgeCount arg:null extras:[app_shortcut_custom_id=null][app_shortcut_class_name=com.tencent.mm.ui.LauncherUI][app_badge_count=4] uid =10151 pid =10416
12-09 09:47:50.402 I/HwLauncher( 2743): LauncherProvider launcher call - method:setAppBadgeCount arg:null extras:[app_shortcut_custom_id=[shortcut_78c38ac3a6c29ac390c2ba3f4cc2acc398c3b7c292c2947d77c2b50862c2b83a]][app_shortcut_class_name=com.tencent.mm.ui.LauncherUI][app_badge_count=8] uid =10151 pid =10416
12-09 09:47:50.407 I/HwLauncher( 2743): LauncherProvider launcher call - method:setAppBadgeCount arg:null extras:[app_shortcut_custom_id=null][app_shortcut_class_name=com.tencent.mm.ui.LauncherUI][app_badge_count=4] uid =10151 pid =10416
12-09 09:47:50.408 I/HwLauncher( 2743): LauncherProvider launcher call - method:setAppBadgeCount arg:null extras:[app_shortcut_custom_id=[shortcut_7bc38ec3abc29bc394c2bf3c49c2a8c398c3bec292c2947d77c2b50862c2b83a]][app_shortcut_class_name=com.tencent.mm.ui.LauncherUI][app_badge_count=38] uid =10151 pid =10416
12-09 09:47:50.547 W/[GT]worker(10416): type=1400 audit(0.0:789661): avc: granted { create } for name="f9" scontext=u:r:untrusted_app:s0:c151,c256,c512,c768 tcontext=u:object_r:sdcardfs:s0:c151,c256,c512,c768 tclass=dir
12-09 09:47:50.547 W/[GT]worker(10416): type=1400 audit(0.0:789662): avc: granted { create } for name=".nomedia" scontext=u:r:untrusted_app:s0:c151,c256,c512,c768 tcontext=u:object_r:sdcardfs:s0:c151,c256,c512,c768 tclass=file
12-09 09:47:50.559 W/[GT]worker(10416): type=1400 audit(0.0:789663): avc: granted { create } for name="th_30f98065ea1cfad8d4ee30278bcc25a6" scontext=u:r:untrusted_app:s0:c151,c256,c512,c768 tcontext=u:object_r:sdcardfs:s0:c151,c256,c512,c768 tclass=file
12-09 09:47:50.583 W/[GT]worker(10416): type=1400 audit(0.0:789664): avc: granted { create } for name="02" scontext=u:r:untrusted_app:s0:c151,c256,c512,c768 tcontext=u:object_r:sdcardfs:s0:c151,c256,c512,c768 tclass=dir
12-09 09:47:50.583 W/[GT]worker(10416): type=1400 audit(0.0:789665): avc: granted { create } for name=".nomedia" scontext=u:r:untrusted_app:s0:c151,c256,c512,c768 tcontext=u:object_r:sdcardfs:s0:c151,c256,c512,c768 tclass=file
12-09 09:47:50.587 W/[GT]worker(10416): type=1400 audit(0.0:789666): avc: granted { create } for name="th_9702183b529413cf34e3a07fb445a30c" scontext=u:r:untrusted_app:s0:c151,c256,c512,c768 tcontext=u:object_r:sdcardfs:s0:c151,c256,c512,c768 tclass=file
12-09 09:47:50.599 W/[GT]worker(10416): type=1400 audit(0.0:789667): avc: granted { create } for name="26" scontext=u:r:untrusted_app:s0:c151,c256,c512,c768 tcontext=u:object_r:sdcardfs:s0:c151,c256,c512,c768 tclass=dir
12-09 09:47:50.599 W/[GT]worker(10416): type=1400 audit(0.0:789668): avc: granted { create } for name=".nomedia" scontext=u:r:untrusted_app:s0:c151,c256,c512,c768 tcontext=u:object_r:sdcardfs:s0:c151,c256,c512,c768 tclass=file
12-09 09:47:50.603 W/[GT]worker(10416): type=1400 audit(0.0:789669): avc: granted { create } for name="th_51261f6033891d11f2fa4efadf5ab62a" scontext=u:r:untrusted_app:s0:c151,c256,c512,c768 tcontext=u:object_r:sdcardfs:s0:c151,c256,c512,c768 tclass=file
12-09 09:47:50.616 E/Thermal-daemon(  811): [ap] temp_new :27  temp_old :26
12-09 09:47:50.618 E/Thermal-daemon(  811): Report temperature: [ap] temp :27  report_threshold:1
12-09 09:47:50.651 W/[GT]worker(10416): type=1400 audit(0.0:789670): avc: granted { create } for name="bf" scontext=u:r:untrusted_app:s0:c151,c256,c512,c768 tcontext=u:object_r:sdcardfs:s0:c151,c256,c512,c768 tclass=dir
12-09 09:47:50.651 W/[GT]worker(10416): type=1400 audit(0.0:789671): avc: granted { create } for name=".nomedia" scontext=u:r:untrusted_app:s0:c151,c256,c512,c768 tcontext=u:object_r:sdcardfs:s0:c151,c256,c512,c768 tclass=file
12-09 09:47:50.659 W/[GT]worker(10416): type=1400 audit(0.0:789672): avc: granted { create } for name="th_c1bfc1abdba578e2ae9dfadfbd5f37a4" scontext=u:r:untrusted_app:s0:c151,c256,c512,c768 tcontext=u:object_r:sdcardfs:s0:c151,c256,c512,c768 tclass=file
12-09 09:47:50.843 W/[GT]worker(10416): type=1400 audit(0.0:789673): avc: granted { create } for name="th_0356b7cfbef171d911f11c740b583f1b" scontext=u:r:untrusted_app:s0:c151,c256,c512,c768 tcontext=u:object_r:sdcardfs:s0:c151,c256,c512,c768 tclass=file
12-09 09:47:51.000 I/HwLauncher( 2743): LauncherProvider launcher call - method:setAppBadgeCount arg:null extras:[app_shortcut_custom_id=null][app_shortcut_class_name=com.tencent.mm.ui.LauncherUI][app_badge_count=4] uid =10151 pid =10416
12-09 09:47:51.000 I/HwLauncher( 2743): LauncherProvider launcher call - method:setAppBadgeCount arg:null extras:[app_shortcut_custom_id=[shortcut_7bc38ec3abc29bc394c2bf3c49c2a8c398c3bec292c2947d77c2b50862c2b83a]][app_shortcut_class_name=com.tencent.mm.ui.LauncherUI][app_badge_count=49] uid =10151 pid =10416
12-09 09:47:51.004 I/HwLauncher( 2743): LauncherProvider launcher call - method:setAppBadgeCount arg:null extras:[app_shortcut_custom_id=null][app_shortcut_class_name=com.tencent.mm.ui.LauncherUI][app_badge_count=4] uid =10151 pid =10416
12-09 09:47:51.005 I/HwLauncher( 2743): LauncherProvider launcher call - method:setAppBadgeCount arg:null extras:[app_shortcut_custom_id=[shortcut_78c38ac3a6c29ac390c2ba3f4cc2acc398c3b7c292c2947d77c2b50862c2b83a]][app_shortcut_class_name=com.tencent.mm.ui.LauncherUI][app_badge_count=9] uid =10151 pid =10416
12-09 09:47:51.275 W/mars::19977(10416): type=1400 audit(0.0:789674): avc: granted { create } for name="1575856071058" scontext=u:r:untrusted_app:s0:c151,c256,c512,c768 tcontext=u:object_r:sdcardfs:s0:c151,c256,c512,c768 tclass=file
12-09 09:47:51.327 W/[GT]HandlerThre(10416): type=1400 audit(0.0:789675): avc: granted { create } for name="th_78e42b576cdb5c2e0685724aee99ee9c.tmp" scontext=u:r:untrusted_app:s0:c151,c256,c512,c768 tcontext=u:object_r:sdcardfs:s0:c151,c256,c512,c768 tclass=file
12-09 09:47:51.331 W/[GT]HandlerThre(10416): type=1400 audit(0.0:789676): avc: granted { create } for name="th_78e42b576cdb5c2e0685724aee99ee9c" scontext=u:r:untrusted_app:s0:c151,c256,c512,c768 tcontext=u:object_r:sdcardfs:s0:c151,c256,c512,c768 tclass=file
12-09 09:47:51.387 W/mars::19978(10416): type=1400 audit(0.0:789677): avc: granted { create } for name="1575856071171" scontext=u:r:untrusted_app:s0:c151,c256,c512,c768 tcontext=u:object_r:sdcardfs:s0:c151,c256,c512,c768 tclass=file
12-09 09:47:51.402 D/TelephonyManager(10416): getAllCellInfo calling app is com.tencent.mm
12-09 09:47:51.404 W/PhoneInterfaceManager( 2733): shouldBlockLocation running ...
12-09 09:47:51.409 I/PhoneInterfaceManager( 2733): shouldBlockLocation  ret:false
12-09 09:47:51.411 I/chatty  ( 2685): uid=1000(system) Binder:2685_D expire 23 lines
12-09 09:47:51.412 I/chatty  (  632): uid=1000(system) HwBinder:632_1 expire 59 lines
12-09 09:47:51.423 W/[GT]HandlerThre(10416): type=1400 audit(0.0:789678): avc: granted { create } for name="bc" scontext=u:r:untrusted_app:s0:c151,c256,c512,c768 tcontext=u:object_r:sdcardfs:s0:c151,c256,c512,c768 tclass=dir
12-09 09:47:51.427 W/[GT]HandlerThre(10416): type=1400 audit(0.0:789679): avc: granted { create } for name=".nomedia" scontext=u:r:untrusted_app:s0:c151,c256,c512,c768 tcontext=u:object_r:sdcardfs:s0:c151,c256,c512,c768 tclass=file
12-09 09:47:51.427 W/[GT]HandlerThre(10416): type=1400 audit(0.0:789680): avc: granted { create } for name="th_50bce7d58661a8be42fb5b11f0b6c970.tmp" scontext=u:r:untrusted_app:s0:c151,c256,c512,c768 tcontext=u:object_r:sdcardfs:s0:c151,c256,c512,c768 tclass=file
12-09 09:47:51.435 W/[GT]HandlerThre(10416): type=1400 audit(0.0:789681): avc: granted { create } for name="th_50bce7d58661a8be42fb5b11f0b6c970" scontext=u:r:untrusted_app:s0:c151,c256,c512,c768 tcontext=u:object_r:sdcardfs:s0:c151,c256,c512,c768 tclass=file
12-09 09:47:51.511 W/mars::19979(10416): type=1400 audit(0.0:789682): avc: granted { create } for name="1575856071282" scontext=u:r:untrusted_app:s0:c151,c256,c512,c768 tcontext=u:object_r:sdcardfs:s0:c151,c256,c512,c768 tclass=file
12-09 09:47:51.530 I/HwLauncher( 2743): LauncherProvider launcher call - method:setAppBadgeCount arg:null extras:[app_shortcut_custom_id=[shortcut_7bc38ec3abc29bc394c2bf3c49c2a8c398c3bec292c2947d77c2b50862c2b83a]][app_shortcut_class_name=com.tencent.mm.ui.LauncherUI][app_badge_count=54] uid =10151 pid =10416
12-09 09:47:51.533 I/HwLauncher( 2743): LauncherProvider launcher call - method:setAppBadgeCount arg:null extras:[app_shortcut_custom_id=null][app_shortcut_class_name=com.tencent.mm.ui.LauncherUI][app_badge_count=4] uid =10151 pid =10416
12-09 09:47:51.538 I/HwLauncher( 2743): LauncherProvider launcher call - method:setAppBadgeCount arg:null extras:[app_shortcut_custom_id=null][app_shortcut_class_name=com.tencent.mm.ui.LauncherUI][app_badge_count=4] uid =10151 pid =10416
12-09 09:47:51.539 I/HwLauncher( 2743): LauncherProvider launcher call - method:setAppBadgeCount arg:null extras:[app_shortcut_custom_id=[shortcut_7ec380c3abc29cc394c2ba324cc2abc395c28ec2b1c29f7462c2b31562c2ba]][app_shortcut_class_name=com.tencent.mm.ui.LauncherUI][app_badge_count=6] uid =10151 pid =10416
12-09 09:47:51.555 W/[GT]HandlerThre(10416): type=1400 audit(0.0:789683): avc: granted { create } for name="f5" scontext=u:r:untrusted_app:s0:c151,c256,c512,c768 tcontext=u:object_r:sdcardfs:s0:c151,c256,c512,c768 tclass=dir
12-09 09:47:51.558 I/HwLauncher( 2743): LauncherProvider launcher call - method:setAppBadgeCount arg:null extras:[app_shortcut_custom_id=null][app_shortcut_class_name=com.tencent.mm.ui.LauncherUI][app_badge_count=4] uid =10151 pid =10416
12-09 09:47:51.559 W/[GT]HandlerThre(10416): type=1400 audit(0.0:789684): avc: granted { create } for name=".nomedia" scontext=u:r:untrusted_app:s0:c151,c256,c512,c768 tcontext=u:object_r:sdcardfs:s0:c151,c256,c512,c768 tclass=file
12-09 09:47:51.559 W/[GT]HandlerThre(10416): type=1400 audit(0.0:789685): avc: granted { create } for name="th_cff54eebeca7a6e92ed0bc3bf53ae0e9.tmp" scontext=u:r:untrusted_app:s0:c151,c256,c512,c768 tcontext=u:object_r:sdcardfs:s0:c151,c256,c512,c768 tclass=file
12-09 09:47:51.559 I/HwLauncher( 2743): LauncherProvider launcher call - method:setAppBadgeCount arg:null extras:[app_shortcut_custom_id=[shortcut_78c38ac3a6c29ac390c2ba3f4cc2acc398c3b7c292c2947d77c2b50862c2b83a]][app_shortcut_class_name=com.tencent.mm.ui.LauncherUI][app_badge_count=12] uid =10151 pid =10416
12-09 09:47:51.563 I/chatty  (15860): uid=10026(com.huawei.desktop.systemui) SysUiBg expire 12 lines
12-09 09:47:51.819 D/TelephonyManager(10416): getAllCellInfo calling app is com.tencent.mm
12-09 09:47:51.821 W/PhoneInterfaceManager( 2733): shouldBlockLocation running ...
12-09 09:47:51.826 I/PhoneInterfaceManager( 2733): shouldBlockLocation  ret:false
12-09 09:47:52.027 W/migration/6(   47): type=1400 audit(0.0:789687): avc: granted { setsched } for scontext=u:r:kernel:s0 tcontext=u:r:kernel:s0 tclass=process
12-09 09:47:52.071 W/mars::19984(10416): type=1400 audit(0.0:789688): avc: granted { create } for name="1575856071945" scontext=u:r:untrusted_app:s0:c151,c256,c512,c768 tcontext=u:object_r:sdcardfs:s0:c151,c256,c512,c768 tclass=file
12-09 09:47:52.111 W/[GT]HandlerThre(10416): type=1400 audit(0.0:789689): avc: granted { create } for name="1a" scontext=u:r:untrusted_app:s0:c151,c256,c512,c768 tcontext=u:object_r:sdcardfs:s0:c151,c256,c512,c768 tclass=dir
12-09 09:47:52.115 W/[GT]HandlerThre(10416): type=1400 audit(0.0:789690): avc: granted { create } for name=".nomedia" scontext=u:r:untrusted_app:s0:c151,c256,c512,c768 tcontext=u:object_r:sdcardfs:s0:c151,c256,c512,c768 tclass=file
12-09 09:47:52.119 W/[GT]HandlerThre(10416): type=1400 audit(0.0:789691): avc: granted { create } for name="th_2d1a63798eeee14da988bd37df7abaad.tmp" scontext=u:r:untrusted_app:s0:c151,c256,c512,c768 tcontext=u:object_r:sdcardfs:s0:c151,c256,c512,c768 tclass=file
12-09 09:47:52.119 W/migration/6(   47): type=1400 audit(0.0:789692): avc: granted { setsched } for scontext=u:r:kernel:s0 tcontext=u:r:kernel:s0 tclass=process
12-09 09:47:52.127 W/[GT]HandlerThre(10416): type=1400 audit(0.0:789693): avc: granted { create } for name="th_2d1a63798eeee14da988bd37df7abaad" scontext=u:r:untrusted_app:s0:c151,c256,c512,c768 tcontext=u:object_r:sdcardfs:s0:c151,c256,c512,c768 tclass=file
12-09 09:47:52.203 W/mars::19985(10416): type=1400 audit(0.0:789694): avc: granted { create } for name="1575856071980" scontext=u:r:untrusted_app:s0:c151,c256,c512,c768 tcontext=u:object_r:sdcardfs:s0:c151,c256,c512,c768 tclass=file
12-09 09:47:52.251 W/[GT]HandlerThre(10416): type=1400 audit(0.0:789695): avc: granted { create } for name="2d" scontext=u:r:untrusted_app:s0:c151,c256,c512,c768 tcontext=u:object_r:sdcardfs:s0:c151,c256,c512,c768 tclass=dir
12-09 09:47:52.251 W/[GT]HandlerThre(10416): type=1400 audit(0.0:789696): avc: granted { create } for name=".nomedia" scontext=u:r:untrusted_app:s0:c151,c256,c512,c768 tcontext=u:object_r:sdcardfs:s0:c151,c256,c512,c768 tclass=file
12-09 09:47:52.255 W/[GT]HandlerThre(10416): type=1400 audit(0.0:789697): avc: granted { create } for name="th_282d55b4f99c7ae4d708054284fa9a5a.tmp" scontext=u:r:untrusted_app:s0:c151,c256,c512,c768 tcontext=u:object_r:sdcardfs:s0:c151,c256,c512,c768 tclass=file
12-09 09:47:52.263 W/[GT]HandlerThre(10416): type=1400 audit(0.0:789698): avc: granted { create } for name="th_282d55b4f99c7ae4d708054284fa9a5a" scontext=u:r:untrusted_app:s0:c151,c256,c512,c768 tcontext=u:object_r:sdcardfs:s0:c151,c256,c512,c768 tclass=file
12-09 09:47:52.343 W/mars::19986(10416): type=1400 audit(0.0:789699): avc: granted { create } for name="1575856072060" scontext=u:r:untrusted_app:s0:c151,c256,c512,c768 tcontext=u:object_r:sdcardfs:s0:c151,c256,c512,c768 tclass=file
12-09 09:47:52.406 I/HwLauncher( 2743): LauncherProvider launcher call - method:setAppBadgeCount arg:null extras:[app_shortcut_custom_id=null][app_shortcut_class_name=com.tencent.mm.ui.LauncherUI][app_badge_count=4] uid =10151 pid =10416
12-09 09:47:52.411 I/HwLauncher( 2743): LauncherProvider launcher call - method:setAppBadgeCount arg:null extras:[app_shortcut_custom_id=[shortcut_7bc38ec3abc29bc394c2bf3c49c2a8c398c3bec292c2947d77c2b50862c2b83a]][app_shortcut_class_name=com.tencent.mm.ui.LauncherUI][app_badge_count=62] uid =10151 pid =10416
12-09 09:47:52.415 I/HwLauncher( 2743): LauncherProvider launcher call - method:setAppBadgeCount arg:null extras:[app_shortcut_custom_id=null][app_shortcut_class_name=com.tencent.mm.ui.LauncherUI][app_badge_count=4] uid =10151 pid =10416
12-09 09:47:52.419 W/migration/6(   47): type=1400 audit(0.0:789700): avc: granted { setsched } for scontext=u:r:kernel:s0 tcontext=u:r:kernel:s0 tclass=process
12-09 09:47:52.419 I/HwLauncher( 2743): LauncherProvider launcher call - method:setAppBadgeCount arg:null extras:[app_shortcut_custom_id=[shortcut_78c38ac3a6c29ac390c2ba3f4cc2acc398c3b7c292c2947d77c2b50862c2b83a]][app_shortcut_class_name=com.tencent.mm.ui.LauncherUI][app_badge_count=24] uid =10151 pid =10416
12-09 09:47:52.420 I/HwLauncher( 2743): LauncherProvider launcher call - method:setAppBadgeCount arg:null extras:[app_shortcut_custom_id=null][app_shortcut_class_name=com.tencent.mm.ui.LauncherUI][app_badge_count=4] uid =10151 pid =10416
12-09 09:47:52.436 I/HwLauncher( 2743): LauncherProvider launcher call - method:setAppBadgeCount arg:null extras:[app_shortcut_custom_id=[shortcut_7bc38ec3abc29bc394c2bf3c49c2a8c398c3bec292c2947d77c2b50862c2b83a]][app_shortcut_class_name=com.tencent.mm.ui.LauncherUI][app_badge_count=62] uid =10151 pid =10416
12-09 09:47:52.437 I/HwLauncher( 2743): LauncherProvider launcher call - method:setAppBadgeCount arg:null extras:[app_shortcut_custom_id=null][app_shortcut_class_name=com.tencent.mm.ui.LauncherUI][app_badge_count=4] uid =10151 pid =10416
12-09 09:47:52.437 I/HwLauncher( 2743): LauncherProvider launcher call - method:setAppBadgeCount arg:null extras:[app_shortcut_custom_id=[shortcut_7bc38ec3abc29bc394c2bf3c49c2a8c398c3bec292c2947d77c2b50862c2b83a]][app_shortcut_class_name=com.tencent.mm.ui.LauncherUI][app_badge_count=62] uid =10151 pid =10416
12-09 09:47:52.439 I/HwLauncher( 2743): LauncherProvider launcher call - method:setAppBadgeCount arg:null extras:[app_shortcut_custom_id=null][app_shortcut_class_name=com.tencent.mm.ui.LauncherUI][app_badge_count=4] uid =10151 pid =10416
12-09 09:47:52.443 W/[GT]HandlerThre(10416): type=1400 audit(0.0:789701): avc: granted { create } for name="b4" scontext=u:r:untrusted_app:s0:c151,c256,c512,c768 tcontext=u:object_r:sdcardfs:s0:c151,c256,c512,c768 tclass=dir
12-09 09:47:52.447 W/[GT]HandlerThre(10416): type=1400 audit(0.0:789702): avc: granted { create } for name=".nomedia" scontext=u:r:untrusted_app:s0:c151,c256,c512,c768 tcontext=u:object_r:sdcardfs:s0:c151,c256,c512,c768 tclass=file
12-09 09:47:52.447 W/[GT]HandlerThre(10416): type=1400 audit(0.0:789703): avc: granted { create } for name="th_bdb4beffb80484c9807f5137c4a51662.tmp" scontext=u:r:untrusted_app:s0:c151,c256,c512,c768 tcontext=u:object_r:sdcardfs:s0:c151,c256,c512,c768 tclass=file
12-09 09:47:52.447 I/HwLauncher( 2743): LauncherProvider launcher call - method:setAppBadgeCount arg:null extras:[app_shortcut_custom_id=[shortcut_7bc38ec3abc29bc394c2bf3c49c2a8c398c3bec292c2947d77c2b50862c2b83a]][app_shortcut_class_name=com.tencent.mm.ui.LauncherUI][app_badge_count=62] uid =10151 pid =10416
12-09 09:47:52.455 W/[GT]HandlerThre(10416): type=1400 audit(0.0:789704): avc: granted { create } for name="th_bdb4beffb80484c9807f5137c4a51662" scontext=u:r:untrusted_app:s0:c151,c256,c512,c768 tcontext=u:object_r:sdcardfs:s0:c151,c256,c512,c768 tclass=file
12-09 09:47:52.539 W/migration/6(   47): type=1400 audit(0.0:789705): avc: granted { setsched } for scontext=u:r:kernel:s0 tcontext=u:r:kernel:s0 tclass=process
12-09 09:47:52.755 W/[GT]worker(10416): type=1400 audit(0.0:789706): avc: granted { create } for name="8f" scontext=u:r:untrusted_app:s0:c151,c256,c512,c768 tcontext=u:object_r:sdcardfs:s0:c151,c256,c512,c768 tclass=dir
12-09 09:47:52.995 I/chatty  ( 1275): uid=1000 system_server expire 11 lines
12-09 09:47:52.999 I/chatty  ( 2649): uid=1000(system) com.huawei.systemserver expire 10 lines
12-09 09:47:53.001 W/PhoneInterfaceManager( 2733): shouldBlockLocation running ...
12-09 09:47:53.001 I/PhoneInterfaceManager( 2733): shouldBlockLocation  ret:false
12-09 09:47:53.008 W/PhoneInterfaceManager( 2733): shouldBlockLocation running ...
12-09 09:47:53.008 I/PhoneInterfaceManager( 2733): shouldBlockLocation  ret:false
12-09 09:47:53.035 W/[GT]HandlerThre(10416): type=1400 audit(0.0:789719): avc: granted { create } for name="th_a1aa8a5b866e96be971815ec643cb5bc" scontext=u:r:untrusted_app:s0:c151,c256,c512,c768 tcontext=u:object_r:sdcardfs:s0:c151,c256,c512,c768 tclass=file
12-09 09:47:53.059 W/migration/6(   47): type=1400 audit(0.0:789720): avc: granted { setsched } for scontext=u:r:kernel:s0 tcontext=u:r:kernel:s0 tclass=process
12-09 09:47:53.073 W/IptablesRestoreController(  623): iptables-restore process 19961 terminated status=15
12-09 09:47:53.074 W/IptablesRestoreController(  623): iptables-restore process 19962 terminated status=15
12-09 09:47:53.083 I/DataSrv-10.3.0.301-O-1115-17:51-OOBEUtil( 9305): agreeOOBEPolicy agree:true ,oobeStatus:1
12-09 09:47:53.083 I/DataSrv-10.3.0.301-O-1115-17:51-VSimDynamicBroadcastReceiver( 9305): reveive broadcast:android.intent.action.BATTERY_CHANGED
12-09 09:47:53.083 I/DataSrv-10.3.0.301-O-1115-17:51-BusinessAsyncExecutor( 9305): processBroadcast
12-09 09:47:53.083 I/DataSrv-10.3.0.301-O-1115-17:51-BusinessAsyncExecutor( 9305): processBroadcast do
12-09 09:47:53.085 I/DataSrv-10.3.0.301-O-1115-17:51-VSimServiceImpl( 9305): Battery changed! Current status; 5
12-09 09:47:53.092 I/DataSrv-10.3.0.301-O-1115-17:51-FenceData( 9305): getListFromDBCursor size: 74
12-09 09:47:53.092 I/DataSrv-10.3.0.301-O-1115-17:51-FenceDataFlow( 9305): All fence data has updated. No need to update.
12-09 09:47:53.099 W/migration/6(   47): type=1400 audit(0.0:789721): avc: granted { setsched } for scontext=u:r:kernel:s0 tcontext=u:r:kernel:s0 tclass=process
12-09 09:47:53.184 D/TelephonyManager(10416): getAllCellInfo calling app is com.tencent.mm
12-09 09:47:53.186 W/PhoneInterfaceManager( 2733): shouldBlockLocation running ...
12-09 09:47:53.189 I/HwLauncher( 2743): LauncherProvider launcher call - method:setAppBadgeCount arg:null extras:[app_shortcut_custom_id=null][app_shortcut_class_name=com.tencent.mm.ui.LauncherUI][app_badge_count=4] uid =10151 pid =10416
12-09 09:47:53.190 I/HwLauncher( 2743): LauncherProvider launcher call - method:setAppBadgeCount arg:null extras:[app_shortcut_custom_id=[shortcut_7ec380c3abc29cc394c2ba324cc2abc395c28ec2b1c29f7462c2b31562c2ba]][app_shortcut_class_name=com.tencent.mm.ui.LauncherUI][app_badge_count=25] uid =10151 pid =10416
12-09 09:47:53.191 I/PhoneInterfaceManager( 2733): shouldBlockLocation  ret:false
12-09 09:47:53.191 I/HwLauncher( 2743): LauncherProvider launcher call - method:setAppBadgeCount arg:null extras:[app_shortcut_custom_id=null][app_shortcut_class_name=com.tencent.mm.ui.LauncherUI][app_badge_count=4] uid =10151 pid =10416
