12-09 09:52:23.758 D/NetWorkUtils(15860): mVSimCurCardType is -1
12-09 09:52:23.758 D/NetWorkUtils(15860): mVSimCurCardType is -1
12-09 09:52:23.758 D/NetWorkUtils(15860): is3GCalling is false,mCdmaSlot is 0
12-09 09:52:23.758 D/NetWorkUtils(15860): mVSimCurCardType is -1
12-09 09:52:23.759 D/NetWorkUtils(15860): mVSimCurCardType is -1
12-09 09:52:23.759 D/NetWorkUtils(15860): is3GCalling is false,mCdmaSlot is 0
12-09 09:52:23.759 D/NetWorkUtils(15860): mVSimCurCardType is -1
12-09 09:52:23.759 D/NetWorkUtils(15860): mVSimCurCardType is -1
12-09 09:52:25.984 W/System.err(32091): android.content.pm.PackageManager$NameNotFoundException: /data/app/com.tencent.android.qqdownloader-jjegCbdhgogBd4J0fNOMRw==/lib/arm/libwatch.so
12-09 09:52:25.984 W/System.err(32091): 	at android.app.ApplicationPackageManager.getApplicationInfoAsUser(ApplicationPackageManager.java:429)
12-09 09:52:25.984 W/System.err(32091): 	at android.app.ApplicationPackageManager.getApplicationInfo(ApplicationPackageManager.java:409)
12-09 09:52:25.984 W/System.err(32091): 	at com.tencent.nucleus.manager.usagestats.UsagestatsSTManager.a(ProGuard:787)
12-09 09:52:25.984 W/System.err(32091): 	at com.tencent.nucleus.manager.floatingwindow.manager.u.handleMessage(ProGuard:287)
12-09 09:52:25.984 W/System.err(32091): 	at android.os.Handler.dispatchMessage(Handler.java:112)
12-09 09:52:25.984 W/System.err(32091): 	at android.os.Looper.loop(Looper.java:216)
12-09 09:52:25.984 W/System.err(32091): 	at android.os.HandlerThread.run(HandlerThread.java:65)
12-09 09:52:26.342 D/WorkSource( 3059): Insert in WorkSource{} @ 0 uid 10030 name com.google.android.gms
12-09 09:52:26.342 D/WorkSource( 3059): Insert in WorkSource{} @ 0 uid 10030 name com.google.android.gms
12-09 09:52:26.355 D/WorkSource( 3059): Insert in WorkSource{} @ 0 uid 10030 name com.google.android.gms
12-09 09:52:26.435 I/NetRec  ( 3059): [4909] alfq.a: Refreshing scores for 150 networks.
12-09 09:52:26.760 D/NetworkController.MobileSignalController(0)(15860): mSimSubId:0 onDataActivity: direction=3
12-09 09:52:26.769 D/HwCustMobileSignalControllerImpl(15860): updateDataType, mDataNetType: 13, isCAstate: false
12-09 09:52:26.769 D/NetWorkUtils(15860): is3GCalling is false,mCdmaSlot is 0
12-09 09:52:26.769 D/NetWorkUtils(15860): mVSimCurCardType is -1
12-09 09:52:26.770 D/NetWorkUtils(15860): mVSimCurCardType is -1
12-09 09:52:26.770 D/NetWorkUtils(15860): is3GCalling is false,mCdmaSlot is 0
12-09 09:52:26.770 D/NetWorkUtils(15860): mVSimCurCardType is -1
12-09 09:52:26.771 D/NetWorkUtils(15860): mVSimCurCardType is -1
12-09 09:52:26.771 D/NetWorkUtils(15860): is3GCalling is false,mCdmaSlot is 0
12-09 09:52:26.771 D/NetWorkUtils(15860): mVSimCurCardType is -1
12-09 09:52:26.771 D/NetWorkUtils(15860): mVSimCurCardType is -1
12-09 09:52:27.390 I/chatty  ( 2649): uid=1000(system) com.huawei.systemserver expire 6 lines
12-09 09:52:27.393 D/TelephonyManager( 2633): getCellLocation calling app is com.huawei.lbs
12-09 09:52:27.396 W/PhoneInterfaceManager( 2733): shouldBlockLocation running ...
12-09 09:52:27.396 I/PhoneInterfaceManager( 2733): shouldBlockLocation  ret:false
12-09 09:52:27.404 D/TelephonyManager( 2633): getAllCellInfo calling app is com.huawei.lbs
12-09 09:52:27.406 W/PhoneInterfaceManager( 2733): shouldBlockLocation running ...
12-09 09:52:27.406 I/PhoneInterfaceManager( 2733): shouldBlockLocation  ret:false
12-09 09:52:27.408 I/HwMobileSignalController(0)(15860): subId:0 phoneType:2 networktype:13 targetClass:3 masterLevel:4 slaveLevel:-1
12-09 09:52:27.408 I/chatty  ( 1275): uid=1000(system) Binder:1275_A expire 10 lines
12-09 09:52:27.766 D/NetworkController.MobileSignalController(0)(15860): mSimSubId:0 onDataActivity: direction=0
12-09 09:52:27.774 D/HwCustMobileSignalControllerImpl(15860): updateDataType, mDataNetType: 13, isCAstate: false
12-09 09:52:27.774 D/NetWorkUtils(15860): is3GCalling is false,mCdmaSlot is 0
12-09 09:52:27.774 D/NetWorkUtils(15860): mVSimCurCardType is -1
12-09 09:52:27.775 D/NetWorkUtils(15860): mVSimCurCardType is -1
12-09 09:52:27.775 D/NetWorkUtils(15860): is3GCalling is false,mCdmaSlot is 0
12-09 09:52:27.775 D/NetWorkUtils(15860): mVSimCurCardType is -1
12-09 09:52:27.775 D/NetWorkUtils(15860): mVSimCurCardType is -1
12-09 09:52:27.776 D/NetWorkUtils(15860): is3GCalling is false,mCdmaSlot is 0
12-09 09:52:27.776 D/NetWorkUtils(15860): mVSimCurCardType is -1
12-09 09:52:27.776 D/NetWorkUtils(15860): mVSimCurCardType is -1
12-09 09:52:28.523 I/NetRec  ( 3059): [4909] alfq.b: Will retry failed rapid_refresh_scores_task task as standard refresh.
12-09 09:52:28.526 W/NetRec  ( 3059): [4909] alfq.a: Unexpected exception com.android.volley.NoConnectionError: java.net.ConnectException: Failed to connect to mobilenetworkscoring-pa.googleapis.com/216.58.200.42:443 while waiting for score updates (com.android.volley.NoConnectionError: java.net.ConnectException: Failed to connect to mobilenetworkscoring-pa.googleapis.com/216.58.200.42:443). Returning 2.
12-09 09:52:28.533 I/NetRec  ( 3059): [4909] NetRecChimeraGcmTaskService.a: Still entries pending update, scheduling new rapid_refresh_scores_task refresh.
12-09 09:52:28.537 I/NetRec  ( 3059): [4909] NetRecChimeraGcmTaskService.a: Completed rapid_refresh_scores_task score refresh task in 2174 ms, returning 2
12-09 09:52:28.557 D/WorkSource( 3059): Insert in WorkSource{} @ 0 uid 10030 name com.google.android.gms
12-09 09:52:28.771 D/NetworkController.MobileSignalController(0)(15860): mSimSubId:0 onDataActivity: direction=2
12-09 09:52:28.779 D/HwCustMobileSignalControllerImpl(15860): updateDataType, mDataNetType: 13, isCAstate: false
12-09 09:52:28.779 D/NetWorkUtils(15860): is3GCalling is false,mCdmaSlot is 0
12-09 09:52:28.779 D/NetWorkUtils(15860): mVSimCurCardType is -1
12-09 09:52:28.780 D/NetWorkUtils(15860): mVSimCurCardType is -1
12-09 09:52:28.780 D/NetWorkUtils(15860): is3GCalling is false,mCdmaSlot is 0
12-09 09:52:28.780 D/NetWorkUtils(15860): mVSimCurCardType is -1
12-09 09:52:28.780 D/NetWorkUtils(15860): mVSimCurCardType is -1
12-09 09:52:28.781 D/NetWorkUtils(15860): is3GCalling is false,mCdmaSlot is 0
12-09 09:52:28.781 D/NetWorkUtils(15860): mVSimCurCardType is -1
12-09 09:52:28.781 D/NetWorkUtils(15860): mVSimCurCardType is -1
12-09 09:52:28.890 I/chatty  ( 1275): uid=1000(system) PowerManagerSer expire 14 lines
12-09 09:52:29.776 D/NetworkController.MobileSignalController(0)(15860): mSimSubId:0 onDataActivity: direction=3
12-09 09:52:29.784 D/HwCustMobileSignalControllerImpl(15860): updateDataType, mDataNetType: 13, isCAstate: false
12-09 09:52:29.784 D/NetWorkUtils(15860): is3GCalling is false,mCdmaSlot is 0
12-09 09:52:29.784 D/NetWorkUtils(15860): mVSimCurCardType is -1
12-09 09:52:29.785 D/NetWorkUtils(15860): mVSimCurCardType is -1
12-09 09:52:29.785 D/NetWorkUtils(15860): is3GCalling is false,mCdmaSlot is 0
12-09 09:52:29.785 D/NetWorkUtils(15860): mVSimCurCardType is -1
12-09 09:52:29.785 D/NetWorkUtils(15860): mVSimCurCardType is -1
12-09 09:52:29.786 D/NetWorkUtils(15860): is3GCalling is false,mCdmaSlot is 0
12-09 09:52:29.786 D/NetWorkUtils(15860): mVSimCurCardType is -1
12-09 09:52:29.786 D/NetWorkUtils(15860): mVSimCurCardType is -1
12-09 09:52:30.781 D/NetworkController.MobileSignalController(0)(15860): mSimSubId:0 onDataActivity: direction=0
12-09 09:52:30.789 D/HwCustMobileSignalControllerImpl(15860): updateDataType, mDataNetType: 13, isCAstate: false
12-09 09:52:30.789 D/NetWorkUtils(15860): is3GCalling is false,mCdmaSlot is 0
12-09 09:52:30.790 D/NetWorkUtils(15860): mVSimCurCardType is -1
12-09 09:52:30.790 D/NetWorkUtils(15860): mVSimCurCardType is -1
12-09 09:52:30.790 D/NetWorkUtils(15860): is3GCalling is false,mCdmaSlot is 0
12-09 09:52:30.790 D/NetWorkUtils(15860): mVSimCurCardType is -1
12-09 09:52:30.791 D/NetWorkUtils(15860): mVSimCurCardType is -1
12-09 09:52:30.791 D/NetWorkUtils(15860): is3GCalling is false,mCdmaSlot is 0
12-09 09:52:30.791 D/NetWorkUtils(15860): mVSimCurCardType is -1
12-09 09:52:30.791 D/NetWorkUtils(15860): mVSimCurCardType is -1
12-09 09:52:31.094 D/TelephonyManager( 2633): getCellLocation calling app is com.huawei.lbs
12-09 09:52:31.098 W/PhoneInterfaceManager( 2733): shouldBlockLocation running ...
12-09 09:52:31.098 I/PhoneInterfaceManager( 2733): shouldBlockLocation  ret:false
12-09 09:52:31.104 D/TelephonyManager( 2633): getAllCellInfo calling app is com.huawei.lbs
12-09 09:52:31.107 W/PhoneInterfaceManager( 2733): shouldBlockLocation running ...
12-09 09:52:31.107 I/PhoneInterfaceManager( 2733): shouldBlockLocation  ret:false
12-09 09:52:31.111 I/HwMobileSignalController(0)(15860): subId:0 phoneType:2 networktype:13 targetClass:3 masterLevel:5 slaveLevel:-1
12-09 09:52:31.119 D/HwCustMobileSignalControllerImpl(15860): updateDataType, mDataNetType: 13, isCAstate: false
12-09 09:52:31.119 D/NetWorkUtils(15860): is3GCalling is false,mCdmaSlot is 0
12-09 09:52:31.119 D/NetWorkUtils(15860): mVSimCurCardType is -1
12-09 09:52:31.122 D/NetWorkUtils(15860): mVSimCurCardType is -1
12-09 09:52:31.122 D/NetWorkUtils(15860): is3GCalling is false,mCdmaSlot is 0
12-09 09:52:31.122 D/NetWorkUtils(15860): mVSimCurCardType is -1
12-09 09:52:31.122 D/NetWorkUtils(15860): mVSimCurCardType is -1
12-09 09:52:31.122 D/NetWorkUtils(15860): is3GCalling is false,mCdmaSlot is 0
12-09 09:52:31.122 D/NetWorkUtils(15860): mVSimCurCardType is -1
12-09 09:52:31.123 D/NetWorkUtils(15860): mVSimCurCardType is -1
12-09 09:52:31.715 I/chatty  ( 1275): uid=1000(system) Binder:1275_B expire 1 line
12-09 09:52:32.955 D/SensorHub(  821): batch called handle:3 sample_ns:300000000 latency_ns:0
12-09 09:52:32.955 D/SensorHub(  821): in batch, handle = 3, flags = 0, period_ns = 300000000, timeout = 0
12-09 09:52:32.960 I/chatty  ( 1275): uid=1000 system_server expire 4 lines
12-09 09:52:32.961 I/chatty  ( 2649): uid=1000(system) Binder:2649_10 expire 21 lines
12-09 09:52:32.961 I/chatty  (  632): uid=1000(system) HwBinder:632_1 expire 89 lines
12-09 09:52:32.963 I/chatty  (  632): uid=1000(system) activity_recogn expire 18 lines
12-09 09:52:32.963 I/chatty  ( 2649): uid=1000(system) HwBinder:2649_1 expire 19 lines
12-09 09:52:33.010 W/InputMethodManager( 2743): startInputReason = 8
12-09 09:52:33.016 D/KeyguardService(15860): Caller checkPermission fail
12-09 09:52:33.016 I/KeyguardService(15860): KGSvcCall onStartedGoingToSleep.
12-09 09:52:33.020 I/KeyguardViewMediator(15860): onStartedGoingToSleep(3) Lock : true reset: false
12-09 09:52:33.021 I/GlobalContext(15860): Runnable for SerialExecutor
12-09 09:52:33.022 I/MusicMonitor(15860): getInst stack trace: com.huawei.keyguard.theme.KeyguardTheme.checkStyle:161 com.huawei.keyguard.HwKeyguardUpdateMonitor.handleStartedGoingToSleep:877 com.android.keyguard.KeyguardUpdateMonitor$1.handleMessage:375 
12-09 09:52:33.022 W/MusicUtils(15860): findCurrentMediaPlayPackage sessions size is 0
12-09 09:52:33.022 V/AudioManager(15860): isStreamMute   streamType: 2
12-09 09:52:33.022 V/MusicInfo(15860): showing music false  false
12-09 09:52:33.024 W/KGWpp   (15860): Reload Magazine as mUserChangeStyle equals UserHandle.USER_NULL.
12-09 09:52:33.024 W/KGWpp   (15860): onStartedGoingToSleep switch to next Magazine. -2
12-09 09:52:33.025 V/KGWpp_Magz(15860): getNextIndex: 1; from [14] 6363 to [15] 6365 ; size: 40
12-09 09:52:33.025 W/KGWppLoader(15860): Load magazine wallpaper <3182> with type : 1
12-09 09:52:33.025 W/KGWppLoader(15860): load magazine picture for type: 1
12-09 09:52:33.025 D/DisabledFeatureUtils(15860): sIsChangeWallpaperDisabled = false, result = false
12-09 09:52:33.025 D/KGWpp   (15860): onStartedGoingToSleep l = false, c =false
12-09 09:52:33.025 W/KGWpp_Magz(15860): setCurrentIndex by keyId 6365 -> index 15
12-09 09:52:33.025 V/BgPicLoader(15860): load magazine wallpaper start
12-09 09:52:33.027 D/HwKeyguardBottomArea(15860): multi_user selector disable as users is null or only one user exists.
12-09 09:52:33.027 V/KG_FP.KUM(15860): FingerStat showing: false; Interactive: true; Switching: false; Bouncer:false; GoingToSleep: true Occluded: false; dreaming: false; Authenticated: false
12-09 09:52:33.028 W/DisabledFeatureUtils(15860): Dis-Feature : 0
12-09 09:52:33.030 W/DisabledFeatureUtils(15860): Dis-Feature : 0
12-09 09:52:33.035 I/KG_FP.KUM(15860): startListeningForFingerprint()---cancel
12-09 09:52:33.036 W/ExHandler(15860): KG_Background_Handle_Thread running too long, use 11  { when=-12ms callback=com.huawei.keyguard.support.magazine.MagazineWallpaper$2 target=com.huawei.keyguard.basetype.ExHandler }
12-09 09:52:33.036 V/KGWpp_Magz(15860): getNextIndex: 1; from [15] 6365 to [16] 6367 ; size: 40
12-09 09:52:33.037 V/KGWpp_Magz(15860): getNextIndex: -1; from [15] 6365 to [14] 6363 ; size: 40
12-09 09:52:33.039 W/KG_FP.KUM(15860): startListening ForFingerprint use up-waiting false  0
12-09 09:52:33.043 I/vendor.huawei.hardware.biometrics.fingerprint@2.1-service(  845): setLivenessSwitch
12-09 09:52:33.043 I/FingerprintDevice(  845): setLivenessSwitch
12-09 09:52:33.043 I/FingerprintDevice(  845): FingerprintDevice--dev->need_liveness_authentication = false;
12-09 09:52:33.043 I/GRALLOC (  645): getCallingPid=682, shrFd=32,fmt=0x1,intFmt=0x1,btStrd=4352,size=9768960,pid=645 
12-09 09:52:33.043 I/GRALLOC (  645): 	 yuv=2,w=1080,h=2244,Stride u=0 v=0,offset u=0 v=0 
12-09 09:52:33.043 I/GRALLOC (  645): 	 iova_size=9768960,conUsg=0x306,proUsg=0x366,	 strd=1088,[afbc]HdrStrd=0 PyldStrd=0 Scrmbl=0,ionhnd = 1 
12-09 09:52:33.044 W/KG_FP.KUM(15860): Fingerprint RunningStateChanged. 1
12-09 09:52:33.044 I/chatty  ( 1275): uid=1000(system) fingerprintServ expire 1 line
12-09 09:52:33.044 W/HwKeyguardBottomArea(15860): FingerprintRunningStateChanged to: true
12-09 09:52:33.044 D/fpc_fingerprint_hal(  845): fpc_get_authenticator_id_impl
12-09 09:52:33.046 D/fpc_fingerprint_hal(  845): fpc_get_authenticator_id_impl id 11074577975325690872
12-09 09:52:33.048 D/fpc_fingerprint_hal(  845): fpc_authenticate_impl
12-09 09:52:33.056 W/SurfaceFlinger(  682): isSkipScreenshotLayer[1]
12-09 09:52:33.056 D/SurfaceFlinger(  682): not ScreenShot for this layer(com.huawei.RoundCornerDisplay_Bottom#0)
12-09 09:52:33.056 W/SurfaceFlinger(  682): isSkipScreenshotLayer[1]
12-09 09:52:33.056 D/SurfaceFlinger(  682): not ScreenShot for this layer(com.huawei.RoundCornerDisplay_Top#0)
12-09 09:52:33.065 D/fpc_fingerprint_hal(  845): worker idle
12-09 09:52:33.065 D/fpc_fingerprint_hal(  845): worker_state_authenticate STATE_AUTHENTICATE
12-09 09:52:33.067 I/fpc_tac (  845): fpc_tac_send_get_indices_cmd indices:0x7ca2413060, index_count:3
12-09 09:52:33.068 D/fpc_fingerprint_hal(  845): fp_init_identify indices[0]=0
12-09 09:52:33.068 D/fpc_fingerprint_hal(  845): fp_init_identify indices[1]=1
12-09 09:52:33.068 D/fpc_fingerprint_hal(  845): fp_init_identify indices[2]=2
12-09 09:52:33.068 D/fpc_fingerprint_hal(  845): primary_indices_count : 3 , privacy_indices_count : 0 
12-09 09:52:33.068 D/fpc_fingerprint_hal(  845): fp_init_identify not auth both space fingerprints
12-09 09:52:33.069 E/fpc_tac (  845): fpc_tac_begin_identify---need_liveness_authentication: 0
12-09 09:52:33.071 D/KGWpp_Magz(15860): get BigPicture, x = 103, y = 0,w = 1232, h = 2560
12-09 09:52:33.075 I/fpc_tac (  845): fpc_tac_send_set_arbitrary_data_cmd:ok, response:0
12-09 09:52:33.075 D/FingerprintDevice(  845): onAcquired(6), vendorCode(1001)
12-09 09:52:33.075 I/fpc_fingerprint_hal(  845): sensorhub: fhb_config data=1, write_len=1
12-09 09:52:33.084 D/fpc_fingerprint_hal(  845): sensorhub: fingerHubChannel startfingerhub,err :0
12-09 09:52:33.091 I/colorpick(15860): color pick magazine-unlock-01-2.3.2732-657700CAEB9F288A2140A9BA21604345.jpg begin!!!!!
12-09 09:52:33.091 I/ColorObserverManager(15860): generateColorMap begin
12-09 09:52:33.091 I/ColorPickUitls(15860): bmp size = 1232.0x2560.0, screen size = 1080x2244
12-09 09:52:33.091 I/chatty  (15860): uid=10026(com.huawei.desktop.systemui) MagazinePaperLo identical 12 lines
12-09 09:52:33.105 I/chatty  (15860): uid=10026(com.huawei.desktop.systemui) com.android.systemui expire 98 lines
12-09 09:52:33.224 I/chatty  (15860): uid=10026(com.huawei.desktop.systemui) KeyguardThreadF expire 1 line
12-09 09:52:33.239 I/chatty  (15860): uid=10026(com.huawei.desktop.systemui) Binder:15860_A expire 13 lines
12-09 09:52:33.250 I/chatty  (15860): uid=10026(com.huawei.desktop.systemui) KeyguardThreadF expire 2 lines
12-09 09:52:33.268 I/HiSearch10.0.10.307(22971): [LauncherOverlayService]: LAUNCHER_INTERACTION from launcher and invoke invokeId = -222
12-09 09:52:33.268 I/HiSearch10.0.10.307(22971): [LauncherOverlayService]: isOverlayClosed = true
12-09 09:52:33.269 I/HiSearch10.0.10.307(22971): [LauncherOverlayService]: LAUNCHER_INTERACTION from launcher and invoke, overlay closed, return. 
12-09 09:52:33.269 D/ZrHung.AppEyeUiProbe( 2743): stop checker.
12-09 09:52:33.289 D/motion@1.0-service(  846): stop pid == poll_pid poll_pid 1275
12-09 09:52:33.289 D/motion@1.0-service(  846): poll_cared_motion_flag = [14336]
12-09 09:52:33.289 D/motion@1.0-service(  846): Motion stopMotionReco err = 0
12-09 09:52:33.290 I/chatty  (15860): uid=10026(com.huawei.desktop.systemui) Binder:15860_3 expire 3 lines
12-09 09:52:33.290 D/motion@1.0-service(  846): stop pid == poll_pid poll_pid 1275
12-09 09:52:33.290 D/motion@1.0-service(  846): poll_cared_motion_flag = [6144]
12-09 09:52:33.290 D/motion@1.0-service(  846): Motion stopMotionReco err = 0
12-09 09:52:33.293 I/AppLifeChangeSensor(13484):  CAWARENESS: activityPaused componentName = ComponentInfo{com.huawei.android.launcher/com.huawei.android.launcher.unihome.UniHomeLauncher}
12-09 09:52:33.293 I/Sensors@1.0-impl(  821): activate-3 enabled-0 fwkOals-1 camOals-0 fwkOcolor-1 camOcolor-0 fwkOtof-0 camOtof-0
12-09 09:52:33.293 D/SensorHub(  821): enableSensor-> handle: 3 enable : 0
12-09 09:52:33.295 D/SensorHub(  821): Channel activate-> handle: 3, enabled:0, err: 0
12-09 09:52:33.295 I/chatty  ( 2649): uid=1000(system) DollieAdapter expire 3 lines
12-09 09:52:33.297 I/Sensors@1.0-impl(  821): activate-26 enabled-0 fwkOals-0 camOals-0 fwkOcolor-1 camOcolor-0 fwkOtof-0 camOtof-0
12-09 09:52:33.297 D/SensorHub(  821): enableSensor-> handle: 26 enable : 0
12-09 09:52:33.298 D/SensorHub(  821): Channel activate-> handle: 26, enabled:0, err: 0
12-09 09:52:33.299 I/Sensors@1.0-impl(  821): activate-4 enabled-0 fwkOals-0 camOals-0 fwkOcolor-0 camOcolor-0 fwkOtof-0 camOtof-0
12-09 09:52:33.299 D/SensorHub(  821): enableSensor-> handle: 4 enable : 0
12-09 09:52:33.300 D/ViewRootImpl[UniHomeLauncher]( 2743): surface should not be released
12-09 09:52:33.300 D/SensorHub(  821): Channel activate-> handle: 4, enabled:0, err: 0
12-09 09:52:33.300 E/SensorHub(  821): PS activate 0
12-09 09:52:33.303 D/SurfaceFlinger(  682): Set power mode=0, type=0 flinger=0x7e5467d000
12-09 09:52:33.303 D/RoundCornerDisplay(  682): [rcdSetPowerMode]rcdSetPowerMode mode = 0
12-09 09:52:33.303 I/chatty  ( 1275): uid=1000(system) android.display expire 1 line
12-09 09:52:33.307 D/iTouchService(  794): itouch ITouchService::setSurfaceFlingerInfo::surfaceflingerInfo.screen_on_off=0
12-09 09:52:33.312 I/chatty  (  829): uid=0(root) JankManager expire 2 lines
12-09 09:52:33.314 I/InCall - CallList( 3451): no active call 
12-09 09:52:33.316 I/chatty  ( 1275): uid=1000(system) android.anim expire 2 lines
12-09 09:52:33.319 I/chatty  ( 1275): uid=1000(system) InputReader expire 1 line
12-09 09:52:33.324 I/chatty  ( 1275): uid=1000(system) LocationThread expire 8 lines
12-09 09:52:33.330 I/chatty  ( 1275): uid=1000(system) HwPCManagerServ expire 1 line
12-09 09:52:33.334 I/chatty  ( 1275): uid=1000(system) tworkPolicy.uid expire 1 line
12-09 09:52:33.396 I/chatty  (  759): uid=0(root) aptouch_listen expire 3 lines
12-09 09:52:33.396 I/chatty  (  759): uid=0(root) aptouch_other expire 2 lines
12-09 09:52:33.527 D/SurfaceFlinger(  682): Finished set power mode=0, type=0
12-09 09:52:33.527 I/chatty  ( 1275): uid=1000(system) PhotonicModulat expire 3 lines
12-09 09:52:33.555 I/chatty  ( 2713): uid=1000(system) thermal-core-th expire 1 line
12-09 09:52:33.556 I/chatty  (15860): uid=10026(com.huawei.desktop.systemui) com.android.systemui expire 4 lines
12-09 09:52:33.558 I/chatty  ( 2685): uid=1000(system) Binder:2685_9 expire 20 lines
12-09 09:52:33.558 I/chatty  ( 2713): uid=1000(system) pool-2-thread-2 expire 2 lines
12-09 09:52:33.566 I/chatty  ( 2685): uid=1000(system) Binder:2685_A expire 27 lines
12-09 09:52:33.567 I/chatty  ( 2649): uid=1000(system) Binder:2649_D expire 2 lines
12-09 09:52:33.570 I/chatty  ( 1275): uid=1000 system_server expire 9 lines
12-09 09:52:33.571 I/chatty  (15860): uid=10026(com.huawei.desktop.systemui) pool-2-thread-1 expire 1 line
12-09 09:52:33.573 I/chatty  (15860): uid=10026(com.huawei.desktop.systemui) KG_Isec_Handle_ expire 2 lines
12-09 09:52:33.574 I/smartpakit(  655): smartpa_algo_control: enter smartpa_algo_control, cmd = 5
12-09 09:52:33.577 I/chatty  (15860): uid=10026(com.huawei.desktop.systemui) com.android.systemui expire 2 lines
12-09 09:52:33.578 I/chatty  ( 2713): uid=1000(system) core expire 5 lines
12-09 09:52:33.581 I/chatty  (15860): uid=10026(com.huawei.desktop.systemui) KG_Background_H expire 1 line
12-09 09:52:33.588 I/chatty  (  801): uid=0(root) Binder:801_4 expire 3 lines
12-09 09:52:33.591 I/chatty  ( 2713): uid=1000(system) actions handler expire 51 lines
12-09 09:52:33.592 D/TimeKeeper(15860): getTimeTickInfo:[mMillisUntilFinished:0, mHour:0, mMinute:0, mSecond:0]
12-09 09:52:33.592 W/KG_Policy(15860): RetryPolicy unregisterObserver invalide observer
12-09 09:52:33.592 I/AbsPasswordTextView(15860): enabled:true
12-09 09:52:33.592 W/HwKeyguardUpdateMonitor(15860): isFirstTimeStartupAndEncrypted DeviceAuthed: 1
12-09 09:52:33.592 W/DisabledFeatureUtils(15860): Dis-Feature : 0
12-09 09:52:33.592 W/KG_FDT  (15860): isFaceUnlockEnabled 0
12-09 09:52:33.593 W/StatusBarWindowManager(15860): Apply window without WALLPAPER
12-09 09:52:33.597 I/DataSrv-10.3.0.301-O-1115-17:51-OOBEUtil( 9305): agreeOOBEPolicy agree:true ,oobeStatus:1
12-09 09:52:33.597 I/DataSrv-10.3.0.301-O-1115-17:51-VSimDynamicBroadcastReceiver( 9305): reveive broadcast:android.intent.action.SCREEN_OFF
12-09 09:52:33.597 I/DataSrv-10.3.0.301-O-1115-17:51-BusinessAsyncExecutor( 9305): processBroadcast
12-09 09:52:33.597 I/DataSrv-10.3.0.301-O-1115-17:51-BusinessAsyncExecutor( 9305): processBroadcast do
12-09 09:52:33.597 D/lights  (  673): set_light_battery colorRGB=FF00FF00, onMS=0, offMS=0 
12-09 09:52:33.600 I/DataSrv-10.3.0.301-O-1115-17:51-Dispatcher( 9305): notify event start: 45
12-09 09:52:33.600 I/DataSrv-10.3.0.301-O-1115-17:51-ScreenOffListener( 9305): Handle event: 45
12-09 09:52:33.600 I/DataSrv-10.3.0.301-O-1115-17:51-ScreenOffListener( 9305): No screen off record!
12-09 09:52:33.601 I/libRGBW37_ALGO(  661): [RGBW_doclean.739 ] [RGBW_LIB doclean] RGBW_proc End.  id = 0 
12-09 09:52:33.602 W/AppHandler(15860): addListener com.android.keyguard.EmergencyButton{c4e8e2a VFED..CL. ......I. 0,0-0,0 #7f0a017a app:id/emergency_call_button_pin_view}
12-09 09:52:33.604 W/NotificationViewHierarchyManager(15860): updateNotificationShade activeNotificationSize=18;hasFaceDT: false; Detected:false
12-09 09:52:33.616 W/StatusBarWindowManager(15860): Apply window without WALLPAPER
12-09 09:52:33.617 I/HwNotificationCleanerImpl(15860): onKeyguardStateChanged: changeToKeyguard=true;mSmartNotificationEnable=true
12-09 09:52:33.617 W/KG_FDT  (15860): isFaceUnlockEnabled 0
12-09 09:52:33.617 I/PhoneStatusBarView(15860): remove mHideExpandedRunnable
12-09 09:52:33.617 I/HwKeyguardBottomArea(15860): setVisibility with error state
12-09 09:52:33.617 I/KeyguardFingerPrintView(15860): FingerPrint:: onVisibilityChanged visibility = 0,mIsSupportHover=falsefalsefalse
12-09 09:52:33.617 D/QSContainer(15860): setKeyguardShowing true, com.android.systemui.qs.QSContainerImpl{a813d61 V.E...... ......ID 12,0-1068,675 #7f0a03e4 app:id/quick_settings_container}
12-09 09:52:33.618 I/dsp_codec_ctl(  655): codec_adsp_send_sync_cmd:ioctl ret=0
12-09 09:52:33.618 I/smartpakit(  655): get_power_consumption: result[1] is 0x0 result[0] is 0x0!
12-09 09:52:33.618 I/smartpakit(  655): get_power_consumption: result[3] is 0x0 result[2] is 0x0!
12-09 09:52:33.618 I/smartpakit(  655): getSmartPAPOWER is pa1=0 pa2=0!
12-09 09:52:33.618 I/HwKeyguardBottomArea(15860): setVisibility with error state
12-09 09:52:33.618 I/hash_map_utils(  680): key: 'getSmartPAPOWER' value: ''
12-09 09:52:33.618 I/bt_a2dp_hw(  680): adev_get_parameters: audio a2dp receive kvpairs getSmartPAPOWER ,but need not handle
12-09 09:52:33.618 W/NotificationViewHierarchyManager(15860): updateNotificationShade activeNotificationSize=15;hasFaceDT: false; Detected:false
12-09 09:52:33.618 D/lights  (  673): set_light_notification not set for battery_light is on 
12-09 09:52:33.619 D/lights  (  673): set_light_battery colorRGB=00000000, onMS=0, offMS=0 
12-09 09:52:33.619 D/lights  (  673): set_light_battery colorRGB=FF00FF00, onMS=500, offMS=2000 
12-09 09:52:33.621 W/AppHandler(15860): sendMessage 7
12-09 09:52:33.623 W/HwKeyguardPolicy(15860): KGSvcCall updateKeyguardState 1->1; false false
12-09 09:52:33.623 D/StatusBar(15860): Make expanded visible: expanded visible=false, force=true, panelsEnabled=true
12-09 09:52:33.624 W/StatusBarWindowManager(15860): setPanelVisible visible = true, notificationVisible = false
12-09 09:52:33.624 W/StatusBarWindowManager(15860): Apply window without WALLPAPER
12-09 09:52:33.624 D/StatusBar(15860): disable<e I!a S!b h r c na s > disable2<Q!i n >
12-09 09:52:33.624 I/HwNavigationBarFragment(15860): disable: < back home recent search >
12-09 09:52:33.624 I/PanelBar(15860): panelExpansionChanged 0.0, true
12-09 09:52:33.624 I/QSPanel (15860): mDisable,set QSPanel to GONE
12-09 09:52:33.625 I/KeyguardFingerPrintView(15860): FingerPrint:: onVisibilityChanged visibility = 0,mIsSupportHover=falsefalsefalse
12-09 09:52:33.625 D/StatusBar(15860): Make expanded visible: expanded visible=true, force=false, panelsEnabled=true
12-09 09:52:33.625 I/PhoneStatusBarView(15860): setAlpha with value : 0.0
12-09 09:52:33.628 W/DisabledFeatureUtils(15860): Dis-Feature : 0
12-09 09:52:33.629 D/TimeKeeper(15860): getTimeTickInfo:[mMillisUntilFinished:0, mHour:0, mMinute:0, mSecond:0]
12-09 09:52:33.630 I/STBKeyguardViewManager(15860): updateStates navBarVisible=false lastNavBarVisible=true mFirstUpdate=false NavBarWindow=com.android.systemui.statusbar.phone.NavigationBarFrame{88edd7a V.E...... ........ 0,0-1080,114 #7f0a036b app:id/navigation_bar_frame}
12-09 09:52:33.630 I/chatty  ( 1275): uid=1000(system) HwArbitrationSt expire 1 line
12-09 09:52:33.630 W/BiometricController(15860): kgsvc keyguard reshowing and set not InFaceUnlock
12-09 09:52:33.630 I/KeyguardStatusView(15860): Runnable for refresh
12-09 09:52:33.631 W/migration/6(   47): type=1400 audit(0.0:789866): avc: granted { setsched } for scontext=u:r:kernel:s0 tcontext=u:r:kernel:s0 tclass=process
12-09 09:52:33.631 W/migration/7(   53): type=1400 audit(0.0:789867): avc: granted { setsched } for scontext=u:r:kernel:s0 tcontext=u:r:kernel:s0 tclass=process
12-09 09:52:33.631 V/KG_FP.KUM(15860): FingerStat showing: false; Interactive: false; Switching: false; Bouncer:false; GoingToSleep: true Occluded: false; dreaming: false; Authenticated: false
12-09 09:52:33.631 W/DisabledFeatureUtils(15860): Dis-Feature : 0
12-09 09:52:33.632 I/KG_FP.KUM(15860): Ignore update FP: 1 true
12-09 09:52:33.632 W/AppHandler(15860): sendSingleMessage 10 with args (1, 1)
12-09 09:52:33.632 I/HwNavigationTipBar(15860): hideNaviTipBarView: mAttached=false
12-09 09:52:33.632 W/STBKeyguardViewManager(15860): updateStates Show KeyguardStatusBar with clcok: false
12-09 09:52:33.632 I/chatty  ( 1275): uid=1000(system) Binder:1275_D expire 15 lines
12-09 09:52:33.632 W/KG_FDT  (15860): isFaceUnlockEnabled 0
12-09 09:52:33.632 W/KeyguardViewMediator(15860): setWakeAndUnlocking false; keyguard show
12-09 09:52:33.633 E/HiddenSpace(15860): update HiddenSpaceData!
12-09 09:52:33.633 I/HiddenSpace(15860): don't find the hidden space userId!
12-09 09:52:33.634 V/HwKeyguardUpdateMonitor(15860): setKeyguardViewState: true-false
12-09 09:52:33.634 W/AppHandler(15860): sendImmediateMessage 10 with args (3, 0)
12-09 09:52:33.634 I/HwKeyguardBottomArea(15860): checkBottomVisibility bouncer: false; show:true
12-09 09:52:33.634 D/MagazineDetailView(15860): resetToTimeView 
12-09 09:52:33.634 D/MagazineDetailView(15860): resetPagerState
12-09 09:52:33.634 W/KgDragState(15860): setState = 0
12-09 09:52:33.634 W/KgDragState(15860): setState = 0
12-09 09:52:33.634 D/MagazineDetailView(15860): setTranslationY = 0.0 @ 470.0
12-09 09:52:33.634 D/HwKeyguardBottomArea(15860): progress = 0.0, threadname = main
12-09 09:52:33.634 I/StateActionFactory( 2713): not make action for msgId: 385
12-09 09:52:33.634 I/MotionDetection( 2713): moveMent Activity Changed, moveMentActivity = in_vehicle eventType = exit timeStampNs = 117450394894 mLastMoveMentTimeStampNs = 0
12-09 09:52:33.634 D/HwKeyguardBottomArea(15860): addLiftSensorView, threadname = main
12-09 09:52:33.634 I/MotionDetection( 2713): current state: not_known
12-09 09:52:33.634 I/StateActionFactory( 2713): not make action for msgId: 385
12-09 09:52:33.634 I/MotionDetection( 2713): moveMent Activity Changed, moveMentActivity = running eventType = exit timeStampNs = 117458238748 mLastMoveMentTimeStampNs = 0
12-09 09:52:33.635 I/MotionDetection( 2713): current state: not_known
12-09 09:52:33.635 I/StateActionFactory( 2713): not make action for msgId: 385
12-09 09:52:33.635 I/MotionDetection( 2713): moveMent Activity Changed, moveMentActivity = still eventType = enter timeStampNs = 18565641769 mLastMoveMentTimeStampNs = 0
12-09 09:52:33.635 I/MotionDetection( 2713): current state: not_known
12-09 09:52:33.635 I/MotionDetection( 2713): start stationary.
12-09 09:52:33.635 I/StateActionFactory( 2713): not make action for msgId: 385
12-09 09:52:33.635 W/HwKgdBArea_BTY(15860): updateBatteryInfo : false showBatteryInfo:  true isShowChargingFpDisplay:  false
12-09 09:52:33.635 I/MotionDetection( 2713): moveMent Activity Changed, moveMentActivity = walking eventType = exit timeStampNs = 117475605103 mLastMoveMentTimeStampNs = 18565641769
12-09 09:52:33.635 I/MotionDetection( 2713): current state: stationary
12-09 09:52:33.635 W/HwKgdBArea_BTY(15860): updateBatteryInfo : false showBatteryInfo:  true isShowChargingFpDisplay:  false
12-09 09:52:33.635 W/HwKgdBArea_BTY(15860): updateBatteryInfo : false showBatteryInfo:  true isShowChargingFpDisplay:  false
12-09 09:52:33.635 W/HwLockScreenPanel(15860): Handle message: 10
12-09 09:52:33.635 I/HwBackDropView(15860): restore param to 0
12-09 09:52:33.635 W/HwBackDropView(15860): setAnimationParamInner 0.0   0
12-09 09:52:33.635 W/HwBackDropView(15860): setDrawBehindAsSrc skipped. null
12-09 09:52:33.635 I/HwBackDropView(15860): checkVisibility : true; true
12-09 09:52:33.635 I/MagazineView(15860): forceToUpdate imageView
12-09 09:52:33.635 I/HwBackDropView(15860): when SIM state changed, check to update fyuse pic
12-09 09:52:33.636 W/MagazineProvider(15860): check invalid caller: 10026
12-09 09:52:33.637 W/KG_FDT  (15860): unregisterSensor. face dectect finish
12-09 09:52:33.637 W/KG_FDT  (15860): stop dectect but already disconnected or already in state=0
12-09 09:52:33.637 I/KG_FDT  (15860): Configuration update < 0 no hide>
12-09 09:52:33.637 W/KG_FDT  (15860): setShowSensitiveNotification skiped.false hide :false
12-09 09:52:33.637 V/KG_FDT  (15860): updateFaceLockInfo to chance (5)
12-09 09:52:33.637 V/HwKeyguardUpdateMonitor(15860): keyguard enter lock
12-09 09:52:33.637 W/AppHandler(15860): sendImmediateMessage 12 with args (0, 0)
12-09 09:52:33.637 W/HwLockScreenPanel(15860): Handle message: 12
12-09 09:52:33.637 W/HwLockScreenPanel(15860): MSG_KEYGUARD_SHOWING
12-09 09:52:33.637 I/KeyguardUtils(15860): fpPath=sys/class/hw_power/charger/charge_data/chargerType, value=0
12-09 09:52:33.637 I/DateLunarView(15860): MSG_KEYGUARD_SHOWING  updateLocalCalender
12-09 09:52:33.637 I/LocalCalendar(15860): CalendarId: 0001LocalCalender On
12-09 09:52:33.638 I/DateLunarView(15860): MSG_KEYGUARD_SHOWING  updateLocalCalender
12-09 09:52:33.638 I/LocalCalendar(15860): CalendarId: 0001LocalCalender On
12-09 09:52:33.638 I/KeyguardUtils(15860): fpPath=sys/class/hw_power/charger/charge_data/chargerType, value=0
12-09 09:52:33.638 I/DateLunarView(15860): MSG_KEYGUARD_SHOWING  updateLocalCalender
12-09 09:52:33.638 I/LocalCalendar(15860): CalendarId: 0001LocalCalender On
12-09 09:52:33.638 I/KeyguardUtils(15860): fpPath=sys/class/hw_power/charger/charge_data/chargerType, value=0
12-09 09:52:33.638 D/KgBattery(15860): BatteryInfo2: false; true; true; false; false; true
12-09 09:52:33.641 D/HwKeyguardManagerImpl( 2565): isLockScreenDisabled HwKeyguardManagerImpl result = false
12-09 09:52:33.662 E/TS_Service(  677): hwTsSetAftConfig
12-09 09:52:33.662 I/TS_HAL  (  677): ts_set_aft_config:called
12-09 09:52:33.662 I/aptouch_daemon, [aptouch_interface_client](  677): thp_get_cs, use vndbinder, aftouch.config.str
12-09 09:52:33.663 I/aptouch_daemon(  759): work_thread, CmdsWorkQueue excuting: aftouch.config.str
12-09 09:52:33.664 I/aptouch_daemon(  759): thp_cmd_set_aftouch_config_str, version:1+state:locked
12-09 09:52:33.664 I/aptouch_daemon(  759): aft_set_config_str, version:1+state:locked
12-09 09:52:33.664 I/aptouch_daemon(  759): tsa_set_ctrlflag, set TSA_CTRL_SCREEN_LOCK_AFT_MODE
12-09 09:52:33.666 W/WallpaperPagerAdapter(15860): getViewFromList view (0)
12-09 09:52:33.666 W/WallpaperPagerAdapter(15860): setBackdropBackImage
12-09 09:52:33.666 W/HwBackDropView(15860): setBackdropBackImage ignore the same backdrop
12-09 09:52:33.666 W/WallpaperPagerAdapter(15860): setPrimaryItem to (1073741823)
12-09 09:52:33.667 W/libEGL  (15860): EGLNativeWindowType 0x6fcd651010 disconnect failed
12-09 09:52:33.668 I/chatty  ( 2665): uid=1000(system) OdmfRecvThread expire 1 line
12-09 09:52:33.669 W/PanelView(15860): set notification panel padding = 2238
12-09 09:52:33.669 W/HwBackDropView(15860): setAnimationParamInner 1.0   0
12-09 09:52:33.670 I/chatty  ( 1275): uid=1000(system) Binder:1275_1 expire 12 lines
12-09 09:52:33.670 I/chatty  ( 2649): uid=1000(system) HwCommBoosterTh expire 2 lines
12-09 09:52:33.670 W/PanelView(15860): set notification panel padding = 2238
12-09 09:52:33.671 I/chatty  ( 2649): uid=1000(system) OllieMain expire 6 lines
12-09 09:52:33.671 W/HwBackDropView(15860): setAnimationParamInner 0.0   0
12-09 09:52:33.671 W/StatusBarWindowManager(15860): Apply window without WALLPAPER
12-09 09:52:33.671 W/StatusBarWindowManager(15860): Apply window without WALLPAPER
12-09 09:52:33.673 D/mali_winsys(15860): EGLint new_window_surface(egl_winsys_display *, void *, EGLSurface, EGLConfig, egl_winsys_surface **, EGLBoolean) returns 0x3000
12-09 09:52:33.673 W/BokehDrawable(15860): drawScrim colorB: 0  0
12-09 09:52:33.676 D/DeviceMonitor( 2713): GPS request stop:com.huawei.bd pid:2665 interval(s): -1 reqId:143ab83
12-09 09:52:33.678 I/hibernation( 2713): screen off not care panel fully open
12-09 09:52:33.679 I/BaseSystemEventBroadcast(13484):  CAWARENESS: action_bar_pull_down 
12-09 09:52:33.679 I/        (13484):  CAWARENESS: onSystemSingleEventChanged() type : 10 status : 4 action : 512
12-09 09:52:33.680 I/com.huawei.hiai.awareness.bottomsensor.FenceManager(13484):  CAWARENESS: doNotifyListKeyChange() topKey : com.huawei.recsys_1:1;11,1,2~{"$or":[{"$and":[{"column0":"com.android.gallery3d"},{"column2":"com.huawei.gallery.app.SlotAlbumActivity"}]}]} fenceType : 10 fenceKey : 10,4,5888
12-09 09:52:33.680 I/com.huawei.hiai.awareness.bottomsensor.FenceManager(13484):  CAWARENESS: doNotifyListKeyChange() topKey : com.huawei.recsys_1:1;11,2,1~{"column0":"com.zhiyun.feel|cn.ledongli.ldl|com.codoon.gps|com.hotbody.fitzero|com.sportq.fit|com.boohee.one|com.huawei.health|com.dailyyoga.cn|co.runner.app|com.yuedong.sport|com.health.fatfighter|com.gotokeep.keep"} fenceType : 10 fenceKey : 10,4,5888
12-09 09:52:33.680 I/com.huawei.hiai.awareness.bottomsensor.FenceManager(13484):  CAWARENESS: doNotifyListKeyChange() topKey : com.huawei.recsys_1:1;11,2,1~{"column0":"com.vmall.client|com.taobao.taobao"} fenceType : 10 fenceKey : 10,4,5888
12-09 09:52:33.680 I/com.huawei.hiai.awareness.bottomsensor.FenceManager(13484):  CAWARENESS: doNotifyListKeyChange() topKey : com.huawei.intelligent_1:1;6,16,3 fenceType : 10 fenceKey : 10,4,5888
12-09 09:52:33.680 I/com.huawei.hiai.awareness.bottomsensor.FenceManager(13484):  CAWARENESS: doNotifyListKeyChange() topKey : com.huawei.recsys_1:1;11,1,1~{"column0":"com.huawei.scanner"} fenceType : 10 fenceKey : 10,4,5888
12-09 09:52:33.680 I/com.huawei.hiai.awareness.bottomsensor.FenceManager(13484):  CAWARENESS: doNotifyListKeyChange() topKey : com.huawei.intelligent_1:1;10,4,5888 fenceType : 10 fenceKey : 10,4,5888
12-09 09:52:33.680 I/com.huawei.hiai.awareness.bottomsensor.FenceManager(13484):  CAWARENESS: isSatisfyFenceTime() topKey : com.huawei.intelligent_1:1;10,4,5888 type : 10 startTime : null endTime : null
12-09 09:52:33.680 I/com.huawei.hiai.awareness.bottomsensor.FenceManager(13484):  CAWARENESS: isSatisfyFenceTime() startTime or endTime is empty topKey : com.huawei.intelligent_1:1;10,4,5888
12-09 09:52:33.680 I/com.huawei.hiai.awareness.bottomsensor.FenceManager(13484):  CAWARENESS: doNotifyListKeyChange() isSatisfy : true
12-09 09:52:33.680 I/EventManager(13484):  CAWARENESS: notifyUserByPendingIntent() isNeedRemoveEvent :  false
12-09 09:52:33.680 I/EventManager(13484):  CAWARENESS: notifyUserByPendingIntent() send, has broadcast_intent  topKey = com.huawei.intelligent_1:1;10,4,5888
12-09 09:52:33.681 I/com.huawei.hiai.awareness.bottomsensor.FenceManager(13484):  CAWARENESS: doNotifyListKeyChange() topKey : com.huawei.recsys_1:1;11,1,1~{"column0":"com.huawei.android.launcher"} fenceType : 10 fenceKey : 10,4,5888
12-09 09:52:33.682 I/com.huawei.hiai.awareness.bottomsensor.FenceManager(13484):  CAWARENESS: doNotifyListKeyChange() topKey : com.huawei.recsys_1:1;11,1,1~{"column0":"com.huawei.objautorigmaster"} fenceType : 10 fenceKey : 10,4,5888
12-09 09:52:33.682 I/com.huawei.hiai.awareness.bottomsensor.FenceManager(13484):  CAWARENESS: doNotifyListKeyChange() topKey : com.huawei.intelligent_1:1;8,4,1~2019-12-9D19H6 fenceType : 10 fenceKey : 10,4,5888
12-09 09:52:33.682 I/com.huawei.hiai.awareness.bottomsensor.FenceManager(13484):  CAWARENESS: doNotifyListKeyChange() topKey : com.huawei.recsys_1:1;11,2,2~{"$or":[{"$and":[{"column0":"com.fenbi.android.solar"},{"column2":"com.fenbi.android.solar.activity.MultiPurposeCameraActivity"}]},{"$and":[{"column0":"cn.danatech.xingseapp"},{"column2":"com.xingse.app.pages.recognition.UploadActivity"}]},{"$and":[{"column0":"com.baidu.homework"},{"column2":"com.baidu.homework.common.camera.CameraActivity"}]},{"$and":[{"column0":"com.baidu.browser.apps"},{"column2":"com.baidu.megapp.proxy.activity.FragmentActivityProxyExt"}]},{"$and":[{"column0":"cn.com.robusoft.floweridentification"},{"column2":"cn.com.robusoft.floweridentification.presentation.discernment.DiscernActivity"}]},{"$and":[{"column0":"com.UCMobile"},{"column2":"com.uc.module.barcode.CaptureActivity"}]},{"$and":[{"column0":"com.microsoft.bing"},{"column2":"com.microsoft.client.bing.activities.CameraActivity"}]}]} fenceType : 10 fenceKey : 10,4,5888
12-09 09:52:33.682 I/com.huawei.hiai.awareness.bottomsensor.FenceManager(13484):  CAWARENESS: doNotifyListKeyChange() topKey : com.huawei.intelligent_1:1;6,1,2~LOCATION&CUSTOM fenceType : 10 fenceKey : 10,4,5888
12-09 09:52:33.682 I/com.huawei.hiai.awareness.bottomsensor.FenceManager(13484):  CAWARENESS: doNotifyListKeyChange() topKey : com.huawei.recsys_1:1;10,4,1~LmtSettingsGestureBackNavTip-default fenceType : 10 fenceKey : 10,4,5888
12-09 09:52:33.682 I/com.huawei.hiai.awareness.bottomsensor.FenceManager(13484):  CAWARENESS: doNotifyListKeyChange() topKey : com.huawei.recsys_1:1;11,1,2~{"$or":[{"$and":[{"column0":"com.huawei.scanner"},{"column2":"com.huawei.scanner.view.ScannerActivity"}]}]} fenceType : 10 fenceKey : 10,4,5888
12-09 09:52:33.682 I/com.huawei.hiai.awareness.bottomsensor.FenceManager(13484):  CAWARENESS: doNotifyListKeyChange() topKey : cawareness.locationcollector_1:1;8,4,1~2019-12-9D10H1 fenceType : 10 fenceKey : 10,4,5888
12-09 09:52:33.682 I/com.huawei.hiai.awareness.bottomsensor.FenceManager(13484):  CAWARENESS: doNotifyListKeyChange() topKey : cawareness.getuserdata_1:1;8,4,2~5H0 fenceType : 10 fenceKey : 10,4,5888
12-09 09:52:33.682 I/com.huawei.hiai.awareness.bottomsensor.FenceManager(13484):  CAWARENESS: doNotifyListKeyChange() topKey : cawareness.getuserdata_1:1;8,4,2~17H0 fenceType : 10 fenceKey : 10,4,5888
12-09 09:52:33.682 I/com.huawei.hiai.awareness.bottomsensor.FenceManager(13484):  CAWARENESS: doNotifyListKeyChange() topKey : com.huawei.recsys_1:1;11,2,1~{"column0":"com.youdao.dict|com.sogou.translator|com.youdao.translator|com.microsoft.translator|com.baidu.baidutranslate|com.iflytek.translatorapp|com.kingsoft"} fenceType : 10 fenceKey : 10,4,5888
12-09 09:52:33.682 I/com.huawei.hiai.awareness.bottomsensor.FenceManager(13484):  CAWARENESS: doNotifyListKeyChange() topKey : com.huawei.recsys_1:1;6,16,3 fenceType : 10 fenceKey : 10,4,5888
12-09 09:52:33.682 I/com.huawei.hiai.awareness.bottomsensor.FenceManager(13484):  CAWARENESS: doNotifyListKeyChange() topKey : com.huawei.intelligent_1:1;8,4,1~2019-12-9D22H19 fenceType : 10 fenceKey : 10,4,5888
12-09 09:52:33.682 I/com.huawei.hiai.awareness.bottomsensor.FenceManager(13484):  CAWARENESS: doNotifyListKeyChange() topKey : com.huawei.intelligent_1:1;6,8,2~LOCATION&CUSTOM fenceType : 10 fenceKey : 10,4,5888
12-09 09:52:33.685 D/ARMoudle.HwActivityRecognition( 2685): android.activity_recognition.high_speed_rail,2,200000000000
12-09 09:52:33.688 I/chatty  ( 2665): uid=1000(system) OdmfCtrlThread expire 18 lines
12-09 09:52:33.688 I/iMonitor( 2685): create: 942022000
12-09 09:52:33.689 I/iMonitor( 2685): send: 942022000
12-09 09:52:33.689 D/ARMoudle.HwActivityRecognition( 2685): enableActivityEvent
12-09 09:52:33.689 D/ARMoudle.HwActivityRecognition( 2685): android.activity_recognition.on_bicycle,1,200000000000
12-09 09:52:33.689 I/HiBoard_10.0.8.310_AwarenessActionReceiver( 3656): onReceive. intent = Intent { act=com.huawei.intelligent.AWARENESS_ACTION_CONFIRM flg=0x10 hwFlg=0x100 cmp=com.huawei.intelligent/com.huawei.placerecognition.receivers.AwarenessActionReceiver (has extras) }
12-09 09:52:33.689 I/HiBoard_10.0.8.310_AwarenessActionReceiver( 3656): received com.android.systemui.statusbar.visible.change
12-09 09:52:33.692 I/iMonitor( 2685): create: 942022000
12-09 09:52:33.692 I/iMonitor( 2685): send: 942022000
12-09 09:52:33.692 D/ARMoudle.HwActivityRecognition( 2685): enableActivityEvent
12-09 09:52:33.692 D/ARMoudle.HwActivityRecognition( 2685): android.activity_recognition.on_bicycle,2,200000000000
12-09 09:52:33.699 I/iMonitor( 2685): create: 942022000
12-09 09:52:33.699 I/iMonitor( 2685): send: 942022000
12-09 09:52:33.699 D/ARMoudle.HwActivityRecognition( 2685): enableActivityEvent
12-09 09:52:33.699 D/ARMoudle.HwActivityRecognition( 2685): android.activity_recognition.fast_walking,1,200000000000
12-09 09:52:33.699 I/GRALLOC (  645): getCallingPid=682, shrFd=32,fmt=0x1,intFmt=0x200000001,btStrd=4352,size=9973760,pid=645 
12-09 09:52:33.699 I/GRALLOC (  645): 	 yuv=2,w=1080,h=2244,Stride u=0 v=0,offset u=0 v=0 
12-09 09:52:33.699 I/GRALLOC (  645): 	 iova_size=9973760,conUsg=0xb00,proUsg=0xb00,	 strd=1088,[afbc]HdrStrd=1088 PyldStrd=69632 Scrmbl=2,ionhnd = 1 
12-09 09:52:33.702 I/iMonitor( 2685): create: 942022000
12-09 09:52:33.702 I/iMonitor( 2685): send: 942022000
12-09 09:52:33.703 D/ARMoudle.HwActivityRecognition( 2685): enableActivityEvent
12-09 09:52:33.703 D/ARMoudle.HwActivityRecognition( 2685): android.activity_recognition.fast_walking,2,200000000000
12-09 09:52:33.707 I/HiBoard_10.0.8.310_AwarenessIntentService( 3656): onHandleWork
12-09 09:52:33.707 I/iMonitor( 2685): create: 942022000
12-09 09:52:33.707 I/iMonitor( 2685): send: 942022000
12-09 09:52:33.707 D/ARMoudle.HwActivityRecognition( 2685): enableActivityEvent
12-09 09:52:33.707 D/ARMoudle.HwActivityRecognition( 2685): android.activity_recognition.in_vehicle,1,200000000000
12-09 09:52:33.709 I/HwLauncher( 2743): LauncherProvider launcher call - method:getHiBoardState arg:null extras: uid =10028 pid =3656
12-09 09:52:33.709 I/ArHal   (  632): (ar_data_netlink_cb:821):cmd[2].length[240]
12-09 09:52:33.710 I/HiBoard_10.0.8.310_Utils( 3656): initBusiness hiboardSwitch=1
12-09 09:52:33.710 I/HiBoard_10.0.8.310_IntelligentProvider( 3656): Provider.call: getPrefBoolean
12-09 09:52:33.711 I/iMonitor( 2685): create: 942022000
12-09 09:52:33.711 I/iMonitor( 2685): send: 942022000
12-09 09:52:33.711 D/ARMoudle.HwActivityRecognition( 2685): enableActivityEvent
12-09 09:52:33.711 D/ARMoudle.HwActivityRecognition( 2685): android.activity_recognition.in_vehicle,2,200000000000
12-09 09:52:33.712 I/ArHal   (  632): (ar_enable_activity_event:1313):activity[0] event[2] latency[200000000000 ns]
12-09 09:52:33.712 I/ArHal   (  632): (ar_data_enable_activity_event:619):successfully
12-09 09:52:33.712 I/ArHal   (  632): (ar_data_get_state:1235):id[2]
12-09 09:52:33.713 W/ArHal   (  632): (ar_data_get_activity_index:199):invalid activity[31]
12-09 09:52:33.713 W/ArHal   (  632): (ar_data_get_state:1266):unknown activity[31], discard
12-09 09:52:33.713 I/HiBoard_10.0.8.310_HiBoardProvider(18136): call method: getUserProtocolState
12-09 09:52:33.713 I/ArHal   (  632): (ar_data_netlink_cb:821):cmd[2].length[240]
12-09 09:52:33.714 I/HiBoard_10.0.8.310_AwarenessIntentService( 3656): isHiboardSwitchOpen: true isIntelligentSwitchOpen: true isPrivacySwitchOpen:true
12-09 09:52:33.714 I/HiBoard_10.0.8.310_AwarenessIntentService( 3656): received com.android.systemui.statusbar.visible.change
12-09 09:52:33.717 I/iMonitor( 2685): create: 942022000
12-09 09:52:33.717 I/iMonitor( 2685): send: 942022000
12-09 09:52:33.717 D/ARMoudle.HwActivityRecognition( 2685): enableActivityEvent
12-09 09:52:33.717 D/ARMoudle.HwActivityRecognition( 2685): android.activity_recognition.running,1,200000000000
12-09 09:52:33.718 I/ArHal   (  632): (ar_enable_activity_event:1313):activity[3] event[1] latency[200000000000 ns]
12-09 09:52:33.718 I/ArHal   (  632): (ar_data_enable_activity_event:619):successfully
12-09 09:52:33.718 I/ArHal   (  632): (ar_data_get_state:1235):id[2]
12-09 09:52:33.719 W/ArHal   (  632): (ar_data_get_activity_index:199):invalid activity[31]
12-09 09:52:33.719 W/ArHal   (  632): (ar_data_get_state:1266):unknown activity[31], discard
12-09 09:52:33.720 I/ArHal   (  632): (ar_data_netlink_cb:821):cmd[2].length[240]
12-09 09:52:33.720 D/ARMoudle.ARService( 2649): onActivityChanged...
12-09 09:52:33.721 I/iMonitor( 2685): create: 942022000
12-09 09:52:33.721 I/iMonitor( 2685): send: 942022000
12-09 09:52:33.721 D/ARMoudle.HwActivityRecognition( 2685): enableActivityEvent
12-09 09:52:33.721 D/ARMoudle.HwActivityRecognition( 2685): android.activity_recognition.running,2,200000000000
12-09 09:52:33.721 I/ArHal   (  632): (ar_enable_activity_event:1313):activity[3] event[2] latency[200000000000 ns]
12-09 09:52:33.722 I/ArHal   (  632): (ar_data_enable_activity_event:619):successfully
12-09 09:52:33.722 D/ARMoudle.ARService( 2649): com.huawei.msdp.movement.f 2:200000000000
12-09 09:52:33.722 I/ArHal   (  632): (ar_data_get_state:1235):id[2]
12-09 09:52:33.722 W/ArHal   (  632): (ar_data_get_activity_index:199):invalid activity[31]
12-09 09:52:33.722 W/ArHal   (  632): (ar_data_get_state:1266):unknown activity[31], discard
12-09 09:52:33.723 I/ArHal   (  632): (ar_data_netlink_cb:821):cmd[2].length[240]
12-09 09:52:33.723 D/ARMoudle.ARService( 2649): onActivityChanged...
12-09 09:52:33.724 I/iMonitor( 2685): create: 942022000
12-09 09:52:33.724 I/iMonitor( 2685): send: 942022000
12-09 09:52:33.724 D/ARMoudle.HwActivityRecognition( 2685): enableActivityEvent
12-09 09:52:33.724 D/ARMoudle.HwActivityRecognition( 2685): android.activity_recognition.still,1,200000000000
12-09 09:52:33.725 I/ArHal   (  632): (ar_enable_activity_event:1313):activity[4] event[1] latency[200000000000 ns]
12-09 09:52:33.725 D/HicomMonitor( 2649): notifyScreenStatusChanged: begin
12-09 09:52:33.725 I/ArHal   (  632): (ar_data_enable_activity_event:619):successfully
12-09 09:52:33.725 D/HighSpeedDevicesManager( 2649): onScreenStatusChanged, status:7
12-09 09:52:33.725 D/HighSpeedDevicesManager( 2649): onScreenStatusChanged, screenStatus:2
12-09 09:52:33.725 D/ARMoudle.ARService( 2649): com.huawei.msdp.devicestatus.a.a 2:200000000000
12-09 09:52:33.725 I/ArHal   (  632): (ar_data_get_state:1235):id[2]
12-09 09:52:33.726 W/ArHal   (  632): (ar_data_get_activity_index:199):invalid activity[31]
12-09 09:52:33.726 W/ArHal   (  632): (ar_data_get_state:1266):unknown activity[31], discard
12-09 09:52:33.727 I/AppManager( 2713): dependence has been existed:1275 -> 3656
12-09 09:52:33.727 I/ArHal   (  632): (ar_data_netlink_cb:821):cmd[2].length[240]
12-09 09:52:33.727 I/iMonitor( 2685): create: 942022000
12-09 09:52:33.727 W/libEGL  (15860): EGLNativeWindowType 0x6fbd562010 disconnect failed
12-09 09:52:33.728 I/iMonitor( 2685): send: 942022000
12-09 09:52:33.728 D/ARMoudle.ARService( 2649): onActivityChanged...
12-09 09:52:33.728 D/ARMoudle.HwActivityRecognition( 2685): enableActivityEvent
12-09 09:52:33.728 D/ARMoudle.HwActivityRecognition( 2685): android.activity_recognition.still,2,200000000000
12-09 09:52:33.728 D/HighSpeedDevicesManager( 2649): reportScreenState CONNECTED_DEVICE_STATE_OFF.
12-09 09:52:33.728 D/XEngineProcessor( 2649): onScreenStatusChanged, status:7
12-09 09:52:33.728 D/XEngineProcessor( 2649): delayToHandleScreenStatusChanged : 7
12-09 09:52:33.728 D/DaemonMessageAdapter( 2649): onScreenStatusChanged, screenStatus:7
