12-09 09:50:56.488 I/Finsky  (12987): [10928] ewy.run(3): Stats for Executor: LightweightExecutor eym@39cfcbb[Running, pool size = 4, active threads = 0, queued tasks = 0, completed tasks = 62]
12-09 09:50:56.540 I/Finsky  (12987): [10928] ewy.run(3): Stats for Executor: bgExecutor eym@27ac5d8[Running, pool size = 4, active threads = 0, queued tasks = 0, completed tasks = 38]
12-09 09:50:58.137 I/chatty  (  829): uid=0(root) Binder:829_4 expire 5 lines
12-09 09:51:00.006 I/HwLauncher( 2743): Model  onReceive intent=Intent { act=android.intent.action.TIME_TICK flg=0x50200014 hwFlg=0x900 (has extras) }
12-09 09:51:00.006 I/HwLauncher( 2743): Model  onReceive user=UserHandle{0}
12-09 09:51:00.014 E/HwLauncher( 2743): SettingsEx , no such field.
12-09 09:51:00.014 W/HwLauncher( 2743): Clock getDataFormat the getSystemString failed.
12-09 09:51:00.095 I/chatty  ( 1275): uid=1000 system_server expire 12 lines
12-09 09:51:01.336 I/chatty  (  818): uid=0(root) EventThread expire 3 lines
12-09 09:51:01.337 I/chatty  ( 1275): uid=1000(system) Binder:1275_A expire 16 lines
12-09 09:51:02.206 D/WorkerThreadMonitor( 2235): Kill MSF check result[ senderSize:0,sendInterval:41946,receiveInterval=11811,addCmdCount=2472
12-09 09:51:04.424 E/Thermal-daemon(  811): device current too high (0), during charging or current std is invalid. 
12-09 09:51:04.424 E/Thermal-daemon(  811): latest temp 19528 at 2019/12/9, 1h:51m:4s.
12-09 09:51:07.256 I/chatty  (20165): uid=0(root) expire 1 line
12-09 09:51:07.394 I/chatty  (  829): uid=0(root) JankIoInfo expire 4 lines
12-09 09:51:09.428 I/SmartThreadExecutor(13993): handleMessage: start check 0
12-09 09:51:09.428 I/SmartThreadExecutor(13993): handleMessage: check end 0 -392 false
12-09 09:51:09.429 I/SmartThreadExecutor(13993): handleMessage: start check 1
12-09 09:51:09.429 I/SmartThreadExecutor(13993): handleMessage: check end 1 -392 false
12-09 09:51:10.096 I/FusionD_CellBatching(  840): (cellBatchingNetlinkCb:112):cmd[17].length[20]
12-09 09:51:10.097 I/FusionD_CellBatching(  840): (onCellBatchingChanged:152):send num[1]
12-09 09:51:10.105 I/chatty  ( 2633): uid=1000(system) Binder:2633_10 expire 6 lines
12-09 09:51:14.017 I/chatty  (13570): uid=1000(system) Binder:13570_3 expire 2 lines
12-09 09:51:14.063 E/memtrack(11392): Couldn't load memtrack module
12-09 09:51:14.064 W/android.os.Debug(11392): failed to get memory consumption info: -1
12-09 09:51:14.121 E/BDLog   ( 2665): BD.FilterImpl:com.android.systemui 344 times= 200 over threshold
12-09 09:51:14.121 E/BDLog   ( 2665): BD.FilterImpl:com.android.systemui, 344 is illLegal
12-09 09:51:14.127 I/chatty  (15860): uid=10026(com.huawei.desktop.systemui) com.android.systemui expire 33 lines
12-09 09:51:14.673 I/PushLogNC90101317(29516): [main-1]receive NC control info, controlType:3(pushagent/ControlInfoReceiver.java:39)
12-09 09:51:14.673 D/PushLogNC90101317(29516): Begin to init mFileNode
12-09 09:51:14.673 D/PushLogNC90101317(29516): whether write file log:true
12-09 09:51:14.673 W/FileLogNode(29516): backup the log file. mLogFile.length() + line.length(): 6887602 LIMIT_FILE_SIZE :10485760false
12-09 09:51:14.674 W/FileLogNode(29516): backup the log file
12-09 09:51:14.674 I/PushLogNC90101317(29516): [ReceiverHandler-pool-thread-1-13858]enter AlarmTools:setInexactAlarm(intent:Intent { act=com.huawei.android.push.intent.NC_CONTROL_INFO flg=0x10000000 pkg=com.huawei.android.pushagent (has extras) } interval:1800000ms, requestCode:3(pushagent/AlarmTools.java:67)
12-09 09:51:14.674 W/FileLogNode(29516): nc log write success
12-09 09:51:14.680 D/WorkSource( 3059): Insert in WorkSource{} @ 0 uid 10030 name com.google.android.gms
12-09 09:51:14.681 D/WorkSource( 3059): Insert in WorkSource{} @ 0 uid 10030 name com.google.android.gms
12-09 09:51:14.692 I/PushLogNC90101317(29516): [ReceiverHandler-pool-thread-1-13858]cycle report begin(pushagent/ControlInfoReceiver.java:61)
12-09 09:51:14.692 W/FileLogNode(29516): backup the log file. mLogFile.length() + line.length(): 6887757 LIMIT_FILE_SIZE :10485760false
12-09 09:51:14.692 W/FileLogNode(29516): backup the log file
12-09 09:51:14.693 W/FileLogNode(29516): nc log write success
12-09 09:51:14.696 D/WorkSource( 3059): Insert in WorkSource{} @ 0 uid 10030 name com.google.android.gms
12-09 09:51:14.698 I/chatty  ( 2713): uid=1000(system) AppResMgrHandle expire 1 line
12-09 09:51:14.702 I/chatty  ( 2713): uid=1000(system) actions handler expire 53 lines
12-09 09:51:14.702 I/PushLogNC90101317(29516): [ReceiverHandler-pool-thread-1-13858] init NC BI reporter.(pushagent/BIReporter.java:47)
12-09 09:51:14.702 I/HianalyticsSDK(29516): [2019-12-09 09:51:14.702 I/hianalytics/HianalyticsSDK 29516:13858 null:19] Builder.setCollectURL(int type,String collectURL) is execute.TYPE : 0
12-09 09:51:14.703 W/FileLogNode(29516): backup the log file. mLogFile.length() + line.length(): 6887910 LIMIT_FILE_SIZE :10485760false
12-09 09:51:14.703 W/FileLogNode(29516): backup the log file
12-09 09:51:14.703 W/FileLogNode(29516): nc log write success
12-09 09:51:14.703 I/HianalyticsSDK(29516): [2019-12-09 09:51:14.703 I/hianalytics/HianalyticsSDK 29516:13858 null:4] Builder.setChannel(String channel) is execute.
12-09 09:51:14.704 I/HianalyticsSDK(29516): [2019-12-09 09:51:14.703 I/hianalytics/HianalyticsSDK 29516:13858 null:16] Builder.create() is execute.
12-09 09:51:14.704 I/HiAnalytics/event(29516): [2019-12-09 09:51:14.704 I/hianalytics/HiAnalytics/event 29516:13858 null:21] HiAnalyticsInstanceImpl.setOperConf() is executed.TAG: _default_config_tag
12-09 09:51:14.704 I/HiAnalytics/event(29516): [2019-12-09 09:51:14.704 I/hianalytics/HiAnalytics/event 29516:13858 null:21] HiAnalyticsInstanceImpl.setMaintConf() is executed.TAG : _default_config_tag
12-09 09:51:14.705 I/HiAnalytics/event(29516): [2019-12-09 09:51:14.704 I/hianalytics/HiAnalytics/event 29516:13858 null:21] HiAnalyticsInstanceImpl.setDiffConf() is executed.TAG : _default_config_tag
12-09 09:51:14.705 I/HiAnalytics/event(29516): [2019-12-09 09:51:14.705 I/hianalytics/HiAnalytics/event 29516:13858 null:21] HiAnalyticsInstanceImpl.setPreInstallConf() is executed.TAG: _default_config_tag
12-09 09:51:14.705 W/HianalyticsSDK(29516): [2019-12-09 09:51:14.705 W/hianalytics/HianalyticsSDK 29516:13858 null:11] SDK has been initialized,But an instance can be registered!
12-09 09:51:14.705 I/HianalyticsSDK(29516): [2019-12-09 09:51:14.705 I/hianalytics/HianalyticsSDK 29516:13858 null:4] HiAnalyticsDataManager.setAppid(String appid) is execute.
12-09 09:51:14.706 W/HianalyticsSDK(29516): [2019-12-09 09:51:14.705 W/hianalytics/HianalyticsSDK 29516:13858 null:25] checkStrParameter() Parameter verification failure! Parameter:appID
12-09 09:51:14.706 W/HianalyticsSDK(29516): [2019-12-09 09:51:14.706 W/hianalytics/HianalyticsSDK 29516:13858 null:53] enableLogCollection(): config or context is null, Log disabled.
12-09 09:51:14.707 I/hianalytics(29516): [2019-12-09 09:51:14.707 I/hianalytics/hianalytics 29516:13858 null:2]
12-09 09:51:14.707 I/hianalytics(29516):  
12-09 09:51:14.707 I/hianalytics(29516): ============================================================================
12-09 09:51:14.707 I/hianalytics(29516): ====== HiAnalytics-2.1.4.304
12-09 09:51:14.707 I/hianalytics(29516): ============================================================================
12-09 09:51:14.707 I/HiAnalytics/event(29516): [2019-12-09 09:51:14.707 I/hianalytics/HiAnalytics/event 29516:13858 null:13] HiAnalyticsInstance.onReport() is execute.TAG: _default_config_tag,TYPE: -1
12-09 09:51:14.728 I/HiAnalytics/event(29516): [2019-12-09 09:51:14.708 I/hianalytics/HiAnalytics/event 29516:13858 null:11] onReport: Before calling runtaskhandler()
12-09 09:51:14.729 I/PushLogNC90101317(29516): [ReceiverHandler-pool-thread-1-13858]report success(pushagent/ControlInfoReceiver.java:90)
12-09 09:51:14.730 I/HiAnalytics/event(29516): [2019-12-09 09:51:14.730 I/hianalytics/HiAnalytics/event 29516:13978 null:13] run report.TAG : _default_config_tag,TYPE: allType
12-09 09:51:14.730 W/FileLogNode(29516): backup the log file. mLogFile.length() + line.length(): 6888062 LIMIT_FILE_SIZE :10485760false
12-09 09:51:14.730 W/FileLogNode(29516): backup the log file
12-09 09:51:14.730 W/FileLogNode(29516): nc log write success
12-09 09:51:14.733 W/ActionData(29516): [2019-12-09 09:51:14.732 W/hianalytics/ActionData 29516:13978 null:15] No data from cache sp!
12-09 09:51:14.733 I/EventDataHandler(29516): [2019-12-09 09:51:14.733 I/hianalytics/EventDataHandler 29516:13978 null:4] handler event report...
12-09 09:51:14.736 I/EventDataHandler(29516): [2019-12-09 09:51:14.736 I/hianalytics/EventDataHandler 29516:13978 null:152] Update data cached into backup,spKey: _default_config_tag#d83301166a5a4514ba32ea943051b827
12-09 09:51:14.743 I/SharedPreferenceUtil(29516): [2019-12-09 09:51:14.743 I/hianalytics/SharedPreferenceUtil 29516:13978 null:22] clear data file : eventTag : _default_config_tag
12-09 09:51:14.746 I/HiAnalytics/event(29516): [2019-12-09 09:51:14.746 I/hianalytics/HiAnalytics/event 29516:13979 null:13]  begin to send event data TYPE : oper, TAG : _default_config_tag ,reqID:d83301166a5a4514ba32ea943051b827
12-09 09:51:14.747 I/HianalyticsSDK(29516): [2019-12-09 09:51:14.747 I/hianalytics/HianalyticsSDK 29516:13979 null:19] getAndroidId(): to getConfigByType()
12-09 09:51:14.749 I/NetRec  ( 3059): [4905] alfq.a: Refreshing scores for 150 networks.
12-09 09:51:14.750 I/DataSendTask(29516): [2019-12-09 09:51:14.750 I/hianalytics/DataSendTask 29516:13979 null:66] Record the data reqID being reported,reqID: _default_config_tag#d83301166a5a4514ba32ea943051b827
12-09 09:51:14.758 I/DataSendTask(29516): [2019-12-09 09:51:14.757 I/hianalytics/DataSendTask 29516:13979 null:99] number of events per request: 6
12-09 09:51:14.758 I/HiAnalytics/event(29516): [2019-12-09 09:51:14.758 I/hianalytics/HiAnalytics/event 29516:13979 null:13] sendData RequestId : d83301166a5a4514ba32ea943051b827
12-09 09:51:14.759 I/NetHandler(29516): [2019-12-09 09:51:14.758 I/hianalytics/NetHandler 29516:13979 null:28] send data body size : 1157
12-09 09:51:15.027 I/HiAnalytics/event(29516): [2019-12-09 09:51:15.026 I/hianalytics/HiAnalytics/event 29516:13979 null:13] events PostRequest sendevent TYPE : oper, TAG : _default_config_tag, resultCode: 200 ,reqID:d83301166a5a4514ba32ea943051b827
12-09 09:51:15.027 I/HiAnalytics/event(29516): [2019-12-09 09:51:15.027 I/hianalytics/HiAnalytics/event 29516:13979 null:13] data send result: true ,reqID:d83301166a5a4514ba32ea943051b827
12-09 09:51:15.028 I/SharedPreferenceUtil(29516): [2019-12-09 09:51:15.027 I/hianalytics/SharedPreferenceUtil 29516:13979 null:33] begin clear backup data! spKey:_default_config_tag#d83301166a5a4514ba32ea943051b827
12-09 09:51:15.201 W/PhoneInterfaceManager( 2733): shouldBlockLocation running ...
12-09 09:51:15.201 I/PhoneInterfaceManager( 2733): shouldBlockLocation  ret:false
12-09 09:51:15.210 W/PhoneInterfaceManager( 2733): shouldBlockLocation running ...
12-09 09:51:15.210 I/PhoneInterfaceManager( 2733): shouldBlockLocation  ret:false
12-09 09:51:15.213 I/chatty  ( 2685): uid=1000(system) Binder:2685_9 expire 11 lines
12-09 09:51:15.214 I/chatty  (  632): uid=1000(system) HwBinder:632_1 expire 12 lines
12-09 09:51:16.720 I/chatty  ( 1275): uid=1000(system) WifiService expire 10 lines
12-09 09:51:16.811 I/NetRec  ( 3059): [4905] alfq.b: Will retry failed rapid_refresh_scores_task task as standard refresh.
12-09 09:51:16.814 W/NetRec  ( 3059): [4905] alfq.a: Unexpected exception com.android.volley.NoConnectionError: java.net.ConnectException: Failed to connect to mobilenetworkscoring-pa.googleapis.com/216.58.200.42:443 while waiting for score updates (com.android.volley.NoConnectionError: java.net.ConnectException: Failed to connect to mobilenetworkscoring-pa.googleapis.com/216.58.200.42:443). Returning 2.
12-09 09:51:16.821 I/NetRec  ( 3059): [4905] NetRecChimeraGcmTaskService.a: Still entries pending update, scheduling new rapid_refresh_scores_task refresh.
12-09 09:51:16.824 I/NetRec  ( 3059): [4905] NetRecChimeraGcmTaskService.a: Completed rapid_refresh_scores_task score refresh task in 2120 ms, returning 2
12-09 09:51:16.843 D/WorkSource( 3059): Insert in WorkSource{} @ 0 uid 10030 name com.google.android.gms
12-09 09:51:18.962 E/memtrack(11464): Couldn't load memtrack module
12-09 09:51:18.962 W/android.os.Debug(11464): failed to get memory consumption info: -1
12-09 09:51:21.206 W/PhoneInterfaceManager( 2733): shouldBlockLocation running ...
12-09 09:51:21.206 I/PhoneInterfaceManager( 2733): shouldBlockLocation  ret:false
12-09 09:51:21.217 W/PhoneInterfaceManager( 2733): shouldBlockLocation running ...
12-09 09:51:21.217 I/PhoneInterfaceManager( 2733): shouldBlockLocation  ret:false
12-09 09:51:21.424 I/chatty  ( 1275): uid=1000(system) Binder:1275_D expire 10 lines
12-09 09:51:25.460 I/chatty  (  759): uid=0(root) /system/vendor/bin/aptouch_daemon expire 7 lines
12-09 09:51:27.199 I/chatty  ( 1275): uid=1000 system_server expire 10 lines
12-09 09:51:27.207 W/PhoneInterfaceManager( 2733): shouldBlockLocation running ...
12-09 09:51:27.208 I/PhoneInterfaceManager( 2733): shouldBlockLocation  ret:false
12-09 09:51:27.217 W/PhoneInterfaceManager( 2733): shouldBlockLocation running ...
12-09 09:51:27.217 I/PhoneInterfaceManager( 2733): shouldBlockLocation  ret:false
12-09 09:51:27.221 I/chatty  (  632): uid=1000(system) HwBinder:632_1 expire 12 lines
12-09 09:51:27.235 I/chatty  ( 1275): uid=1000(system) Binder:1275_B expire 11 lines
12-09 09:51:27.237 I/chatty  ( 2685): uid=1000(system) Binder:2685_9 expire 10 lines
12-09 09:51:27.494 I/chatty  (15860): uid=10026(com.huawei.desktop.systemui) com.android.systemui expire 48 lines
12-09 09:51:31.469 I/chatty  ( 1275): uid=1000(system) Binder:1275_18 expire 12 lines
12-09 09:51:32.511 I/chatty  (20176): uid=0(root) expire 1 line
12-09 09:51:35.019 W/[HwRecSys]HwRecSysAidlInterfaceStub(13570): doNotificationCollect -> the same notification return!
12-09 09:51:35.019 I/[HwRecSys]HwRecSysAidlInterfaceStub(13570): doNotificationCollect ->  finally remote Num - 1 !
12-09 09:51:35.100 E/BDLog   ( 2665): BD.FilterImpl:com.android.systemui 344 times= 200 over threshold
12-09 09:51:35.100 E/BDLog   ( 2665): BD.FilterImpl:com.android.systemui, 344 is illLegal
12-09 09:51:35.848 I/ImsResolver( 2733): getMmTelFeatureAndListen - slot: 2 callback: com.android.ims.MmTelFeatureConnection$1@c2c4c85
12-09 09:51:39.529 I/SmartThreadExecutor(13993): handleMessage: start check 0
12-09 09:51:39.529 I/SmartThreadExecutor(13993): handleMessage: check end 0 -393 false
12-09 09:51:39.529 I/SmartThreadExecutor(13993): handleMessage: start check 1
12-09 09:51:39.529 I/SmartThreadExecutor(13993): handleMessage: check end 1 -393 false
12-09 09:51:40.101 I/FusionD_CellBatching(  840): (cellBatchingNetlinkCb:112):cmd[17].length[20]
12-09 09:51:40.102 I/FusionD_CellBatching(  840): (onCellBatchingChanged:152):send num[1]
12-09 09:51:40.102 I/chatty  ( 2633): uid=1000(system) cellbatching_ha expire 2 lines
12-09 09:51:40.106 D/CellBatching( 2633): sendIntent to app.
12-09 09:51:40.109 D/CellBatching( 2633): resultCode:0
12-09 09:51:41.582 I/chatty  (15860): uid=10026(com.huawei.desktop.systemui) com.android.systemui expire 47 lines
12-09 09:51:46.597 I/chatty  (15860): uid=10026(com.huawei.desktop.systemui) SysUiBg expire 5 lines
12-09 09:51:50.309 D/WorkSource( 3059): Insert in WorkSource{} @ 0 uid 10030 name com.google.android.gms
12-09 09:51:50.310 D/WorkSource( 3059): Insert in WorkSource{} @ 0 uid 10030 name com.google.android.gms
12-09 09:51:50.323 D/WorkSource( 3059): Insert in WorkSource{} @ 0 uid 10030 name com.google.android.gms
12-09 09:51:50.382 I/NetRec  ( 3059): [4866] alfq.a: Refreshing scores for 150 networks.
12-09 09:51:50.409 I/chatty  (  623): uid=0(root) /system/bin/netd expire 2 lines
12-09 09:51:51.323 D/TelephonyManager( 2633): getCellLocation calling app is com.huawei.lbs
12-09 09:51:51.325 W/PhoneInterfaceManager( 2733): shouldBlockLocation running ...
12-09 09:51:51.326 I/PhoneInterfaceManager( 2733): shouldBlockLocation  ret:false
12-09 09:51:51.334 D/TelephonyManager( 2633): getAllCellInfo calling app is com.huawei.lbs
12-09 09:51:51.337 W/PhoneInterfaceManager( 2733): shouldBlockLocation running ...
12-09 09:51:51.337 I/PhoneInterfaceManager( 2733): shouldBlockLocation  ret:false
12-09 09:51:51.338 I/chatty  (15860): uid=10026(com.huawei.desktop.systemui) SystemUI_subThr expire 2 lines
12-09 09:51:52.460 I/NetRec  ( 3059): [4866] alfq.b: Will retry failed rapid_refresh_scores_task task as standard refresh.
12-09 09:51:52.463 W/NetRec  ( 3059): [4866] alfq.a: Unexpected exception com.android.volley.NoConnectionError: java.net.ConnectException: Failed to connect to mobilenetworkscoring-pa.googleapis.com/216.58.200.42:443 while waiting for score updates (com.android.volley.NoConnectionError: java.net.ConnectException: Failed to connect to mobilenetworkscoring-pa.googleapis.com/216.58.200.42:443). Returning 2.
12-09 09:51:52.469 I/NetRec  ( 3059): [4866] NetRecChimeraGcmTaskService.a: Still entries pending update, scheduling new rapid_refresh_scores_task refresh.
12-09 09:51:52.472 I/NetRec  ( 3059): [4866] NetRecChimeraGcmTaskService.a: Completed rapid_refresh_scores_task score refresh task in 2141 ms, returning 2
12-09 09:51:52.490 D/WorkSource( 3059): Insert in WorkSource{} @ 0 uid 10030 name com.google.android.gms
12-09 09:51:54.635 I/chatty  (15860): uid=10026(com.huawei.desktop.systemui) com.android.systemui expire 41 lines
12-09 09:51:56.015 W/[HwRecSys]HwRecSysAidlInterfaceStub(13570): doNotificationCollect -> the same notification return!
12-09 09:51:56.015 I/[HwRecSys]HwRecSysAidlInterfaceStub(13570): doNotificationCollect ->  finally remote Num - 1 !
12-09 09:51:56.082 I/chatty  (15860): uid=10026(com.huawei.desktop.systemui) SystemUIThreadF expire 7 lines
12-09 09:51:56.095 E/BDLog   ( 2665): BD.FilterImpl:com.android.systemui 344 times= 200 over threshold
12-09 09:51:56.095 E/BDLog   ( 2665): BD.FilterImpl:com.android.systemui, 344 is illLegal
12-09 09:51:56.693 D/MSF.C.NetConnTag( 2235): netRecv ssoSeq:-42115021 uin:*8200 cmd:BS08PTQ9FS85K34EOAgwKSIEIjsvKAgpLQ -42114533 cross:0
12-09 09:51:56.696 I/MSF.S.AppProcessManager( 2235): SendToApp PUSH process:com.tencent.mobileqq fromServiceMsg: FromServiceMsg msName:onRecvPushMsg ssoSeq:-42115021 serviceCmd:OnlinePush.PbPushGroupMsg appSeq:-42115021 failCode:1000 cost=2 needBoot=true
12-09 09:51:56.696 D/GuardManager( 2235): prestart 3, 1575856316696, 1575856173405, 720000, true, true, 1575856173405
12-09 09:51:56.697 I/troop_ext(13993): onTroopReceiveOrSendMsg troopInfo is null or not eliminated. troopUin: 628151232
12-09 09:51:56.701 D/Q.msg.TroopMsgProxy(13993): insertToList MessageRecord=friendUin:1232senderuin:2285,istroop:1,msgType:-1000,time:1575856316,shmsgseq:877
12-09 09:51:56.701 D/Q.unread.Proxy_UnreadMonitor(13993): insertOrUpdateUnread update=--ConversationInfo--,shortUin:*1232,type:1,lastread:876,unreadCount:1,unreadGiftCount:0,unreadRedPacketCount:0,unreadMark:0
12-09 09:51:56.704 I/AutoMonitor(13993): onActivityCreatemqq.app.QQBroadcastReceiver@1c7f6f9
12-09 09:51:56.722 D/Q.msg.QQMessageFacade_UnreadMonitor(13993): Recent Msg Unread: (0,0,11) (9980,9000,0) (9953,7230,2) (9992,7000,0) 
12-09 09:51:56.728 D/BadgeUtils_UnreadMonitor(13993): setBadge limit: 999, count: 13
12-09 09:51:56.728 D/CommonBadgeUtilImpl(13993): setBadge count=13|forceSet=false
12-09 09:51:56.731 I/HwLauncher( 2743): LauncherProvider launcher call - method:change_badge arg:null extras:[package=com.tencent.mobileqq][badgenumber=13][class=com.tencent.mobileqq.activity.SplashActivity] uid =10157 pid =13993
12-09 09:51:56.755 I/chatty  ( 1275): uid=1000(system) MobileQosDetect expire 10 lines
12-09 09:51:57.285 W/HwLauncher( 2743): FolderIcon drawSelectedLabel bitmap null
12-09 09:51:57.289 W/HwLauncher( 2743): FolderIcon drawSelectedLabel bitmap null
12-09 09:51:57.333 D/TelephonyManager( 2633): getCellLocation calling app is com.huawei.lbs
12-09 09:51:57.337 I/chatty  ( 2649): uid=1000(system) com.huawei.systemserver expire 11 lines
12-09 09:51:57.337 W/PhoneInterfaceManager( 2733): shouldBlockLocation running ...
12-09 09:51:57.337 I/PhoneInterfaceManager( 2733): shouldBlockLocation  ret:false
12-09 09:51:57.339 D/TelephonyManager( 2633): getAllCellInfo calling app is com.huawei.lbs
12-09 09:51:57.341 W/PhoneInterfaceManager( 2733): shouldBlockLocation running ...
12-09 09:51:57.341 I/PhoneInterfaceManager( 2733): shouldBlockLocation  ret:false
12-09 09:51:57.344 I/chatty  (  632): uid=1000(system) HwBinder:632_1 expire 12 lines
12-09 09:51:57.357 D/NetWorkUtils(15860): mVSimCurCardType is -1
12-09 09:51:57.357 D/NetWorkUtils(15860): mVSimCurCardType is -1
12-09 09:51:57.357 D/NetWorkUtils(15860): is3GCalling is false,mCdmaSlot is 0
12-09 09:51:57.357 D/NetWorkUtils(15860): mVSimCurCardType is -1
12-09 09:51:57.357 D/NetWorkUtils(15860): mVSimCurCardType is -1
12-09 09:51:57.641 D/NetworkController.MobileSignalController(0)(15860): mSimSubId:0 onDataActivity: direction=3
12-09 09:51:57.651 D/HwCustMobileSignalControllerImpl(15860): updateDataType, mDataNetType: 13, isCAstate: false
12-09 09:51:57.651 D/NetWorkUtils(15860): is3GCalling is false,mCdmaSlot is 0
12-09 09:51:57.651 D/NetWorkUtils(15860): mVSimCurCardType is -1
12-09 09:51:57.653 D/NetWorkUtils(15860): mVSimCurCardType is -1
12-09 09:51:57.653 D/NetWorkUtils(15860): is3GCalling is false,mCdmaSlot is 0
12-09 09:51:57.653 D/NetWorkUtils(15860): mVSimCurCardType is -1
12-09 09:51:57.653 D/NetWorkUtils(15860): mVSimCurCardType is -1
12-09 09:51:57.653 D/NetWorkUtils(15860): is3GCalling is false,mCdmaSlot is 0
12-09 09:51:57.653 D/NetWorkUtils(15860): mVSimCurCardType is -1
12-09 09:51:57.653 D/NetWorkUtils(15860): mVSimCurCardType is -1
12-09 09:51:57.767 I/chatty  (20192): uid=0(root) expire 1 line
12-09 09:51:58.164 W/DoneDirFilePackUtil( 2665): failed to parse the file name to integer, file is: temp
12-09 09:51:58.165 W/DoneDirFilePackUtil( 2665): failed to parse the file name to integer, file is: uploading
12-09 09:51:58.165 W/DoneDirFilePackUtil( 2665): collectAllFilesInDoneDir NumberFormatException
12-09 09:51:58.166 I/chatty  ( 2665): uid=1000(system) UploadAgent identical 3 lines
12-09 09:51:58.647 D/NetworkController.MobileSignalController(0)(15860): mSimSubId:0 onDataActivity: direction=2
12-09 09:51:58.655 D/HwCustMobileSignalControllerImpl(15860): updateDataType, mDataNetType: 13, isCAstate: false
12-09 09:51:58.655 D/NetWorkUtils(15860): is3GCalling is false,mCdmaSlot is 0
12-09 09:51:58.655 D/NetWorkUtils(15860): mVSimCurCardType is -1
12-09 09:51:58.658 D/NetWorkUtils(15860): mVSimCurCardType is -1
12-09 09:51:58.658 D/NetWorkUtils(15860): is3GCalling is false,mCdmaSlot is 0
12-09 09:51:58.658 D/NetWorkUtils(15860): mVSimCurCardType is -1
12-09 09:51:58.658 D/NetWorkUtils(15860): mVSimCurCardType is -1
12-09 09:51:58.658 D/NetWorkUtils(15860): is3GCalling is false,mCdmaSlot is 0
12-09 09:51:58.658 D/NetWorkUtils(15860): mVSimCurCardType is -1
12-09 09:51:58.658 D/NetWorkUtils(15860): mVSimCurCardType is -1
12-09 09:51:59.634 D/MSF.C.NetConnTag( 2235): netRecv ssoSeq:-42106606 uin:*8200 cmd:ByYjJzs/IAk8IH4ELystCC8iNDE+ -42106358 cross:0
12-09 09:51:59.638 D/Q.unread.Proxy_UnreadMonitor(13993): insertOrUpdateUnread update=--ConversationInfo--,shortUin:*1232,type:1,lastread:877,unreadCount:0,unreadGiftCount:0,unreadRedPacketCount:0,unreadMark:0
12-09 09:51:59.641 D/Q.msg.QQMessageFacade_UnreadMonitor(13993): Recent Msg Unread: (0,0,10) (9980,9000,0) (9953,7230,2) (9992,7000,0) 
12-09 09:51:59.642 I/MSF.S.AppProcessManager( 2235): SendToApp PUSH process:com.tencent.mobileqq fromServiceMsg: FromServiceMsg msName:onRecvPushMsg ssoSeq:-42106606 serviceCmd:MessageSvc.PushReaded appSeq:-42106606 failCode:1000 cost=7 needBoot=true
12-09 09:51:59.646 D/BadgeUtils_UnreadMonitor(13993): setBadge limit: 999, count: 12
12-09 09:51:59.647 D/CommonBadgeUtilImpl(13993): setBadge count=12|forceSet=false
12-09 09:51:59.650 I/HwLauncher( 2743): LauncherProvider launcher call - method:change_badge arg:null extras:[package=com.tencent.mobileqq][badgenumber=12][class=com.tencent.mobileqq.activity.SplashActivity] uid =10157 pid =13993
12-09 09:51:59.652 D/NetworkController.MobileSignalController(0)(15860): mSimSubId:0 onDataActivity: direction=3
12-09 09:51:59.660 D/HwCustMobileSignalControllerImpl(15860): updateDataType, mDataNetType: 13, isCAstate: false
12-09 09:51:59.660 D/NetWorkUtils(15860): is3GCalling is false,mCdmaSlot is 0
12-09 09:51:59.660 D/NetWorkUtils(15860): mVSimCurCardType is -1
12-09 09:51:59.661 D/NetWorkUtils(15860): mVSimCurCardType is -1
12-09 09:51:59.661 D/NetWorkUtils(15860): is3GCalling is false,mCdmaSlot is 0
12-09 09:51:59.661 D/NetWorkUtils(15860): mVSimCurCardType is -1
12-09 09:51:59.661 D/NetWorkUtils(15860): mVSimCurCardType is -1
12-09 09:51:59.661 D/NetWorkUtils(15860): is3GCalling is false,mCdmaSlot is 0
12-09 09:51:59.661 D/NetWorkUtils(15860): mVSimCurCardType is -1
12-09 09:51:59.662 D/NetWorkUtils(15860): mVSimCurCardType is -1
12-09 09:52:00.006 I/HwLauncher( 2743): Model  onReceive intent=Intent { act=android.intent.action.TIME_TICK flg=0x50200014 hwFlg=0x900 (has extras) }
12-09 09:52:00.006 I/HwLauncher( 2743): Model  onReceive user=UserHandle{0}
12-09 09:52:00.016 E/HwLauncher( 2743): SettingsEx , no such field.
12-09 09:52:00.016 W/HwLauncher( 2743): Clock getDataFormat the getSystemString failed.
12-09 09:52:00.090 E/DateView(15860): DateView,mCurrentTime: 1575856320090
12-09 09:52:00.120 I/EventCenter(15860): EventCenter Get :android.intent.action.TIME_TICK
12-09 09:52:00.120 W/ClockView1(15860):  action android.intent.action.TIME_TICK
12-09 09:52:00.120 W/ClockView1(15860):  action android.intent.action.TIME_TICK
12-09 09:52:00.122 E/ndroid.systemu(15860): No package ID ff found for ID 0xffffffff.
12-09 09:52:00.123 I/LocalCalendar(15860): CalendarId: 0001LocalCalender On
12-09 09:52:00.124 E/ndroid.systemu(15860): No package ID ff found for ID 0xffffffff.
12-09 09:52:00.124 I/LocalCalendar(15860): CalendarId: 0001LocalCalender On
12-09 09:52:00.125 E/ndroid.systemu(15860): No package ID ff found for ID 0xffffffff.
12-09 09:52:00.125 I/LocalCalendar(15860): CalendarId: 0001LocalCalender On
12-09 09:52:00.127 I/KeyguardStatusView(15860): Runnable for refresh
12-09 09:52:00.194 W/HwLauncher( 2743): FolderIcon drawSelectedLabel bitmap null
12-09 09:52:00.199 W/HwLauncher( 2743): FolderIcon drawSelectedLabel bitmap null
12-09 09:52:00.221 D/DateTimeView(15860): Change to single clock mode!
12-09 09:52:00.222 I/ColorPickUitls(15860): type = 2
12-09 09:52:00.222 D/HwKeyguardBottomArea(15860): RemoveDateTimeTopArea type:2
12-09 09:52:00.222 D/HwKeyguardBottomArea(15860): loadDateTimeArea type
12-09 09:52:00.222 D/HwKeyguardBottomArea(15860): removeLiftSensorView, threadname = main
12-09 09:52:00.222 D/DateTimeView(15860): Change to single clock mode!
12-09 09:52:00.223 I/ColorPickUitls(15860): type = 2
12-09 09:52:00.223 D/HwKeyguardBottomArea(15860): RemoveDateTimeTopArea type:2
12-09 09:52:00.223 D/HwKeyguardBottomArea(15860): loadDateTimeArea type
12-09 09:52:00.223 D/HwKeyguardBottomArea(15860): removeLiftSensorView, threadname = main
12-09 09:52:00.223 D/DateTimeView(15860): Change to single clock mode!
12-09 09:52:00.223 I/ColorPickUitls(15860): type = 2
12-09 09:52:00.223 D/HwKeyguardBottomArea(15860): RemoveDateTimeTopArea type:2
12-09 09:52:00.223 D/HwKeyguardBottomArea(15860): loadDateTimeArea type
12-09 09:52:00.223 D/HwKeyguardBottomArea(15860): removeLiftSensorView, threadname = main
12-09 09:52:00.658 D/NetworkController.MobileSignalController(0)(15860): mSimSubId:0 onDataActivity: direction=0
12-09 09:52:00.667 D/HwCustMobileSignalControllerImpl(15860): updateDataType, mDataNetType: 13, isCAstate: false
12-09 09:52:00.667 D/NetWorkUtils(15860): is3GCalling is false,mCdmaSlot is 0
12-09 09:52:00.667 D/NetWorkUtils(15860): mVSimCurCardType is -1
12-09 09:52:00.669 D/NetWorkUtils(15860): mVSimCurCardType is -1
12-09 09:52:00.669 D/NetWorkUtils(15860): is3GCalling is false,mCdmaSlot is 0
12-09 09:52:00.670 D/NetWorkUtils(15860): mVSimCurCardType is -1
12-09 09:52:00.670 D/NetWorkUtils(15860): mVSimCurCardType is -1
12-09 09:52:00.670 D/NetWorkUtils(15860): is3GCalling is false,mCdmaSlot is 0
12-09 09:52:00.670 D/NetWorkUtils(15860): mVSimCurCardType is -1
12-09 09:52:00.670 D/NetWorkUtils(15860): mVSimCurCardType is -1
12-09 09:52:01.608 I/chatty  ( 1275): uid=1000(system) Binder:1275_1A expire 9 lines
12-09 09:52:01.662 D/NetworkController.MobileSignalController(0)(15860): mSimSubId:0 onDataActivity: direction=2
12-09 09:52:01.670 D/HwCustMobileSignalControllerImpl(15860): updateDataType, mDataNetType: 13, isCAstate: false
12-09 09:52:01.670 D/NetWorkUtils(15860): is3GCalling is false,mCdmaSlot is 0
12-09 09:52:01.670 D/NetWorkUtils(15860): mVSimCurCardType is -1
12-09 09:52:01.671 D/NetWorkUtils(15860): mVSimCurCardType is -1
12-09 09:52:01.671 D/NetWorkUtils(15860): is3GCalling is false,mCdmaSlot is 0
12-09 09:52:01.671 D/NetWorkUtils(15860): mVSimCurCardType is -1
12-09 09:52:01.672 D/NetWorkUtils(15860): mVSimCurCardType is -1
12-09 09:52:01.672 D/NetWorkUtils(15860): is3GCalling is false,mCdmaSlot is 0
12-09 09:52:01.672 D/NetWorkUtils(15860): mVSimCurCardType is -1
12-09 09:52:01.672 D/NetWorkUtils(15860): mVSimCurCardType is -1
12-09 09:52:02.251 I/chatty  (   53): uid=0(root) migration/7 expire 6 lines
12-09 09:52:02.259 D/WorkerThreadMonitor( 2235): Kill MSF check result[ senderSize:0,sendInterval:101999,receiveInterval=2624,addCmdCount=2472
12-09 09:52:02.286 I/chatty  ( 1275): uid=1000(system) AlarmManager expire 9 lines
12-09 09:52:02.399 I/chatty  (   47): uid=0(root) migration/6 expire 5 lines
12-09 09:52:02.668 D/NetworkController.MobileSignalController(0)(15860): mSimSubId:0 onDataActivity: direction=0
12-09 09:52:02.676 D/HwCustMobileSignalControllerImpl(15860): updateDataType, mDataNetType: 13, isCAstate: false
12-09 09:52:02.676 D/NetWorkUtils(15860): is3GCalling is false,mCdmaSlot is 0
12-09 09:52:02.676 D/NetWorkUtils(15860): mVSimCurCardType is -1
12-09 09:52:02.677 D/NetWorkUtils(15860): mVSimCurCardType is -1
12-09 09:52:02.677 D/NetWorkUtils(15860): is3GCalling is false,mCdmaSlot is 0
12-09 09:52:02.677 D/NetWorkUtils(15860): mVSimCurCardType is -1
12-09 09:52:02.678 D/NetWorkUtils(15860): mVSimCurCardType is -1
12-09 09:52:02.678 D/NetWorkUtils(15860): is3GCalling is false,mCdmaSlot is 0
12-09 09:52:02.678 D/NetWorkUtils(15860): mVSimCurCardType is -1
12-09 09:52:02.678 D/NetWorkUtils(15860): mVSimCurCardType is -1
12-09 09:52:03.332 D/TelephonyManager( 2633): getCellLocation calling app is com.huawei.lbs
12-09 09:52:03.334 W/PhoneInterfaceManager( 2733): shouldBlockLocation running ...
12-09 09:52:03.334 I/PhoneInterfaceManager( 2733): shouldBlockLocation  ret:false
12-09 09:52:03.340 D/TelephonyManager( 2633): getAllCellInfo calling app is com.huawei.lbs
12-09 09:52:03.342 W/PhoneInterfaceManager( 2733): shouldBlockLocation running ...
12-09 09:52:03.342 I/PhoneInterfaceManager( 2733): shouldBlockLocation  ret:false
12-09 09:52:03.344 I/HwMobileSignalController(0)(15860): subId:0 phoneType:2 networktype:13 targetClass:3 masterLevel:4 slaveLevel:-1
12-09 09:52:03.348 I/chatty  ( 2685): uid=1000(system) Binder:2685_9 expire 11 lines
12-09 09:52:05.627 E/Thermal-daemon(  811): device current too high (0), during charging or current std is invalid. 
12-09 09:52:05.627 E/Thermal-daemon(  811): latest temp 19528 at 2019/12/9, 1h:52m:5s.
12-09 09:52:05.680 D/NetworkController.MobileSignalController(0)(15860): mSimSubId:0 onDataActivity: direction=2
12-09 09:52:05.686 D/HwCustMobileSignalControllerImpl(15860): updateDataType, mDataNetType: 13, isCAstate: false
12-09 09:52:05.686 D/NetWorkUtils(15860): is3GCalling is false,mCdmaSlot is 0
12-09 09:52:05.686 D/NetWorkUtils(15860): mVSimCurCardType is -1
12-09 09:52:05.687 D/NetWorkUtils(15860): mVSimCurCardType is -1
12-09 09:52:05.687 D/NetWorkUtils(15860): is3GCalling is false,mCdmaSlot is 0
12-09 09:52:05.687 D/NetWorkUtils(15860): mVSimCurCardType is -1
12-09 09:52:05.687 D/NetWorkUtils(15860): mVSimCurCardType is -1
12-09 09:52:05.687 D/NetWorkUtils(15860): is3GCalling is false,mCdmaSlot is 0
12-09 09:52:05.687 D/NetWorkUtils(15860): mVSimCurCardType is -1
12-09 09:52:05.688 D/NetWorkUtils(15860): mVSimCurCardType is -1
12-09 09:52:05.704 I/com.news_pro(19868): Starting profile saver IsSaveProfileNow end.
12-09 09:52:05.807 W/com.news_pro(19868): resources.arsc in APK '/data/app/com.tencent.news.lite-tqv4wKn35tMCmYGbmXjB1Q==/base.apk' is compressed.
12-09 09:52:05.960 W/com.news_pro(19868): resources.arsc in APK '/data/app/cn.com.dlong.tjapp-kKspzN569H8Pk8m6P1sxag==/base.apk' is compressed.
12-09 09:52:05.990 W/com.news_pro(19868): resources.arsc in APK '/data/app/com.sankuai.meituan-OfNPww1ft7e_KsvGvouHlA==/base.apk' is compressed.
12-09 09:52:06.197 W/com.news_pro(19868): resources.arsc in APK '/data/app/com.dianping.v1--MPxgtom7WkOhS6QCkFOQQ==/base.apk' is compressed.
12-09 09:52:06.459 W/com.news_pro(19868): resources.arsc in APK '/data/app/com.tencent.android.qqdownloader-jjegCbdhgogBd4J0fNOMRw==/base.apk' is compressed.
12-09 09:52:06.685 D/NetworkController.MobileSignalController(0)(15860): mSimSubId:0 onDataActivity: direction=3
12-09 09:52:06.690 D/HwCustMobileSignalControllerImpl(15860): updateDataType, mDataNetType: 13, isCAstate: false
12-09 09:52:06.690 D/NetWorkUtils(15860): is3GCalling is false,mCdmaSlot is 0
12-09 09:52:06.690 D/NetWorkUtils(15860): mVSimCurCardType is -1
12-09 09:52:06.691 D/NetWorkUtils(15860): mVSimCurCardType is -1
12-09 09:52:06.691 D/NetWorkUtils(15860): is3GCalling is false,mCdmaSlot is 0
12-09 09:52:06.691 D/NetWorkUtils(15860): mVSimCurCardType is -1
12-09 09:52:06.691 D/NetWorkUtils(15860): mVSimCurCardType is -1
12-09 09:52:06.691 D/NetWorkUtils(15860): is3GCalling is false,mCdmaSlot is 0
12-09 09:52:06.691 D/NetWorkUtils(15860): mVSimCurCardType is -1
12-09 09:52:06.691 D/NetWorkUtils(15860): mVSimCurCardType is -1
12-09 09:52:06.709 W/com.news_pro(19868): resources.arsc in APK '/data/app/com.tencent.qqlive-ac9EQxaZNoaplNZmgMK6ng==/base.apk' is compressed.
12-09 09:52:06.742 W/com.news_pro(19868): resources.arsc in APK '/data/app/com.tencent.mtt-GNME6BTq2y4cszVt9UXdmA==/base.apk' is compressed.
12-09 09:52:06.752 W/com.news_pro(19868): resources.arsc in APK '/data/app/com.xunmeng.pinduoduo-OCpra11-JfcV0kfDcbEIew==/base.apk' is compressed.
12-09 09:52:06.761 I/chatty  ( 1275): uid=1000(system) WifiService expire 6 lines
12-09 09:52:06.808 W/com.news_pro(19868): resources.arsc in APK '/data/app/com.ss.android.article.news-tyo-XQNPM55nKr0BexyOww==/base.apk' is compressed.
12-09 09:52:06.876 W/com.news_pro(19868): resources.arsc in APK '/data/app/com.ss.android.ugc.aweme-XIM5_XSDjvKdQUmE0S6LvA==/base.apk' is compressed.
12-09 09:52:06.965 W/com.news_pro(19868): resources.arsc in APK '/data/app/com.netease.newsreader.activity-LUw6vjC-qEw_ysc3awYVgw==/base.apk' is compressed.
12-09 09:52:07.201 W/com.news_pro(19868): resources.arsc in APK '/data/app/com.jingdong.app.mall-RIH-q4eaqIFwxMoGKnqBbw==/base.apk' is compressed.
12-09 09:52:07.289 W/com.news_pro(19868): resources.arsc in APK '/data/app/com.sina.weibo-JUbbJTCtTmZ3W1kZN8Kxjw==/base.apk' is compressed.
12-09 09:52:07.524 W/com.news_pro(19868): resources.arsc in APK '/data/app/com.eg.android.AlipayGphone-Ky2ZxNERW8Qsjkp_pZBlLg==/base.apk' is compressed.
12-09 09:52:07.537 W/com.news_pro(19868): resources.arsc in APK '/data/app/cn.wps.moffice_eng-Bp3Bfe5Wf5SbTRjENOof3w==/base.apk' is compressed.
12-09 09:52:07.632 I/chatty  ( 1275): uid=1000(system) Binder:1275_18 expire 10 lines
12-09 09:52:07.689 D/NetworkController.MobileSignalController(0)(15860): mSimSubId:0 onDataActivity: direction=0
12-09 09:52:07.694 D/HwCustMobileSignalControllerImpl(15860): updateDataType, mDataNetType: 13, isCAstate: false
12-09 09:52:07.694 D/NetWorkUtils(15860): is3GCalling is false,mCdmaSlot is 0
12-09 09:52:07.694 D/NetWorkUtils(15860): mVSimCurCardType is -1
12-09 09:52:07.695 D/NetWorkUtils(15860): mVSimCurCardType is -1
12-09 09:52:07.695 D/NetWorkUtils(15860): is3GCalling is false,mCdmaSlot is 0
12-09 09:52:07.695 D/NetWorkUtils(15860): mVSimCurCardType is -1
12-09 09:52:07.696 D/NetWorkUtils(15860): mVSimCurCardType is -1
12-09 09:52:07.696 D/NetWorkUtils(15860): is3GCalling is false,mCdmaSlot is 0
12-09 09:52:07.696 D/NetWorkUtils(15860): mVSimCurCardType is -1
12-09 09:52:07.696 D/NetWorkUtils(15860): mVSimCurCardType is -1
12-09 09:52:09.330 D/TelephonyManager( 2633): getCellLocation calling app is com.huawei.lbs
12-09 09:52:09.332 I/chatty  ( 1275): uid=1000 system_server expire 13 lines
12-09 09:52:09.333 W/PhoneInterfaceManager( 2733): shouldBlockLocation running ...
12-09 09:52:09.333 I/PhoneInterfaceManager( 2733): shouldBlockLocation  ret:false
12-09 09:52:09.338 D/TelephonyManager( 2633): getAllCellInfo calling app is com.huawei.lbs
12-09 09:52:09.341 W/PhoneInterfaceManager( 2733): shouldBlockLocation running ...
12-09 09:52:09.341 I/PhoneInterfaceManager( 2733): shouldBlockLocation  ret:false
12-09 09:52:09.346 I/chatty  (  632): uid=1000(system) HwBinder:632_1 expire 12 lines
12-09 09:52:09.347 I/HwMobileSignalController(0)(15860): subId:0 phoneType:2 networktype:13 targetClass:3 masterLevel:4 slaveLevel:-1
12-09 09:52:09.361 I/chatty  ( 1275): uid=1000(system) Binder:1275_D expire 14 lines
12-09 09:52:09.386 D/TelephonyManager( 2633): getAllCellInfo calling app is com.huawei.lbs
12-09 09:52:09.388 W/PhoneInterfaceManager( 2733): shouldBlockLocation running ...
12-09 09:52:09.388 I/PhoneInterfaceManager( 2733): shouldBlockLocation  ret:false
12-09 09:52:09.396 I/HwMobileSignalController(0)(15860): subId:0 phoneType:2 networktype:13 targetClass:3 masterLevel:4 slaveLevel:-1
12-09 09:52:09.622 I/SmartThreadExecutor(13993): handleMessage: start check 0
12-09 09:52:09.622 I/SmartThreadExecutor(13993): handleMessage: check end 0 -394 false
12-09 09:52:09.623 I/SmartThreadExecutor(13993): handleMessage: start check 1
12-09 09:52:09.623 I/SmartThreadExecutor(13993): handleMessage: check end 1 -394 false
12-09 09:52:10.105 D/HwLBSService( 2633): Cellbatching GpsSwitchOff :false
12-09 09:52:10.105 D/HwLBSService( 2633): isSupportCellBatching moudle:510
12-09 09:52:10.105 D/CellBatching( 2633): flushCellBatching
12-09 09:52:10.105 D/CellBatching.CellBatchingHardware( 2633): Get getIFusdLbsService service not null.
12-09 09:52:10.105 E/CellBatching.CellBatchingHardware( 2633): isDisConnect:false
12-09 09:52:10.107 I/FusionD_CellBatching(  840): (cellBatchingNetlinkCb:112):cmd[17].length[20]
12-09 09:52:10.107 I/FusionD_CellBatching(  840): (onCellBatchingChanged:152):send num[1]
12-09 09:52:10.107 D/CellBatching( 2633): onCellBatchingChanged!
12-09 09:52:10.108 D/CellBatching( 2633): send MSG_CELLBATCHING_CHANGED.
12-09 09:52:10.108 D/CellBatching( 2633): sendCellBatchingChanged
12-09 09:52:10.108 D/CellBatching( 2633): sendCellBatchingChanged Key:com.huawei.spaceservice, value:PendingIntent{617a829: android.os.BinderProxy@60547ae}
12-09 09:52:10.112 D/CellBatching( 2633): sendIntent to app.
12-09 09:52:10.113 D/CellBatching( 2633): resultCode:0
12-09 09:52:10.699 D/NetworkController.MobileSignalController(0)(15860): mSimSubId:0 onDataActivity: direction=2
12-09 09:52:10.707 D/HwCustMobileSignalControllerImpl(15860): updateDataType, mDataNetType: 13, isCAstate: false
12-09 09:52:10.707 D/NetWorkUtils(15860): is3GCalling is false,mCdmaSlot is 0
12-09 09:52:10.707 D/NetWorkUtils(15860): mVSimCurCardType is -1
12-09 09:52:10.708 D/NetWorkUtils(15860): mVSimCurCardType is -1
12-09 09:52:10.708 D/NetWorkUtils(15860): is3GCalling is false,mCdmaSlot is 0
12-09 09:52:10.708 D/NetWorkUtils(15860): mVSimCurCardType is -1
12-09 09:52:10.709 D/NetWorkUtils(15860): mVSimCurCardType is -1
12-09 09:52:10.709 D/NetWorkUtils(15860): is3GCalling is false,mCdmaSlot is 0
12-09 09:52:10.709 D/NetWorkUtils(15860): mVSimCurCardType is -1
12-09 09:52:10.709 D/NetWorkUtils(15860): mVSimCurCardType is -1
12-09 09:52:12.706 D/NetworkController.MobileSignalController(0)(15860): mSimSubId:0 onDataActivity: direction=0
12-09 09:52:12.714 D/HwCustMobileSignalControllerImpl(15860): updateDataType, mDataNetType: 13, isCAstate: false
12-09 09:52:12.715 D/NetWorkUtils(15860): is3GCalling is false,mCdmaSlot is 0
12-09 09:52:12.715 D/NetWorkUtils(15860): mVSimCurCardType is -1
12-09 09:52:12.715 D/NetWorkUtils(15860): mVSimCurCardType is -1
12-09 09:52:12.716 D/NetWorkUtils(15860): is3GCalling is false,mCdmaSlot is 0
12-09 09:52:12.716 D/NetWorkUtils(15860): mVSimCurCardType is -1
12-09 09:52:12.716 D/NetWorkUtils(15860): mVSimCurCardType is -1
12-09 09:52:12.716 D/NetWorkUtils(15860): is3GCalling is false,mCdmaSlot is 0
12-09 09:52:12.716 D/NetWorkUtils(15860): mVSimCurCardType is -1
12-09 09:52:12.716 D/NetWorkUtils(15860): mVSimCurCardType is -1
12-09 09:52:13.712 D/NetworkController.MobileSignalController(0)(15860): mSimSubId:0 onDataActivity: direction=2
12-09 09:52:13.719 D/HwCustMobileSignalControllerImpl(15860): updateDataType, mDataNetType: 13, isCAstate: false
12-09 09:52:13.720 D/NetWorkUtils(15860): is3GCalling is false,mCdmaSlot is 0
12-09 09:52:13.720 D/NetWorkUtils(15860): mVSimCurCardType is -1
12-09 09:52:13.720 D/NetWorkUtils(15860): mVSimCurCardType is -1
12-09 09:52:13.721 D/NetWorkUtils(15860): is3GCalling is false,mCdmaSlot is 0
12-09 09:52:13.721 D/NetWorkUtils(15860): mVSimCurCardType is -1
12-09 09:52:13.721 D/NetWorkUtils(15860): mVSimCurCardType is -1
12-09 09:52:13.721 D/NetWorkUtils(15860): is3GCalling is false,mCdmaSlot is 0
12-09 09:52:13.721 D/NetWorkUtils(15860): mVSimCurCardType is -1
12-09 09:52:13.721 D/NetWorkUtils(15860): mVSimCurCardType is -1
12-09 09:52:14.717 D/NetworkController.MobileSignalController(0)(15860): mSimSubId:0 onDataActivity: direction=0
12-09 09:52:14.726 D/HwCustMobileSignalControllerImpl(15860): updateDataType, mDataNetType: 13, isCAstate: false
12-09 09:52:14.726 D/NetWorkUtils(15860): is3GCalling is false,mCdmaSlot is 0
12-09 09:52:14.727 D/NetWorkUtils(15860): mVSimCurCardType is -1
12-09 09:52:14.727 D/NetWorkUtils(15860): mVSimCurCardType is -1
12-09 09:52:14.727 D/NetWorkUtils(15860): is3GCalling is false,mCdmaSlot is 0
12-09 09:52:14.727 D/NetWorkUtils(15860): mVSimCurCardType is -1
12-09 09:52:14.728 D/NetWorkUtils(15860): mVSimCurCardType is -1
12-09 09:52:14.728 D/NetWorkUtils(15860): is3GCalling is false,mCdmaSlot is 0
12-09 09:52:14.728 D/NetWorkUtils(15860): mVSimCurCardType is -1
12-09 09:52:14.728 D/NetWorkUtils(15860): mVSimCurCardType is -1
12-09 09:52:15.388 D/TelephonyManager( 2633): getCellLocation calling app is com.huawei.lbs
12-09 09:52:15.391 W/PhoneInterfaceManager( 2733): shouldBlockLocation running ...
12-09 09:52:15.391 I/PhoneInterfaceManager( 2733): shouldBlockLocation  ret:false
12-09 09:52:15.397 D/TelephonyManager( 2633): getAllCellInfo calling app is com.huawei.lbs
12-09 09:52:15.399 W/PhoneInterfaceManager( 2733): shouldBlockLocation running ...
12-09 09:52:15.399 I/PhoneInterfaceManager( 2733): shouldBlockLocation  ret:false
12-09 09:52:15.403 I/HwMobileSignalController(0)(15860): subId:0 phoneType:2 networktype:13 targetClass:3 masterLevel:4 slaveLevel:-1
12-09 09:52:17.023 W/[HwRecSys]HwRecSysAidlInterfaceStub(13570): doNotificationCollect -> the same notification return!
12-09 09:52:17.023 I/[HwRecSys]HwRecSysAidlInterfaceStub(13570): doNotificationCollect ->  finally remote Num - 1 !
12-09 09:52:17.087 D/NotificationEntryMgr(15860): updateNotification(StatusBarNotification(pkg=com.tencent.android.qqdownloader user=UserHandle{0} id=127 tag=null key=0|com.tencent.android.qqdownloader|127|null|10161: Notification(channel=channel_id_default_silent pri=2 contentView=com.tencent.android.qqdownloader/0x7f040196 vibrate=null sound=null defaults=0x0 flags=0xa2 color=0x00000000 vis=PRIVATE)))
12-09 09:52:17.093 I/NotificationInflation2(15860): start: entry=229177019
12-09 09:52:17.094 I/GlobalContext(15860): Runnable for SerialExecutor
12-09 09:52:17.094 I/NotificationInflation4(15860): doInBackground is begin
12-09 09:52:17.096 I/HwNotificationEx(15860): new HwNotificationEx
12-09 09:52:17.096 I/HwNotificationEx(15860): isPureColorIcon
12-09 09:52:17.096 I/HwNotificationEx(15860): mHWColorUtil is null get it agin
12-09 09:52:17.096 I/HwNotificationEx(15860): isPureColorIcon
12-09 09:52:17.096 I/NotificationInflation5(15860): doInBackground is end
12-09 09:52:17.096 W/NotificationViewHierarchyManager(15860): updateNotificationShade activeNotificationSize=32;hasFaceDT: false; Detected:false
12-09 09:52:17.123 I/NotificationInflation2(15860): finish: entry=229177019
12-09 09:52:17.123 I/NotificationInflation3(15860): start: entry=229177019
12-09 09:52:17.157 I/NotificationInflation3(15860): finish: entry=229177019
12-09 09:52:19.065 I/DataSrv-10.3.0.301-O-1115-17:51-WatchMan( 9305): message come: 0
12-09 09:52:19.067 I/DataSrv-10.3.0.301-O-1115-17:51-WatchMan( 9305): processStateMachineCheck
12-09 09:52:19.067 I/DataSrv-10.3.0.301-O-1115-17:51-VSimManager( 9305): handleEvent async
12-09 09:52:19.067 I/DataSrv-10.3.0.301-O-1115-17:51-StateManager( 9305): handleEvent prepare[36]: HEART_BEAT
12-09 09:52:19.068 I/DataSrv-10.3.0.301-O-1115-17:51-StateManager( 9305): handleEvent run: HEART_BEAT
12-09 09:52:19.068 I/DataSrv-10.3.0.301-O-1115-17:51-StateManager( 9305): handleEvent end: HEART_BEAT
12-09 09:52:19.068 I/DataSrv-10.3.0.301-O-1115-17:51-WatchMan( 9305): onHeartBeat
12-09 09:52:19.134 I/chatty  ( 2665): uid=1000(system) HwWifiStatStore expire 3 lines
12-09 09:52:19.165 I/chatty  (20206): uid=0(root) expire 1 line
12-09 09:52:19.179 I/chatty  (20207): uid=0(root) expire 1 line
12-09 09:52:20.689 I/chatty  ( 1275): uid=1000(system) android.bg expire 1 line
12-09 09:52:21.391 D/TelephonyManager( 2633): getCellLocation calling app is com.huawei.lbs
12-09 09:52:21.393 W/PhoneInterfaceManager( 2733): shouldBlockLocation running ...
12-09 09:52:21.394 I/PhoneInterfaceManager( 2733): shouldBlockLocation  ret:false
12-09 09:52:21.400 D/TelephonyManager( 2633): getAllCellInfo calling app is com.huawei.lbs
12-09 09:52:21.402 W/PhoneInterfaceManager( 2733): shouldBlockLocation running ...
12-09 09:52:21.402 I/PhoneInterfaceManager( 2733): shouldBlockLocation  ret:false
12-09 09:52:21.405 I/chatty  ( 2685): uid=1000(system) Binder:2685_9 expire 12 lines
12-09 09:52:21.406 I/chatty  (  632): uid=1000(system) HwBinder:632_1 expire 18 lines
12-09 09:52:21.412 I/HwMobileSignalController(0)(15860): subId:0 phoneType:2 networktype:13 targetClass:3 masterLevel:4 slaveLevel:-1
12-09 09:52:21.455 W/mars::20210(10416): type=1400 audit(0.0:789857): avc: granted { create } for name="1575856341331" scontext=u:r:untrusted_app:s0:c151,c256,c512,c768 tcontext=u:object_r:sdcardfs:s0:c151,c256,c512,c768 tclass=file
12-09 09:52:21.523 W/[GT]HandlerThre(10416): type=1400 audit(0.0:789858): avc: granted { create } for name="2c" scontext=u:r:untrusted_app:s0:c151,c256,c512,c768 tcontext=u:object_r:sdcardfs:s0:c151,c256,c512,c768 tclass=dir
12-09 09:52:21.523 W/[GT]HandlerThre(10416): type=1400 audit(0.0:789859): avc: granted { create } for name=".nomedia" scontext=u:r:untrusted_app:s0:c151,c256,c512,c768 tcontext=u:object_r:sdcardfs:s0:c151,c256,c512,c768 tclass=file
12-09 09:52:21.527 W/[GT]HandlerThre(10416): type=1400 audit(0.0:789860): avc: granted { create } for name="th_112c9df9ea841768cef89483e5de3b8a.tmp" scontext=u:r:untrusted_app:s0:c151,c256,c512,c768 tcontext=u:object_r:sdcardfs:s0:c151,c256,c512,c768 tclass=file
12-09 09:52:21.539 W/[GT]HandlerThre(10416): type=1400 audit(0.0:789861): avc: granted { create } for name="th_112c9df9ea841768cef89483e5de3b8a" scontext=u:r:untrusted_app:s0:c151,c256,c512,c768 tcontext=u:object_r:sdcardfs:s0:c151,c256,c512,c768 tclass=file
12-09 09:52:21.738 D/NetworkController.MobileSignalController(0)(15860): mSimSubId:0 onDataActivity: direction=3
12-09 09:52:21.745 D/HwCustMobileSignalControllerImpl(15860): updateDataType, mDataNetType: 13, isCAstate: false
12-09 09:52:21.746 D/NetWorkUtils(15860): is3GCalling is false,mCdmaSlot is 0
12-09 09:52:21.746 D/NetWorkUtils(15860): mVSimCurCardType is -1
12-09 09:52:21.746 D/NetWorkUtils(15860): mVSimCurCardType is -1
12-09 09:52:21.746 D/NetWorkUtils(15860): is3GCalling is false,mCdmaSlot is 0
12-09 09:52:21.746 D/NetWorkUtils(15860): mVSimCurCardType is -1
12-09 09:52:21.746 D/NetWorkUtils(15860): mVSimCurCardType is -1
12-09 09:52:21.746 D/NetWorkUtils(15860): is3GCalling is false,mCdmaSlot is 0
12-09 09:52:21.746 D/NetWorkUtils(15860): mVSimCurCardType is -1
12-09 09:52:21.746 D/NetWorkUtils(15860): mVSimCurCardType is -1
12-09 09:52:22.084 D/TelephonyManager(10416): getAllCellInfo calling app is com.tencent.mm
12-09 09:52:22.086 W/PhoneInterfaceManager( 2733): shouldBlockLocation running ...
12-09 09:52:22.091 I/PhoneInterfaceManager( 2733): shouldBlockLocation  ret:false
12-09 09:52:22.604 I/HwLauncher( 2743): LauncherProvider launcher call - method:setAppBadgeCount arg:null extras:[app_shortcut_custom_id=null][app_shortcut_class_name=com.tencent.mm.ui.LauncherUI][app_badge_count=4] uid =10151 pid =10416
12-09 09:52:22.606 I/HwLauncher( 2743): LauncherProvider launcher call - method:setAppBadgeCount arg:null extras:[app_shortcut_custom_id=[shortcut_7ec380c3abc29cc394c2ba324cc2abc395c28ec2b1c29f7462c2b31562c2ba]][app_shortcut_class_name=com.tencent.mm.ui.LauncherUI][app_badge_count=32] uid =10151 pid =10416
12-09 09:52:23.003 I/chatty  (20211): uid=0(root) expire 1 line
12-09 09:52:23.748 D/NetworkController.MobileSignalController(0)(15860): mSimSubId:0 onDataActivity: direction=0
12-09 09:52:23.757 D/HwCustMobileSignalControllerImpl(15860): updateDataType, mDataNetType: 13, isCAstate: false
12-09 09:52:23.758 D/NetWorkUtils(15860): is3GCalling is false,mCdmaSlot is 0
